[0.020s] Invoking command in '/root/build/orb_slam3_map_generator': AMENT_PREFIX_PATH=/root/install/slam_msgs:${AMENT_PREFIX_PATH} CMAKE_PREFIX_PATH=/root/install/slam_msgs:/root/colcon_ws/install/orb_slam3_ros2_wrapper:/root/colcon_ws/install/orb_slam3_map_generator:/root/colcon_ws/install/slam_msgs:/opt/ros/humble LD_LIBRARY_PATH=/root/install/slam_msgs/lib:${LD_LIBRARY_PATH} PYTHONPATH=/root/install/slam_msgs/local/lib/python3.10/dist-packages:${PYTHONPATH} /usr/bin/cmake --build /root/build/orb_slam3_map_generator -- -j24 -l24
[0.053s] [0mBuild type: Release[0m
[0.053s] -- Found ament_cmake_auto: 1.3.11 (/opt/ros/humble/share/ament_cmake_auto/cmake)
[0.115s] -- Override CMake install command with custom implementation using symlinks instead of copying resources
[0.120s] -- Found rclcpp: 16.0.11 (/opt/ros/humble/share/rclcpp/cmake)
[0.133s] -- Found rosidl_generator_c: 3.1.6 (/opt/ros/humble/share/rosidl_generator_c/cmake)
[0.134s] -- Found rosidl_adapter: 3.1.6 (/opt/ros/humble/share/rosidl_adapter/cmake)
[0.136s] -- Found rosidl_generator_cpp: 3.1.6 (/opt/ros/humble/share/rosidl_generator_cpp/cmake)
[0.141s] -- Using all available rosidl_typesupport_c: rosidl_typesupport_fastrtps_c;rosidl_typesupport_introspection_c
[0.146s] -- Using all available rosidl_typesupport_cpp: rosidl_typesupport_fastrtps_cpp;rosidl_typesupport_introspection_cpp
[0.161s] -- Found rmw_implementation_cmake: 6.1.2 (/opt/ros/humble/share/rmw_implementation_cmake/cmake)
[0.161s] -- Found rmw_fastrtps_cpp: 6.2.7 (/opt/ros/humble/share/rmw_fastrtps_cpp/cmake)
[0.226s] -- Using RMW implementation 'rmw_fastrtps_cpp' as default
[0.248s] -- Found sensor_msgs: 4.2.4 (/opt/ros/humble/share/sensor_msgs/cmake)
[0.272s] -- Found cv_bridge: 3.2.1 (/opt/ros/humble/share/cv_bridge/cmake)
[0.286s] -- Found message_filters: 4.3.5 (/opt/ros/humble/share/message_filters/cmake)
[0.301s] -- Found tf2_ros: 0.25.12 (/opt/ros/humble/share/tf2_ros/cmake)
[0.361s] -- Found tf2_eigen: 0.25.12 (/opt/ros/humble/share/tf2_eigen/cmake)
[0.363s] -- Found tf2_geometry_msgs: 0.25.12 (/opt/ros/humble/share/tf2_geometry_msgs/cmake)
[0.366s] -- Found eigen3_cmake_module: 0.1.1 (/opt/ros/humble/share/eigen3_cmake_module/cmake)
[0.367s] -- Ensuring Eigen3 include directory is part of orocos-kdl CMake target
[0.368s] -- Found slam_msgs: 1.0.0 (/root/install/slam_msgs/share/slam_msgs/cmake)
[0.377s] -- Found nav_msgs: 4.2.4 (/opt/ros/humble/share/nav_msgs/cmake)
[0.387s] -- Found std_srvs: 4.2.4 (/opt/ros/humble/share/std_srvs/cmake)
[0.396s] -- Found image_transport: 3.1.10 (/opt/ros/humble/share/image_transport/cmake)
[0.409s] -- Found tf2_sensor_msgs: 0.25.12 (/opt/ros/humble/share/tf2_sensor_msgs/cmake)
[0.411s] -- Found pcl_conversions: 2.4.5 (/opt/ros/humble/share/pcl_conversions/cmake)
[0.432s] -- Eigen found (include: /usr/include/eigen3, version: 3.4.0)
[0.451s] -- FLANN found (include: /usr/include, lib: /usr/lib/x86_64-linux-gnu/libflann_cpp.so)
[0.668s] -- OpenNI found (version: 1.5.4.0, include: /usr/include/ni, lib: /usr/lib/libOpenNI.so;libusb::libusb)
[0.673s] -- OpenNI2 found (version: 2.2.0.33, include: /usr/include/openni2, lib: /usr/lib/x86_64-linux-gnu/libOpenNI2.so;libusb::libusb)
[0.749s] -- Eigen found (include: /usr/include/eigen3, version: 3.4.0)
[0.753s] -- OpenNI found (version: 1.5.4.0, include: /usr/include/ni, lib: /usr/lib/libOpenNI.so;libusb::libusb)
[0.758s] -- OpenNI2 found (version: 2.2.0.33, include: /usr/include/openni2, lib: /usr/lib/x86_64-linux-gnu/libOpenNI2.so;libusb::libusb)
[0.825s] -- Found Qhull version 8.0.2
[0.899s] -- OpenNI found (version: 1.5.4.0, include: /usr/include/ni, lib: /usr/lib/libOpenNI.so;libusb::libusb)
[0.973s] [33mCMake Warning (dev) at CMakeLists.txt:39 (find_package):
[0.973s]   Policy CMP0074 is not set: find_package uses <PackageName>_ROOT variables.
[0.973s]   Run "cmake --help-policy CMP0074" for policy details.  Use the cmake_policy
[0.973s]   command to set the policy and suppress this warning.
[0.973s] 
[0.973s]   CMake variable PCL_ROOT is set to:
[0.973s] 
[0.973s]     /usr
[0.973s] 
[0.973s]   For compatibility, CMake is ignoring the variable.
[0.973s] This warning is for project developers.  Use -Wno-dev to suppress it.
[0.973s] [0m
[1.028s] -- Configuring done
[1.118s] -- Generating done
[1.120s] -- Build files have been written to: /root/build/orb_slam3_map_generator
[1.141s] [35m[1mConsolidate compiler generated dependencies of target color_pcl[0m
[1.141s] [35m[1mConsolidate compiler generated dependencies of target get_landmarks_simulator[0m
[1.141s] [35m[1mConsolidate compiler generated dependencies of target pointcloud_stitcher[0m
[1.180s] [ 33%] [32mBuilding CXX object CMakeFiles/get_landmarks_simulator.dir/src/get_landmarks_simulator.cpp.o[0m
[1.180s] [ 33%] [32mBuilding CXX object CMakeFiles/color_pcl.dir/src/color_pcl.cpp.o[0m
[1.216s] [ 50%] [32mBuilding CXX object CMakeFiles/pointcloud_stitcher.dir/src/stitch_pcl.cpp.o[0m
[1.575s] In file included from [01m[K/root/colcon_ws/src/orb_slam3_map_generator/src/stitch_pcl.cpp:10[m[K:
[1.575s] [01m[K/opt/ros/humble/include/tf2_eigen/tf2_eigen/tf2_eigen.h:32:2:[m[K [01;35m[Kwarning: [m[K#warning This header is obsolete, please include tf2_eigen/tf2_eigen.hpp instead [[01;35m[K-Wcpp[m[K]
[1.575s]    32 | #[01;35m[Kwarning[m[K This header is obsolete, please include tf2_eigen/tf2_eigen.hpp instead
[1.575s]       |  [01;35m[K^~~~~~~[m[K
[3.247s] [01m[K/root/colcon_ws/src/orb_slam3_map_generator/src/get_landmarks_simulator.cpp:[m[K In member function ‘[01m[Kvoid MapPointsNode::handleGetLandmarksInView(std::shared_ptr<slam_msgs::srv::GetLandmarksInView_Request_<std::allocator<void> > >, std::shared_ptr<slam_msgs::srv::GetLandmarksInView_Response_<std::allocator<void> > >)[m[K’:
[3.247s] [01m[K/root/colcon_ws/src/orb_slam3_map_generator/src/get_landmarks_simulator.cpp:157:20:[m[K [01;35m[Kwarning: [m[Kunused variable ‘[01m[Kdz[m[K’ [[01;35m[K-Wunused-variable[m[K]
[3.247s]   157 |             double [01;35m[Kdz[m[K = map_point.position.z - pose_z;
[3.247s]       |                    [01;35m[K^~[m[K
[4.646s] [01m[K/root/colcon_ws/src/orb_slam3_map_generator/src/stitch_pcl.cpp:[m[K In constructor ‘[01m[KPosePointCloudCollector::PosePointCloudCollector()[m[K’:
[4.646s] [01m[K/root/colcon_ws/src/orb_slam3_map_generator/src/stitch_pcl.cpp:335:12:[m[K [01;35m[Kwarning: [m[K‘[01m[KPosePointCloudCollector::buffer_duration_[m[K’ will be initialized after [[01;35m[K-Wreorder[m[K]
[4.646s]   335 |     double [01;35m[Kbuffer_duration_[m[K;
[4.646s]       |            [01;35m[K^~~~~~~~~~~~~~~~[m[K
[4.646s] [01m[K/root/colcon_ws/src/orb_slam3_map_generator/src/stitch_pcl.cpp:330:21:[m[K [01;35m[Kwarning: [m[K  ‘[01m[Ktf2_ros::Buffer PosePointCloudCollector::tf_buffer_[m[K’ [[01;35m[K-Wreorder[m[K]
[4.646s]   330 |     tf2_ros::Buffer [01;35m[Ktf_buffer_[m[K;
[4.646s]       |                     [01;35m[K^~~~~~~~~~[m[K
[4.646s] [01m[K/root/colcon_ws/src/orb_slam3_map_generator/src/stitch_pcl.cpp:29:5:[m[K [01;35m[Kwarning: [m[K  when initialized here [[01;35m[K-Wreorder[m[K]
[4.646s]    29 |     [01;35m[KPosePointCloudCollector[m[K()
[4.647s]       |     [01;35m[K^~~~~~~~~~~~~~~~~~~~~~~[m[K
[8.562s] [ 66%] [32m[1mLinking CXX executable get_landmarks_simulator[0m
[8.886s] [ 66%] Built target get_landmarks_simulator
[12.285s] [ 83%] [32m[1mLinking CXX executable color_pcl[0m
[12.474s] /usr/bin/ld: warning: libopencv_imgcodecs.so.4.5d, needed by /opt/ros/humble/lib/libcv_bridge.so, may conflict with libopencv_imgcodecs.so.4.4
[12.474s] /usr/bin/ld: warning: libopencv_core.so.4.5d, needed by /opt/ros/humble/lib/libcv_bridge.so, may conflict with libopencv_core.so.4.4
[12.691s] [ 83%] Built target color_pcl
[12.958s] [100%] [32m[1mLinking CXX executable pointcloud_stitcher[0m
[13.334s] [100%] Built target pointcloud_stitcher
