[0.010s] Invoking command in '/root/build/orb_slam3_ros2_wrapper': AMENT_PREFIX_PATH=/root/install/slam_msgs:${AMENT_PREFIX_PATH} CMAKE_PREFIX_PATH=/root/install/slam_msgs:/root/colcon_ws/install/orb_slam3_ros2_wrapper:/root/colcon_ws/install/orb_slam3_map_generator:/root/colcon_ws/install/slam_msgs:/root/colcon_ws/install/orb_slam3_navigator:/opt/ros/humble LD_LIBRARY_PATH=/root/install/slam_msgs/lib:${LD_LIBRARY_PATH} PYTHONPATH=/root/install/slam_msgs/local/lib/python3.10/dist-packages:${PYTHONPATH} /usr/bin/cmake /root/colcon_ws/src/orb_slam3_ros2_wrapper -DAMENT_CMAKE_SYMLINK_INSTALL=1 -DCMAKE_INSTALL_PREFIX=/root/install/orb_slam3_ros2_wrapper
[0.022s] [0mBuild type: Release[0m
[0.022s] -- Found ament_cmake_auto: 1.3.10 (/opt/ros/humble/share/ament_cmake_auto/cmake)
[0.138s] -- Override CMake install command with custom implementation using symlinks instead of copying resources
[0.146s] -- Found rclcpp: 16.0.10 (/opt/ros/humble/share/rclcpp/cmake)
[0.176s] -- Found rosidl_generator_c: 3.1.5 (/opt/ros/humble/share/rosidl_generator_c/cmake)
[0.179s] -- Found rosidl_adapter: 3.1.5 (/opt/ros/humble/share/rosidl_adapter/cmake)
[0.185s] -- Found rosidl_generator_cpp: 3.1.5 (/opt/ros/humble/share/rosidl_generator_cpp/cmake)
[0.195s] -- Using all available rosidl_typesupport_c: rosidl_typesupport_fastrtps_c;rosidl_typesupport_introspection_c
[0.208s] -- Using all available rosidl_typesupport_cpp: rosidl_typesupport_fastrtps_cpp;rosidl_typesupport_introspection_cpp
[0.244s] -- Found rmw_implementation_cmake: 6.1.2 (/opt/ros/humble/share/rmw_implementation_cmake/cmake)
[0.245s] -- Found rmw_fastrtps_cpp: 6.2.7 (/opt/ros/humble/share/rmw_fastrtps_cpp/cmake)
[0.362s] -- Using RMW implementation 'rmw_fastrtps_cpp' as default
[0.414s] -- Found sensor_msgs: 4.2.4 (/opt/ros/humble/share/sensor_msgs/cmake)
[0.445s] -- Found cv_bridge: 3.2.1 (/opt/ros/humble/share/cv_bridge/cmake)
[0.450s] -- Found message_filters: 4.3.5 (/opt/ros/humble/share/message_filters/cmake)
[0.458s] -- Found tf2_ros: 0.25.7 (/opt/ros/humble/share/tf2_ros/cmake)
[0.541s] -- Found tf2_eigen: 0.25.7 (/opt/ros/humble/share/tf2_eigen/cmake)
[0.544s] -- Found slam_msgs: 1.0.0 (/root/colcon_ws/install/slam_msgs/share/slam_msgs/cmake)
[0.563s] -- Found nav_msgs: 4.2.4 (/opt/ros/humble/share/nav_msgs/cmake)
[0.579s] -- Found tf2_geometry_msgs: 0.25.7 (/opt/ros/humble/share/tf2_geometry_msgs/cmake)
[0.582s] -- Found eigen3_cmake_module: 0.1.1 (/opt/ros/humble/share/eigen3_cmake_module/cmake)
[0.583s] -- Found Eigen3: TRUE (found version "3.4.0") 
[0.583s] -- Ensuring Eigen3 include directory is part of orocos-kdl CMake target
[0.628s] -- FLANN found (include: /usr/include, lib: /usr/lib/x86_64-linux-gnu/libflann_cpp.so)
[0.820s] -- Found Eigen3: /usr/include/eigen3 (found version "3.4.0") 
[0.931s] -- OpenNI found (version: 1.5.4.0, include: /usr/include/ni, lib: /usr/lib/libOpenNI.so;libusb::libusb)
[0.938s] -- OpenNI2 found (version: 2.2.0.33, include: /usr/include/openni2, lib: /usr/lib/x86_64-linux-gnu/libOpenNI2.so;libusb::libusb)
[0.939s] [0m** WARNING ** io features related to pcap will be disabled[0m
[1.096s] -- OpenNI found (version: 1.5.4.0, include: /usr/include/ni, lib: /usr/lib/libOpenNI.so;libusb::libusb)
[1.102s] -- OpenNI2 found (version: 2.2.0.33, include: /usr/include/openni2, lib: /usr/lib/x86_64-linux-gnu/libOpenNI2.so;libusb::libusb)
[1.239s] -- Found Qhull version 8.0.2
[1.381s] -- OpenNI found (version: 1.5.4.0, include: /usr/include/ni, lib: /usr/lib/libOpenNI.so;libusb::libusb)
[1.534s] -- looking for PCL_COMMON
[1.534s] -- looking for PCL_KDTREE
[1.534s] -- looking for PCL_OCTREE
[1.535s] -- looking for PCL_SEARCH
[1.535s] -- looking for PCL_SAMPLE_CONSENSUS
[1.536s] -- looking for PCL_FILTERS
[1.536s] -- looking for PCL_2D
[1.536s] -- looking for PCL_GEOMETRY
[1.537s] -- looking for PCL_IO
[1.537s] -- looking for PCL_FEATURES
[1.537s] -- looking for PCL_ML
[1.538s] -- looking for PCL_SEGMENTATION
[1.538s] -- looking for PCL_VISUALIZATION
[1.539s] -- looking for PCL_SURFACE
[1.539s] -- looking for PCL_REGISTRATION
[1.540s] -- looking for PCL_KEYPOINTS
[1.540s] -- looking for PCL_TRACKING
[1.541s] -- looking for PCL_RECOGNITION
[1.541s] -- looking for PCL_STEREO
[1.541s] -- looking for PCL_APPS
[1.542s] -- looking for PCL_IN_HAND_SCANNER
[1.543s] -- looking for PCL_MODELER
[1.543s] -- looking for PCL_POINT_CLOUD_EDITOR
[1.543s] -- looking for PCL_OUTOFCORE
[1.543s] -- looking for PCL_PEOPLE
[1.545s] -- Found pcl_ros: 2.4.5 (/opt/ros/humble/share/pcl_ros/cmake)
[1.619s] [33mCMake Warning at CMakeLists.txt:109 (find_package):
[1.619s]   By not providing "Findgtest.cmake" in CMAKE_MODULE_PATH this project has
[1.619s]   asked CMake to find a package configuration file provided by "gtest", but
[1.619s]   CMake did not find one.
[1.619s] 
[1.619s]   Could not find a package configuration file provided by "gtest" with any of
[1.619s]   the following names:
[1.619s] 
[1.619s]     gtestConfig.cmake
[1.619s]     gtest-config.cmake
[1.619s] 
[1.619s]   Add the installation prefix of "gtest" to CMAKE_PREFIX_PATH or set
[1.620s]   "gtest_DIR" to a directory containing one of the above files.  If "gtest"
[1.620s]   provides a separate development package or SDK, be sure it has been
[1.620s]   installed.
[1.620s] 
[1.620s] [0m
[1.620s] -- Found ament_cmake_gtest: 1.3.10 (/opt/ros/humble/share/ament_cmake_gtest/cmake)
[1.620s] -- Found gtest sources under '/opt/ros/humble/src/gtest_vendor': C++ tests using 'Google Test' will be built
[1.704s] -- Configuring done
[1.715s] [31mCMake Error at CMakeLists.txt:93 (add_executable):
[1.715s]   Cannot find source file:
[1.715s] 
[1.715s]     src/orb_slam3_multi_map_fusion.cpp
[1.715s] 
[1.715s]   Tried extensions .c .C .c++ .cc .cpp .cxx .cu .mpp .m .M .mm .ixx .cppm .h
[1.715s]   .hh .h++ .hm .hpp .hxx .in .txx .f .F .for .f77 .f90 .f95 .f03 .hip .ispc
[1.715s] 
[1.715s] [0m
[1.719s] [31mCMake Error at CMakeLists.txt:93 (add_executable):
[1.719s]   No SOURCES given to target: orb_slam3_multi_map_fusion
[1.719s] 
[1.719s] [0m
[1.719s] [0mCMake Generate step failed.  Build files cannot be regenerated correctly.[0m
[1.734s] Invoked command in '/root/build/orb_slam3_ros2_wrapper' returned '1': AMENT_PREFIX_PATH=/root/install/slam_msgs:${AMENT_PREFIX_PATH} CMAKE_PREFIX_PATH=/root/install/slam_msgs:/root/colcon_ws/install/orb_slam3_ros2_wrapper:/root/colcon_ws/install/orb_slam3_map_generator:/root/colcon_ws/install/slam_msgs:/root/colcon_ws/install/orb_slam3_navigator:/opt/ros/humble LD_LIBRARY_PATH=/root/install/slam_msgs/lib:${LD_LIBRARY_PATH} PYTHONPATH=/root/install/slam_msgs/local/lib/python3.10/dist-packages:${PYTHONPATH} /usr/bin/cmake /root/colcon_ws/src/orb_slam3_ros2_wrapper -DAMENT_CMAKE_SYMLINK_INSTALL=1 -DCMAKE_INSTALL_PREFIX=/root/install/orb_slam3_ros2_wrapper
