[0.046s] DEBUG:colcon:Command line arguments: ['/usr/bin/colcon', 'build', '--symlink-install']
[0.047s] DEBUG:colcon:Parsed command line arguments: Namespace(log_base=None, log_level=None, verb_name='build', build_base='build', install_base='install', merge_install=False, symlink_install=True, test_result_base=None, continue_on_error=False, executor='parallel', parallel_workers=24, event_handlers=None, ignore_user_meta=False, metas=['./colcon.meta'], base_paths=['.'], packages_ignore=None, packages_ignore_regex=None, paths=None, packages_up_to=None, packages_up_to_regex=None, packages_above=None, packages_above_and_dependencies=None, packages_above_depth=None, packages_select_by_dep=None, packages_skip_by_dep=None, packages_skip_up_to=None, packages_select_build_failed=False, packages_skip_build_finished=False, packages_select_test_failures=False, packages_skip_test_passed=False, packages_select=None, packages_skip=None, packages_select_regex=None, packages_skip_regex=None, packages_start=None, packages_end=None, cmake_args=None, cmake_target=None, cmake_target_skip_unavailable=False, cmake_clean_cache=False, cmake_clean_first=False, cmake_force_configure=False, ament_cmake_args=None, catkin_cmake_args=None, catkin_skip_building_tests=False, mixin_files=None, mixin=None, verb_parser=<colcon_mixin.mixin.mixin_argument.MixinArgumentDecorator object at 0x70d8e737eef0>, verb_extension=<colcon_core.verb.build.BuildVerb object at 0x70d8e737e920>, main=<bound method BuildVerb.main of <colcon_core.verb.build.BuildVerb object at 0x70d8e737e920>>, mixin_verb=('build',))
[0.204s] Level 1:colcon.colcon_core.package_discovery:discover_packages(colcon_meta) check parameters
[0.204s] Level 1:colcon.colcon_core.package_discovery:discover_packages(recursive) check parameters
[0.204s] Level 1:colcon.colcon_core.package_discovery:discover_packages(ignore) check parameters
[0.204s] Level 1:colcon.colcon_core.package_discovery:discover_packages(path) check parameters
[0.204s] Level 1:colcon.colcon_core.package_discovery:discover_packages(colcon_meta) discover
[0.204s] Level 1:colcon.colcon_core.package_discovery:discover_packages(recursive) discover
[0.204s] INFO:colcon.colcon_core.package_discovery:Crawling recursively for packages in '/root'
[0.204s] Level 1:colcon.colcon_core.package_identification:_identify(.) by extensions ['ignore', 'ignore_ament_install']
[0.204s] Level 1:colcon.colcon_core.package_identification:_identify(.) by extension 'ignore'
[0.205s] Level 1:colcon.colcon_core.package_identification:_identify(.) by extension 'ignore_ament_install'
[0.205s] Level 1:colcon.colcon_core.package_identification:_identify(.) by extensions ['colcon_pkg']
[0.205s] Level 1:colcon.colcon_core.package_identification:_identify(.) by extension 'colcon_pkg'
[0.205s] Level 1:colcon.colcon_core.package_identification:_identify(.) by extensions ['colcon_meta']
[0.205s] Level 1:colcon.colcon_core.package_identification:_identify(.) by extension 'colcon_meta'
[0.205s] Level 1:colcon.colcon_core.package_identification:_identify(.) by extensions ['ros']
[0.205s] Level 1:colcon.colcon_core.package_identification:_identify(.) by extension 'ros'
[0.216s] Level 1:colcon.colcon_core.package_identification:_identify(.) by extensions ['cmake', 'python']
[0.216s] Level 1:colcon.colcon_core.package_identification:_identify(.) by extension 'cmake'
[0.216s] Level 1:colcon.colcon_core.package_identification:_identify(.) by extension 'python'
[0.216s] Level 1:colcon.colcon_core.package_identification:_identify(.) by extensions ['python_setup_py']
[0.216s] Level 1:colcon.colcon_core.package_identification:_identify(.) by extension 'python_setup_py'
[0.216s] Level 1:colcon.colcon_core.package_identification:_identify(build) by extensions ['ignore', 'ignore_ament_install']
[0.216s] Level 1:colcon.colcon_core.package_identification:_identify(build) by extension 'ignore'
[0.216s] Level 1:colcon.colcon_core.package_identification:_identify(build) ignored
[0.216s] Level 1:colcon.colcon_core.package_identification:_identify(colcon_ws) by extensions ['ignore', 'ignore_ament_install']
[0.217s] Level 1:colcon.colcon_core.package_identification:_identify(colcon_ws) by extension 'ignore'
[0.217s] Level 1:colcon.colcon_core.package_identification:_identify(colcon_ws) by extension 'ignore_ament_install'
[0.217s] Level 1:colcon.colcon_core.package_identification:_identify(colcon_ws) by extensions ['colcon_pkg']
[0.217s] Level 1:colcon.colcon_core.package_identification:_identify(colcon_ws) by extension 'colcon_pkg'
[0.217s] Level 1:colcon.colcon_core.package_identification:_identify(colcon_ws) by extensions ['colcon_meta']
[0.217s] Level 1:colcon.colcon_core.package_identification:_identify(colcon_ws) by extension 'colcon_meta'
[0.217s] Level 1:colcon.colcon_core.package_identification:_identify(colcon_ws) by extensions ['ros']
[0.217s] Level 1:colcon.colcon_core.package_identification:_identify(colcon_ws) by extension 'ros'
[0.217s] Level 1:colcon.colcon_core.package_identification:_identify(colcon_ws) by extensions ['cmake', 'python']
[0.217s] Level 1:colcon.colcon_core.package_identification:_identify(colcon_ws) by extension 'cmake'
[0.217s] Level 1:colcon.colcon_core.package_identification:_identify(colcon_ws) by extension 'python'
[0.217s] Level 1:colcon.colcon_core.package_identification:_identify(colcon_ws) by extensions ['python_setup_py']
[0.217s] Level 1:colcon.colcon_core.package_identification:_identify(colcon_ws) by extension 'python_setup_py'
[0.217s] Level 1:colcon.colcon_core.package_identification:_identify(colcon_ws/build) by extensions ['ignore', 'ignore_ament_install']
[0.217s] Level 1:colcon.colcon_core.package_identification:_identify(colcon_ws/build) by extension 'ignore'
[0.217s] Level 1:colcon.colcon_core.package_identification:_identify(colcon_ws/build) ignored
[0.217s] Level 1:colcon.colcon_core.package_identification:_identify(colcon_ws/install) by extensions ['ignore', 'ignore_ament_install']
[0.217s] Level 1:colcon.colcon_core.package_identification:_identify(colcon_ws/install) by extension 'ignore'
[0.217s] Level 1:colcon.colcon_core.package_identification:_identify(colcon_ws/install) ignored
[0.217s] Level 1:colcon.colcon_core.package_identification:_identify(colcon_ws/log) by extensions ['ignore', 'ignore_ament_install']
[0.217s] Level 1:colcon.colcon_core.package_identification:_identify(colcon_ws/log) by extension 'ignore'
[0.217s] Level 1:colcon.colcon_core.package_identification:_identify(colcon_ws/log) ignored
[0.217s] Level 1:colcon.colcon_core.package_identification:_identify(colcon_ws/src) by extensions ['ignore', 'ignore_ament_install']
[0.217s] Level 1:colcon.colcon_core.package_identification:_identify(colcon_ws/src) by extension 'ignore'
[0.217s] Level 1:colcon.colcon_core.package_identification:_identify(colcon_ws/src) by extension 'ignore_ament_install'
[0.217s] Level 1:colcon.colcon_core.package_identification:_identify(colcon_ws/src) by extensions ['colcon_pkg']
[0.217s] Level 1:colcon.colcon_core.package_identification:_identify(colcon_ws/src) by extension 'colcon_pkg'
[0.217s] Level 1:colcon.colcon_core.package_identification:_identify(colcon_ws/src) by extensions ['colcon_meta']
[0.217s] Level 1:colcon.colcon_core.package_identification:_identify(colcon_ws/src) by extension 'colcon_meta'
[0.217s] Level 1:colcon.colcon_core.package_identification:_identify(colcon_ws/src) by extensions ['ros']
[0.217s] Level 1:colcon.colcon_core.package_identification:_identify(colcon_ws/src) by extension 'ros'
[0.217s] Level 1:colcon.colcon_core.package_identification:_identify(colcon_ws/src) by extensions ['cmake', 'python']
[0.217s] Level 1:colcon.colcon_core.package_identification:_identify(colcon_ws/src) by extension 'cmake'
[0.217s] Level 1:colcon.colcon_core.package_identification:_identify(colcon_ws/src) by extension 'python'
[0.217s] Level 1:colcon.colcon_core.package_identification:_identify(colcon_ws/src) by extensions ['python_setup_py']
[0.217s] Level 1:colcon.colcon_core.package_identification:_identify(colcon_ws/src) by extension 'python_setup_py'
[0.217s] Level 1:colcon.colcon_core.package_identification:_identify(colcon_ws/src/orb_slam3_map_generator) by extensions ['ignore', 'ignore_ament_install']
[0.217s] Level 1:colcon.colcon_core.package_identification:_identify(colcon_ws/src/orb_slam3_map_generator) by extension 'ignore'
[0.217s] Level 1:colcon.colcon_core.package_identification:_identify(colcon_ws/src/orb_slam3_map_generator) by extension 'ignore_ament_install'
[0.218s] Level 1:colcon.colcon_core.package_identification:_identify(colcon_ws/src/orb_slam3_map_generator) by extensions ['colcon_pkg']
[0.218s] Level 1:colcon.colcon_core.package_identification:_identify(colcon_ws/src/orb_slam3_map_generator) by extension 'colcon_pkg'
[0.218s] Level 1:colcon.colcon_core.package_identification:_identify(colcon_ws/src/orb_slam3_map_generator) by extensions ['colcon_meta']
[0.218s] Level 1:colcon.colcon_core.package_identification:_identify(colcon_ws/src/orb_slam3_map_generator) by extension 'colcon_meta'
[0.218s] Level 1:colcon.colcon_core.package_identification:_identify(colcon_ws/src/orb_slam3_map_generator) by extensions ['ros']
[0.218s] Level 1:colcon.colcon_core.package_identification:_identify(colcon_ws/src/orb_slam3_map_generator) by extension 'ros'
[0.220s] DEBUG:colcon.colcon_core.package_identification:Package 'colcon_ws/src/orb_slam3_map_generator' with type 'ros.ament_cmake' and name 'orb_slam3_map_generator'
[0.220s] Level 1:colcon.colcon_core.package_identification:_identify(colcon_ws/src/orb_slam3_ros2_wrapper) by extensions ['ignore', 'ignore_ament_install']
[0.220s] Level 1:colcon.colcon_core.package_identification:_identify(colcon_ws/src/orb_slam3_ros2_wrapper) by extension 'ignore'
[0.220s] Level 1:colcon.colcon_core.package_identification:_identify(colcon_ws/src/orb_slam3_ros2_wrapper) by extension 'ignore_ament_install'
[0.220s] Level 1:colcon.colcon_core.package_identification:_identify(colcon_ws/src/orb_slam3_ros2_wrapper) by extensions ['colcon_pkg']
[0.220s] Level 1:colcon.colcon_core.package_identification:_identify(colcon_ws/src/orb_slam3_ros2_wrapper) by extension 'colcon_pkg'
[0.220s] Level 1:colcon.colcon_core.package_identification:_identify(colcon_ws/src/orb_slam3_ros2_wrapper) by extensions ['colcon_meta']
[0.220s] Level 1:colcon.colcon_core.package_identification:_identify(colcon_ws/src/orb_slam3_ros2_wrapper) by extension 'colcon_meta'
[0.220s] Level 1:colcon.colcon_core.package_identification:_identify(colcon_ws/src/orb_slam3_ros2_wrapper) by extensions ['ros']
[0.220s] Level 1:colcon.colcon_core.package_identification:_identify(colcon_ws/src/orb_slam3_ros2_wrapper) by extension 'ros'
[0.221s] DEBUG:colcon.colcon_core.package_identification:Package 'colcon_ws/src/orb_slam3_ros2_wrapper' with type 'ros.ament_cmake' and name 'orb_slam3_ros2_wrapper'
[0.221s] Level 1:colcon.colcon_core.package_identification:_identify(colcon_ws/src/slam_msgs) by extensions ['ignore', 'ignore_ament_install']
[0.221s] Level 1:colcon.colcon_core.package_identification:_identify(colcon_ws/src/slam_msgs) by extension 'ignore'
[0.221s] Level 1:colcon.colcon_core.package_identification:_identify(colcon_ws/src/slam_msgs) by extension 'ignore_ament_install'
[0.221s] Level 1:colcon.colcon_core.package_identification:_identify(colcon_ws/src/slam_msgs) by extensions ['colcon_pkg']
[0.221s] Level 1:colcon.colcon_core.package_identification:_identify(colcon_ws/src/slam_msgs) by extension 'colcon_pkg'
[0.221s] Level 1:colcon.colcon_core.package_identification:_identify(colcon_ws/src/slam_msgs) by extensions ['colcon_meta']
[0.221s] Level 1:colcon.colcon_core.package_identification:_identify(colcon_ws/src/slam_msgs) by extension 'colcon_meta'
[0.221s] Level 1:colcon.colcon_core.package_identification:_identify(colcon_ws/src/slam_msgs) by extensions ['ros']
[0.221s] Level 1:colcon.colcon_core.package_identification:_identify(colcon_ws/src/slam_msgs) by extension 'ros'
[0.222s] DEBUG:colcon.colcon_core.package_identification:Package 'colcon_ws/src/slam_msgs' with type 'ros.ament_cmake' and name 'slam_msgs'
[0.222s] Level 1:colcon.colcon_core.package_identification:_identify(fusion) by extensions ['ignore', 'ignore_ament_install']
[0.222s] Level 1:colcon.colcon_core.package_identification:_identify(fusion) by extension 'ignore'
[0.222s] Level 1:colcon.colcon_core.package_identification:_identify(fusion) by extension 'ignore_ament_install'
[0.222s] Level 1:colcon.colcon_core.package_identification:_identify(fusion) by extensions ['colcon_pkg']
[0.222s] Level 1:colcon.colcon_core.package_identification:_identify(fusion) by extension 'colcon_pkg'
[0.222s] Level 1:colcon.colcon_core.package_identification:_identify(fusion) by extensions ['colcon_meta']
[0.222s] Level 1:colcon.colcon_core.package_identification:_identify(fusion) by extension 'colcon_meta'
[0.222s] Level 1:colcon.colcon_core.package_identification:_identify(fusion) by extensions ['ros']
[0.222s] Level 1:colcon.colcon_core.package_identification:_identify(fusion) by extension 'ros'
[0.222s] Level 1:colcon.colcon_core.package_identification:_identify(fusion) by extensions ['cmake', 'python']
[0.222s] Level 1:colcon.colcon_core.package_identification:_identify(fusion) by extension 'cmake'
[0.222s] Level 1:colcon.colcon_core.package_identification:_identify(fusion) by extension 'python'
[0.222s] Level 1:colcon.colcon_core.package_identification:_identify(fusion) by extensions ['python_setup_py']
[0.222s] Level 1:colcon.colcon_core.package_identification:_identify(fusion) by extension 'python_setup_py'
[0.222s] Level 1:colcon.colcon_core.package_identification:_identify(install) by extensions ['ignore', 'ignore_ament_install']
[0.222s] Level 1:colcon.colcon_core.package_identification:_identify(install) by extension 'ignore'
[0.222s] Level 1:colcon.colcon_core.package_identification:_identify(install) ignored
[0.222s] Level 1:colcon.colcon_core.package_identification:_identify(log) by extensions ['ignore', 'ignore_ament_install']
[0.222s] Level 1:colcon.colcon_core.package_identification:_identify(log) by extension 'ignore'
[0.222s] Level 1:colcon.colcon_core.package_identification:_identify(log) ignored
[0.222s] Level 1:colcon.colcon_core.package_identification:_identify(shell_scripts) by extensions ['ignore', 'ignore_ament_install']
[0.222s] Level 1:colcon.colcon_core.package_identification:_identify(shell_scripts) by extension 'ignore'
[0.222s] Level 1:colcon.colcon_core.package_identification:_identify(shell_scripts) by extension 'ignore_ament_install'
[0.222s] Level 1:colcon.colcon_core.package_identification:_identify(shell_scripts) by extensions ['colcon_pkg']
[0.222s] Level 1:colcon.colcon_core.package_identification:_identify(shell_scripts) by extension 'colcon_pkg'
[0.222s] Level 1:colcon.colcon_core.package_identification:_identify(shell_scripts) by extensions ['colcon_meta']
[0.222s] Level 1:colcon.colcon_core.package_identification:_identify(shell_scripts) by extension 'colcon_meta'
[0.222s] Level 1:colcon.colcon_core.package_identification:_identify(shell_scripts) by extensions ['ros']
[0.222s] Level 1:colcon.colcon_core.package_identification:_identify(shell_scripts) by extension 'ros'
[0.222s] Level 1:colcon.colcon_core.package_identification:_identify(shell_scripts) by extensions ['cmake', 'python']
[0.222s] Level 1:colcon.colcon_core.package_identification:_identify(shell_scripts) by extension 'cmake'
[0.222s] Level 1:colcon.colcon_core.package_identification:_identify(shell_scripts) by extension 'python'
[0.222s] Level 1:colcon.colcon_core.package_identification:_identify(shell_scripts) by extensions ['python_setup_py']
[0.222s] Level 1:colcon.colcon_core.package_identification:_identify(shell_scripts) by extension 'python_setup_py'
[0.222s] Level 1:colcon.colcon_core.package_discovery:discover_packages(recursive) using defaults
[0.222s] Level 1:colcon.colcon_core.package_discovery:discover_packages(ignore) discover
[0.222s] Level 1:colcon.colcon_core.package_discovery:discover_packages(ignore) using defaults
[0.222s] Level 1:colcon.colcon_core.package_discovery:discover_packages(path) discover
[0.222s] Level 1:colcon.colcon_core.package_discovery:discover_packages(path) using defaults
[0.237s] Level 5:colcon.colcon_core.verb:set package 'slam_msgs' build argument 'cmake_args' from command line to 'None'
[0.237s] Level 5:colcon.colcon_core.verb:set package 'slam_msgs' build argument 'cmake_target' from command line to 'None'
[0.237s] Level 5:colcon.colcon_core.verb:set package 'slam_msgs' build argument 'cmake_target_skip_unavailable' from command line to 'False'
[0.237s] Level 5:colcon.colcon_core.verb:set package 'slam_msgs' build argument 'cmake_clean_cache' from command line to 'False'
[0.237s] Level 5:colcon.colcon_core.verb:set package 'slam_msgs' build argument 'cmake_clean_first' from command line to 'False'
[0.237s] Level 5:colcon.colcon_core.verb:set package 'slam_msgs' build argument 'cmake_force_configure' from command line to 'False'
[0.237s] Level 5:colcon.colcon_core.verb:set package 'slam_msgs' build argument 'ament_cmake_args' from command line to 'None'
[0.237s] Level 5:colcon.colcon_core.verb:set package 'slam_msgs' build argument 'catkin_cmake_args' from command line to 'None'
[0.237s] Level 5:colcon.colcon_core.verb:set package 'slam_msgs' build argument 'catkin_skip_building_tests' from command line to 'False'
[0.237s] DEBUG:colcon.colcon_core.verb:Building package 'slam_msgs' with the following arguments: {'ament_cmake_args': None, 'build_base': '/root/build/slam_msgs', 'catkin_cmake_args': None, 'catkin_skip_building_tests': False, 'cmake_args': None, 'cmake_clean_cache': False, 'cmake_clean_first': False, 'cmake_force_configure': False, 'cmake_target': None, 'cmake_target_skip_unavailable': False, 'install_base': '/root/install/slam_msgs', 'merge_install': False, 'path': '/root/colcon_ws/src/slam_msgs', 'symlink_install': True, 'test_result_base': None}
[0.237s] Level 5:colcon.colcon_core.verb:set package 'orb_slam3_map_generator' build argument 'cmake_args' from command line to 'None'
[0.237s] Level 5:colcon.colcon_core.verb:set package 'orb_slam3_map_generator' build argument 'cmake_target' from command line to 'None'
[0.237s] Level 5:colcon.colcon_core.verb:set package 'orb_slam3_map_generator' build argument 'cmake_target_skip_unavailable' from command line to 'False'
[0.237s] Level 5:colcon.colcon_core.verb:set package 'orb_slam3_map_generator' build argument 'cmake_clean_cache' from command line to 'False'
[0.237s] Level 5:colcon.colcon_core.verb:set package 'orb_slam3_map_generator' build argument 'cmake_clean_first' from command line to 'False'
[0.237s] Level 5:colcon.colcon_core.verb:set package 'orb_slam3_map_generator' build argument 'cmake_force_configure' from command line to 'False'
[0.237s] Level 5:colcon.colcon_core.verb:set package 'orb_slam3_map_generator' build argument 'ament_cmake_args' from command line to 'None'
[0.237s] Level 5:colcon.colcon_core.verb:set package 'orb_slam3_map_generator' build argument 'catkin_cmake_args' from command line to 'None'
[0.237s] Level 5:colcon.colcon_core.verb:set package 'orb_slam3_map_generator' build argument 'catkin_skip_building_tests' from command line to 'False'
[0.237s] DEBUG:colcon.colcon_core.verb:Building package 'orb_slam3_map_generator' with the following arguments: {'ament_cmake_args': None, 'build_base': '/root/build/orb_slam3_map_generator', 'catkin_cmake_args': None, 'catkin_skip_building_tests': False, 'cmake_args': None, 'cmake_clean_cache': False, 'cmake_clean_first': False, 'cmake_force_configure': False, 'cmake_target': None, 'cmake_target_skip_unavailable': False, 'install_base': '/root/install/orb_slam3_map_generator', 'merge_install': False, 'path': '/root/colcon_ws/src/orb_slam3_map_generator', 'symlink_install': True, 'test_result_base': None}
[0.237s] Level 5:colcon.colcon_core.verb:set package 'orb_slam3_ros2_wrapper' build argument 'cmake_args' from command line to 'None'
[0.237s] Level 5:colcon.colcon_core.verb:set package 'orb_slam3_ros2_wrapper' build argument 'cmake_target' from command line to 'None'
[0.237s] Level 5:colcon.colcon_core.verb:set package 'orb_slam3_ros2_wrapper' build argument 'cmake_target_skip_unavailable' from command line to 'False'
[0.237s] Level 5:colcon.colcon_core.verb:set package 'orb_slam3_ros2_wrapper' build argument 'cmake_clean_cache' from command line to 'False'
[0.237s] Level 5:colcon.colcon_core.verb:set package 'orb_slam3_ros2_wrapper' build argument 'cmake_clean_first' from command line to 'False'
[0.237s] Level 5:colcon.colcon_core.verb:set package 'orb_slam3_ros2_wrapper' build argument 'cmake_force_configure' from command line to 'False'
[0.237s] Level 5:colcon.colcon_core.verb:set package 'orb_slam3_ros2_wrapper' build argument 'ament_cmake_args' from command line to 'None'
[0.237s] Level 5:colcon.colcon_core.verb:set package 'orb_slam3_ros2_wrapper' build argument 'catkin_cmake_args' from command line to 'None'
[0.237s] Level 5:colcon.colcon_core.verb:set package 'orb_slam3_ros2_wrapper' build argument 'catkin_skip_building_tests' from command line to 'False'
[0.237s] DEBUG:colcon.colcon_core.verb:Building package 'orb_slam3_ros2_wrapper' with the following arguments: {'ament_cmake_args': None, 'build_base': '/root/build/orb_slam3_ros2_wrapper', 'catkin_cmake_args': None, 'catkin_skip_building_tests': False, 'cmake_args': None, 'cmake_clean_cache': False, 'cmake_clean_first': False, 'cmake_force_configure': False, 'cmake_target': None, 'cmake_target_skip_unavailable': False, 'install_base': '/root/install/orb_slam3_ros2_wrapper', 'merge_install': False, 'path': '/root/colcon_ws/src/orb_slam3_ros2_wrapper', 'symlink_install': True, 'test_result_base': None}
[0.237s] INFO:colcon.colcon_core.executor:Executing jobs using 'parallel' executor
[0.238s] DEBUG:colcon.colcon_parallel_executor.executor.parallel:run_until_complete
[0.238s] INFO:colcon.colcon_ros.task.ament_cmake.build:Building ROS package in '/root/colcon_ws/src/slam_msgs' with build type 'ament_cmake'
[0.239s] INFO:colcon.colcon_cmake.task.cmake.build:Building CMake package in '/root/colcon_ws/src/slam_msgs'
[0.243s] INFO:colcon.colcon_core.plugin_system:Skipping extension 'colcon_core.shell.bat': Not used on non-Windows systems
[0.243s] INFO:colcon.colcon_core.shell:Skip shell extension 'powershell' for command environment: Not usable outside of PowerShell
[0.243s] DEBUG:colcon.colcon_core.shell:Skip shell extension 'dsv' for command environment
[0.252s] DEBUG:colcon.colcon_core.event_handler.log_command:Invoking command in '/root/build/slam_msgs': CMAKE_PREFIX_PATH=${CMAKE_PREFIX_PATH}:/opt/ros/humble /usr/bin/cmake --build /root/build/slam_msgs -- -j24 -l24
[2.428s] DEBUG:colcon.colcon_core.event_handler.log_command:Invoked command in '/root/build/slam_msgs' returned '0': CMAKE_PREFIX_PATH=${CMAKE_PREFIX_PATH}:/opt/ros/humble /usr/bin/cmake --build /root/build/slam_msgs -- -j24 -l24
[2.540s] DEBUG:colcon.colcon_core.event_handler.log_command:Invoking command in '/root/build/slam_msgs': CMAKE_PREFIX_PATH=${CMAKE_PREFIX_PATH}:/opt/ros/humble /usr/bin/cmake --install /root/build/slam_msgs
[2.651s] Level 1:colcon.colcon_core.environment:create_environment_scripts_only(slam_msgs)
[2.651s] DEBUG:colcon.colcon_core.event_handler.log_command:Invoked command in '/root/build/slam_msgs' returned '0': CMAKE_PREFIX_PATH=${CMAKE_PREFIX_PATH}:/opt/ros/humble /usr/bin/cmake --install /root/build/slam_msgs
[2.657s] Level 1:colcon.colcon_core.environment:checking '/root/install/slam_msgs' for CMake module files
[2.658s] Level 1:colcon.colcon_core.environment:checking '/root/install/slam_msgs' for CMake config files
[2.658s] Level 1:colcon.colcon_core.shell:create_environment_hook('slam_msgs', 'cmake_prefix_path')
[2.658s] INFO:colcon.colcon_core.shell:Creating environment hook '/root/install/slam_msgs/share/slam_msgs/hook/cmake_prefix_path.ps1'
[2.659s] INFO:colcon.colcon_core.shell:Creating environment descriptor '/root/install/slam_msgs/share/slam_msgs/hook/cmake_prefix_path.dsv'
[2.659s] INFO:colcon.colcon_core.shell:Creating environment hook '/root/install/slam_msgs/share/slam_msgs/hook/cmake_prefix_path.sh'
[2.660s] Level 1:colcon.colcon_core.environment:checking '/root/install/slam_msgs/lib'
[2.660s] Level 1:colcon.colcon_core.shell:create_environment_hook('slam_msgs', 'ld_library_path_lib')
[2.660s] INFO:colcon.colcon_core.shell:Creating environment hook '/root/install/slam_msgs/share/slam_msgs/hook/ld_library_path_lib.ps1'
[2.660s] INFO:colcon.colcon_core.shell:Creating environment descriptor '/root/install/slam_msgs/share/slam_msgs/hook/ld_library_path_lib.dsv'
[2.660s] INFO:colcon.colcon_core.shell:Creating environment hook '/root/install/slam_msgs/share/slam_msgs/hook/ld_library_path_lib.sh'
[2.660s] Level 1:colcon.colcon_core.environment:checking '/root/install/slam_msgs/bin'
[2.660s] Level 1:colcon.colcon_core.environment:checking '/root/install/slam_msgs/lib/pkgconfig/slam_msgs.pc'
[2.661s] Level 1:colcon.colcon_core.environment:checking '/root/install/slam_msgs/lib/python3.10/site-packages'
[2.662s] Level 1:colcon.colcon_core.environment:checking '/root/install/slam_msgs/bin'
[2.662s] INFO:colcon.colcon_core.shell:Creating package script '/root/install/slam_msgs/share/slam_msgs/package.ps1'
[2.663s] INFO:colcon.colcon_core.shell:Creating package descriptor '/root/install/slam_msgs/share/slam_msgs/package.dsv'
[2.663s] INFO:colcon.colcon_core.shell:Creating package script '/root/install/slam_msgs/share/slam_msgs/package.sh'
[2.664s] INFO:colcon.colcon_core.shell:Creating package script '/root/install/slam_msgs/share/slam_msgs/package.bash'
[2.664s] INFO:colcon.colcon_core.shell:Creating package script '/root/install/slam_msgs/share/slam_msgs/package.zsh'
[2.665s] Level 1:colcon.colcon_core.environment:create_file_with_runtime_dependencies(/root/install/slam_msgs/share/colcon-core/packages/slam_msgs)
[2.775s] Level 1:colcon.colcon_core.environment:create_environment_scripts_only(slam_msgs)
[2.775s] Level 1:colcon.colcon_core.environment:checking '/root/install/slam_msgs' for CMake module files
[2.776s] Level 1:colcon.colcon_core.environment:checking '/root/install/slam_msgs' for CMake config files
[2.776s] Level 1:colcon.colcon_core.shell:create_environment_hook('slam_msgs', 'cmake_prefix_path')
[2.776s] INFO:colcon.colcon_core.shell:Creating environment hook '/root/install/slam_msgs/share/slam_msgs/hook/cmake_prefix_path.ps1'
[2.776s] INFO:colcon.colcon_core.shell:Creating environment descriptor '/root/install/slam_msgs/share/slam_msgs/hook/cmake_prefix_path.dsv'
[2.776s] INFO:colcon.colcon_core.shell:Creating environment hook '/root/install/slam_msgs/share/slam_msgs/hook/cmake_prefix_path.sh'
[2.777s] Level 1:colcon.colcon_core.environment:checking '/root/install/slam_msgs/lib'
[2.777s] Level 1:colcon.colcon_core.shell:create_environment_hook('slam_msgs', 'ld_library_path_lib')
[2.777s] INFO:colcon.colcon_core.shell:Creating environment hook '/root/install/slam_msgs/share/slam_msgs/hook/ld_library_path_lib.ps1'
[2.777s] INFO:colcon.colcon_core.shell:Creating environment descriptor '/root/install/slam_msgs/share/slam_msgs/hook/ld_library_path_lib.dsv'
[2.777s] INFO:colcon.colcon_core.shell:Creating environment hook '/root/install/slam_msgs/share/slam_msgs/hook/ld_library_path_lib.sh'
[2.777s] Level 1:colcon.colcon_core.environment:checking '/root/install/slam_msgs/bin'
[2.777s] Level 1:colcon.colcon_core.environment:checking '/root/install/slam_msgs/lib/pkgconfig/slam_msgs.pc'
[2.777s] Level 1:colcon.colcon_core.environment:checking '/root/install/slam_msgs/lib/python3.10/site-packages'
[2.777s] Level 1:colcon.colcon_core.environment:checking '/root/install/slam_msgs/bin'
[2.778s] INFO:colcon.colcon_core.shell:Creating package script '/root/install/slam_msgs/share/slam_msgs/package.ps1'
[2.778s] INFO:colcon.colcon_core.shell:Creating package descriptor '/root/install/slam_msgs/share/slam_msgs/package.dsv'
[2.778s] INFO:colcon.colcon_core.shell:Creating package script '/root/install/slam_msgs/share/slam_msgs/package.sh'
[2.778s] INFO:colcon.colcon_core.shell:Creating package script '/root/install/slam_msgs/share/slam_msgs/package.bash'
[2.778s] INFO:colcon.colcon_core.shell:Creating package script '/root/install/slam_msgs/share/slam_msgs/package.zsh'
[2.778s] Level 1:colcon.colcon_core.environment:create_file_with_runtime_dependencies(/root/install/slam_msgs/share/colcon-core/packages/slam_msgs)
[2.779s] INFO:colcon.colcon_ros.task.ament_cmake.build:Building ROS package in '/root/colcon_ws/src/orb_slam3_map_generator' with build type 'ament_cmake'
[2.779s] INFO:colcon.colcon_cmake.task.cmake.build:Building CMake package in '/root/colcon_ws/src/orb_slam3_map_generator'
[2.779s] INFO:colcon.colcon_core.shell:Skip shell extension 'powershell' for command environment: Not usable outside of PowerShell
[2.779s] DEBUG:colcon.colcon_core.shell:Skip shell extension 'dsv' for command environment
[2.781s] INFO:colcon.colcon_ros.task.ament_cmake.build:Building ROS package in '/root/colcon_ws/src/orb_slam3_ros2_wrapper' with build type 'ament_cmake'
[2.781s] INFO:colcon.colcon_cmake.task.cmake.build:Building CMake package in '/root/colcon_ws/src/orb_slam3_ros2_wrapper'
[2.781s] INFO:colcon.colcon_core.shell:Skip shell extension 'powershell' for command environment: Not usable outside of PowerShell
[2.781s] DEBUG:colcon.colcon_core.shell:Skip shell extension 'dsv' for command environment
[2.797s] DEBUG:colcon.colcon_core.event_handler.log_command:Invoking command in '/root/build/orb_slam3_ros2_wrapper': AMENT_PREFIX_PATH=/root/install/slam_msgs:${AMENT_PREFIX_PATH} CMAKE_PREFIX_PATH=/root/install/slam_msgs:/root/colcon_ws/install/orb_slam3_ros2_wrapper:/root/colcon_ws/install/orb_slam3_map_generator:/root/colcon_ws/install/slam_msgs:/opt/ros/humble LD_LIBRARY_PATH=/root/install/slam_msgs/lib:${LD_LIBRARY_PATH} PYTHONPATH=/root/install/slam_msgs/local/lib/python3.10/dist-packages:${PYTHONPATH} /usr/bin/cmake --build /root/build/orb_slam3_ros2_wrapper -- -j24 -l24
[2.799s] DEBUG:colcon.colcon_core.event_handler.log_command:Invoking command in '/root/build/orb_slam3_map_generator': AMENT_PREFIX_PATH=/root/install/slam_msgs:${AMENT_PREFIX_PATH} CMAKE_PREFIX_PATH=/root/install/slam_msgs:/root/colcon_ws/install/orb_slam3_ros2_wrapper:/root/colcon_ws/install/orb_slam3_map_generator:/root/colcon_ws/install/slam_msgs:/opt/ros/humble LD_LIBRARY_PATH=/root/install/slam_msgs/lib:${LD_LIBRARY_PATH} PYTHONPATH=/root/install/slam_msgs/local/lib/python3.10/dist-packages:${PYTHONPATH} /usr/bin/cmake --build /root/build/orb_slam3_map_generator -- -j24 -l24
[4.382s] DEBUG:colcon.colcon_core.event_handler.log_command:Invoked command in '/root/build/orb_slam3_ros2_wrapper' returned '2': AMENT_PREFIX_PATH=/root/install/slam_msgs:${AMENT_PREFIX_PATH} CMAKE_PREFIX_PATH=/root/install/slam_msgs:/root/colcon_ws/install/orb_slam3_ros2_wrapper:/root/colcon_ws/install/orb_slam3_map_generator:/root/colcon_ws/install/slam_msgs:/opt/ros/humble LD_LIBRARY_PATH=/root/install/slam_msgs/lib:${LD_LIBRARY_PATH} PYTHONPATH=/root/install/slam_msgs/local/lib/python3.10/dist-packages:${PYTHONPATH} /usr/bin/cmake --build /root/build/orb_slam3_ros2_wrapper -- -j24 -l24
[4.404s] Level 1:colcon.colcon_core.environment:create_environment_scripts_only(orb_slam3_ros2_wrapper)
[4.404s] Level 1:colcon.colcon_core.environment:checking '/root/install/orb_slam3_ros2_wrapper' for CMake module files
[4.404s] Level 1:colcon.colcon_core.environment:checking '/root/install/orb_slam3_ros2_wrapper' for CMake config files
[4.405s] Level 1:colcon.colcon_core.environment:checking '/root/install/orb_slam3_ros2_wrapper/bin'
[4.405s] Level 1:colcon.colcon_core.environment:checking '/root/install/orb_slam3_ros2_wrapper/lib/pkgconfig/orb_slam3_ros2_wrapper.pc'
[4.405s] Level 1:colcon.colcon_core.environment:checking '/root/install/orb_slam3_ros2_wrapper/lib/python3.10/site-packages'
[4.405s] Level 1:colcon.colcon_core.environment:checking '/root/install/orb_slam3_ros2_wrapper/bin'
[4.405s] INFO:colcon.colcon_core.shell:Creating package script '/root/install/orb_slam3_ros2_wrapper/share/orb_slam3_ros2_wrapper/package.ps1'
[4.405s] INFO:colcon.colcon_core.shell:Creating package descriptor '/root/install/orb_slam3_ros2_wrapper/share/orb_slam3_ros2_wrapper/package.dsv'
[4.406s] INFO:colcon.colcon_core.shell:Creating package script '/root/install/orb_slam3_ros2_wrapper/share/orb_slam3_ros2_wrapper/package.sh'
[4.406s] INFO:colcon.colcon_core.shell:Creating package script '/root/install/orb_slam3_ros2_wrapper/share/orb_slam3_ros2_wrapper/package.bash'
[4.406s] INFO:colcon.colcon_core.shell:Creating package script '/root/install/orb_slam3_ros2_wrapper/share/orb_slam3_ros2_wrapper/package.zsh'
[4.406s] Level 1:colcon.colcon_core.environment:create_file_with_runtime_dependencies(/root/install/orb_slam3_ros2_wrapper/share/colcon-core/packages/orb_slam3_ros2_wrapper)
[16.132s] DEBUG:colcon.colcon_parallel_executor.executor.parallel:closing loop
[16.132s] DEBUG:colcon.colcon_parallel_executor.executor.parallel:loop closed
[16.132s] DEBUG:colcon.colcon_parallel_executor.executor.parallel:run_until_complete finished with '2'
[16.132s] DEBUG:colcon.colcon_core.event_reactor:joining thread
[16.144s] INFO:colcon.colcon_core.plugin_system:Skipping extension 'colcon_notification.desktop_notification.notify_send': Could not find 'notify-send'
[16.144s] INFO:colcon.colcon_core.plugin_system:Skipping extension 'colcon_notification.desktop_notification.terminal_notifier': Not used on non-Darwin systems
[16.144s] INFO:colcon.colcon_core.plugin_system:Skipping extension 'colcon_notification.desktop_notification.win32': Not used on non-Windows systems
[16.144s] INFO:colcon.colcon_notification.desktop_notification:Sending desktop notification using 'notify2'
[16.153s] DEBUG:colcon.colcon_notification.desktop_notification.notify2:Failed to initialize notify2: org.freedesktop.DBus.Error.Spawn.ExecFailed: /usr/bin/dbus-launch terminated abnormally without any error message
[16.153s] DEBUG:colcon.colcon_core.event_reactor:joined thread
[16.153s] INFO:colcon.colcon_core.shell:Creating prefix script '/root/install/local_setup.ps1'
[16.155s] INFO:colcon.colcon_core.shell:Creating prefix util module '/root/install/_local_setup_util_ps1.py'
[16.156s] INFO:colcon.colcon_core.shell:Creating prefix chain script '/root/install/setup.ps1'
[16.157s] INFO:colcon.colcon_core.shell:Creating prefix script '/root/install/local_setup.sh'
[16.157s] INFO:colcon.colcon_core.shell:Creating prefix util module '/root/install/_local_setup_util_sh.py'
[16.157s] INFO:colcon.colcon_core.shell:Creating prefix chain script '/root/install/setup.sh'
[16.158s] INFO:colcon.colcon_core.shell:Creating prefix script '/root/install/local_setup.bash'
[16.158s] INFO:colcon.colcon_core.shell:Creating prefix chain script '/root/install/setup.bash'
[16.159s] INFO:colcon.colcon_core.shell:Creating prefix script '/root/install/local_setup.zsh'
[16.159s] INFO:colcon.colcon_core.shell:Creating prefix chain script '/root/install/setup.zsh'
