[0mBuild type: Release[0m
[0m** WARNING ** io features related to pcap will be disabled[0m
In file included from [01m[K/root/colcon_ws/src/orb_slam3_ros2_wrapper/src/type_conversion.cpp:7[m[K:
[01m[K/root/colcon_ws/src/orb_slam3_ros2_wrapper/include/orb_slam3_ros2_wrapper/type_conversion.hpp:12:10:[m[K [01;31m[Kfatal error: [m[Ksophus/se3.hpp: No such file or directory
   12 | #include [01;31m[K"sophus/se3.hpp"[m[K
      |          [01;31m[K^~~~~~~~~~~~~~~~[m[K
compilation terminated.
gmake[2]: *** [CMakeFiles/map_merger.dir/build.make:76: CMakeFiles/map_merger.dir/src/type_conversion.cpp.o] Error 1
gmake[2]: *** Waiting for unfinished jobs....
In file included from [01m[K/root/colcon_ws/src/orb_slam3_ros2_wrapper/src/type_conversion.cpp:7[m[K:
[01m[K/root/colcon_ws/src/orb_slam3_ros2_wrapper/include/orb_slam3_ros2_wrapper/type_conversion.hpp:12:10:[m[K [01;31m[Kfatal error: [m[Ksophus/se3.hpp: No such file or directory
   12 | #include [01;31m[K"sophus/se3.hpp"[m[K
      |          [01;31m[K^~~~~~~~~~~~~~~~[m[K
compilation terminated.
gmake[2]: *** [CMakeFiles/rgbd.dir/build.make:76: CMakeFiles/rgbd.dir/src/type_conversion.cpp.o] Error 1
gmake[2]: *** Waiting for unfinished jobs....
In file included from [01m[K/root/colcon_ws/src/orb_slam3_ros2_wrapper/src/orb_slam3_interface.cpp:6[m[K:
[01m[K/root/colcon_ws/src/orb_slam3_ros2_wrapper/include/orb_slam3_ros2_wrapper/orb_slam3_interface.hpp:27:10:[m[K [01;31m[Kfatal error: [m[Ksophus/se3.hpp: No such file or directory
   27 | #include [01;31m[K"sophus/se3.hpp"[m[K
      |          [01;31m[K^~~~~~~~~~~~~~~~[m[K
compilation terminated.
gmake[2]: *** [CMakeFiles/map_merger.dir/build.make:104: CMakeFiles/map_merger.dir/src/orb_slam3_interface.cpp.o] Error 1
In file included from [01m[K/root/colcon_ws/src/orb_slam3_ros2_wrapper/src/rgbd/rgbd-slam-node.hpp:37[m[K,
                 from [01m[K/root/colcon_ws/src/orb_slam3_ros2_wrapper/src/rgbd/rgbd-slam-node.cpp:6[m[K:
[01m[K/root/colcon_ws/src/orb_slam3_ros2_wrapper/include/orb_slam3_ros2_wrapper/type_conversion.hpp:12:10:[m[K [01;31m[Kfatal error: [m[Ksophus/se3.hpp: No such file or directory
   12 | #include [01;31m[K"sophus/se3.hpp"[m[K
      |          [01;31m[K^~~~~~~~~~~~~~~~[m[K
compilation terminated.
In file included from [01m[K/root/colcon_ws/src/orb_slam3_ros2_wrapper/src/rgbd/rgbd-slam-node.hpp:37[m[K,
                 from [01m[K/root/colcon_ws/src/orb_slam3_ros2_wrapper/src/rgbd/rgbd.cpp:7[m[K:
[01m[K/root/colcon_ws/src/orb_slam3_ros2_wrapper/include/orb_slam3_ros2_wrapper/type_conversion.hpp:12:10:[m[K [01;31m[Kfatal error: [m[Ksophus/se3.hpp: No such file or directory
   12 | #include [01;31m[K"sophus/se3.hpp"[m[K
      |          [01;31m[K^~~~~~~~~~~~~~~~[m[K
gmake[2]: *** [CMakeFiles/rgbd.dir/build.make:104: CMakeFiles/rgbd.dir/src/rgbd/rgbd-slam-node.cpp.o] Error 1
compilation terminated.
gmake[2]: *** [CMakeFiles/rgbd.dir/build.make:118: CMakeFiles/rgbd.dir/src/rgbd/rgbd.cpp.o] Error 1
In file included from [01m[K/root/colcon_ws/src/orb_slam3_ros2_wrapper/src/map_merger/map_merger.hpp:7[m[K,
                 from [01m[K/root/colcon_ws/src/orb_slam3_ros2_wrapper/src/map_merger/map_merger.cpp:1[m[K:
[01m[K/root/colcon_ws/src/orb_slam3_ros2_wrapper/include/orb_slam3_ros2_wrapper/orb_slam3_interface.hpp:27:10:[m[K [01;31m[Kfatal error: [m[Ksophus/se3.hpp: No such file or directory
   27 | #include [01;31m[K"sophus/se3.hpp"[m[K
      |          [01;31m[K^~~~~~~~~~~~~~~~[m[K
compilation terminated.
gmake[2]: *** [CMakeFiles/map_merger.dir/build.make:90: CMakeFiles/map_merger.dir/src/map_merger/map_merger.cpp.o] Error 1
gmake[1]: *** [CMakeFiles/Makefile2:165: CMakeFiles/map_merger.dir/all] Error 2
gmake[1]: *** Waiting for unfinished jobs....
In file included from [01m[K/root/colcon_ws/src/orb_slam3_ros2_wrapper/src/orb_slam3_interface.cpp:6[m[K:
[01m[K/root/colcon_ws/src/orb_slam3_ros2_wrapper/include/orb_slam3_ros2_wrapper/orb_slam3_interface.hpp:27:10:[m[K [01;31m[Kfatal error: [m[Ksophus/se3.hpp: No such file or directory
   27 | #include [01;31m[K"sophus/se3.hpp"[m[K
      |          [01;31m[K^~~~~~~~~~~~~~~~[m[K
compilation terminated.
gmake[2]: *** [CMakeFiles/rgbd.dir/build.make:90: CMakeFiles/rgbd.dir/src/orb_slam3_interface.cpp.o] Error 1
gmake[1]: *** [CMakeFiles/Makefile2:139: CMakeFiles/rgbd.dir/all] Error 2
gmake: *** [Makefile:146: all] Error 2
