[0.016s] Invoking command in '/root/build/orb_slam3_ros2_wrapper': AMENT_PREFIX_PATH=/root/install/slam_msgs:${AMENT_PREFIX_PATH} CMAKE_PREFIX_PATH=/root/install/slam_msgs:/root/colcon_ws/install/orb_slam3_ros2_wrapper:/root/colcon_ws/install/orb_slam3_map_generator:/root/colcon_ws/install/slam_msgs:/opt/ros/humble LD_LIBRARY_PATH=/root/install/slam_msgs/lib:${LD_LIBRARY_PATH} PYTHONPATH=/root/install/slam_msgs/local/lib/python3.10/dist-packages:${PYTHONPATH} /usr/bin/cmake --build /root/build/orb_slam3_ros2_wrapper -- -j24 -l24
[0.052s] [0mBuild type: Release[0m
[0.052s] -- Found ament_cmake: 1.3.11 (/opt/ros/humble/share/ament_cmake/cmake)
[0.112s] -- Override CMake install command with custom implementation using symlinks instead of copying resources
[0.116s] -- Found rclcpp: 16.0.11 (/opt/ros/humble/share/rclcpp/cmake)
[0.130s] -- Found rosidl_generator_c: 3.1.6 (/opt/ros/humble/share/rosidl_generator_c/cmake)
[0.130s] -- Found rosidl_adapter: 3.1.6 (/opt/ros/humble/share/rosidl_adapter/cmake)
[0.133s] -- Found rosidl_generator_cpp: 3.1.6 (/opt/ros/humble/share/rosidl_generator_cpp/cmake)
[0.137s] -- Using all available rosidl_typesupport_c: rosidl_typesupport_fastrtps_c;rosidl_typesupport_introspection_c
[0.143s] -- Using all available rosidl_typesupport_cpp: rosidl_typesupport_fastrtps_cpp;rosidl_typesupport_introspection_cpp
[0.158s] -- Found rmw_implementation_cmake: 6.1.2 (/opt/ros/humble/share/rmw_implementation_cmake/cmake)
[0.158s] -- Found rmw_fastrtps_cpp: 6.2.7 (/opt/ros/humble/share/rmw_fastrtps_cpp/cmake)
[0.224s] -- Using RMW implementation 'rmw_fastrtps_cpp' as default
[0.246s] -- Found sensor_msgs: 4.2.4 (/opt/ros/humble/share/sensor_msgs/cmake)
[0.270s] -- Found cv_bridge: 3.2.1 (/opt/ros/humble/share/cv_bridge/cmake)
[0.284s] -- Found message_filters: 4.3.5 (/opt/ros/humble/share/message_filters/cmake)
[0.299s] -- Found tf2_ros: 0.25.12 (/opt/ros/humble/share/tf2_ros/cmake)
[0.359s] -- Found tf2_eigen: 0.25.12 (/opt/ros/humble/share/tf2_eigen/cmake)
[0.362s] -- Found slam_msgs: 1.0.0 (/root/colcon_ws/install/slam_msgs/share/slam_msgs/cmake)
[0.375s] -- Found nav_msgs: 4.2.4 (/opt/ros/humble/share/nav_msgs/cmake)
[0.385s] -- Found tf2_geometry_msgs: 0.25.12 (/opt/ros/humble/share/tf2_geometry_msgs/cmake)
[0.387s] -- Found eigen3_cmake_module: 0.1.1 (/opt/ros/humble/share/eigen3_cmake_module/cmake)
[0.387s] -- Found Eigen3: TRUE (found version "3.4.0") 
[0.387s] -- Ensuring Eigen3 include directory is part of orocos-kdl CMake target
[0.420s] -- FLANN found (include: /usr/include, lib: /usr/lib/x86_64-linux-gnu/libflann_cpp.so)
[0.555s] -- Found Eigen3: /usr/include/eigen3 (found version "3.4.0") 
[0.666s] -- OpenNI found (version: 1.5.4.0, include: /usr/include/ni, lib: /usr/lib/libOpenNI.so;libusb::libusb)
[0.671s] -- OpenNI2 found (version: 2.2.0.33, include: /usr/include/openni2, lib: /usr/lib/x86_64-linux-gnu/libOpenNI2.so;libusb::libusb)
[0.671s] [0m** WARNING ** io features related to pcap will be disabled[0m
[0.747s] -- OpenNI found (version: 1.5.4.0, include: /usr/include/ni, lib: /usr/lib/libOpenNI.so;libusb::libusb)
[0.752s] -- OpenNI2 found (version: 2.2.0.33, include: /usr/include/openni2, lib: /usr/lib/x86_64-linux-gnu/libOpenNI2.so;libusb::libusb)
[0.824s] -- Found Qhull version 8.0.2
[0.898s] -- OpenNI found (version: 1.5.4.0, include: /usr/include/ni, lib: /usr/lib/libOpenNI.so;libusb::libusb)
[0.967s] -- looking for PCL_COMMON
[0.967s] -- looking for PCL_KDTREE
[0.967s] -- looking for PCL_OCTREE
[0.967s] -- looking for PCL_SEARCH
[0.967s] -- looking for PCL_SAMPLE_CONSENSUS
[0.967s] -- looking for PCL_FILTERS
[0.968s] -- looking for PCL_2D
[0.968s] -- looking for PCL_GEOMETRY
[0.968s] -- looking for PCL_IO
[0.968s] -- looking for PCL_FEATURES
[0.968s] -- looking for PCL_ML
[0.968s] -- looking for PCL_SEGMENTATION
[0.969s] -- looking for PCL_VISUALIZATION
[0.969s] -- looking for PCL_SURFACE
[0.969s] -- looking for PCL_REGISTRATION
[0.969s] -- looking for PCL_KEYPOINTS
[0.969s] -- looking for PCL_TRACKING
[0.969s] -- looking for PCL_RECOGNITION
[0.970s] -- looking for PCL_STEREO
[0.970s] -- looking for PCL_APPS
[0.970s] -- looking for PCL_IN_HAND_SCANNER
[0.970s] -- looking for PCL_MODELER
[0.970s] -- looking for PCL_POINT_CLOUD_EDITOR
[0.970s] -- looking for PCL_OUTOFCORE
[0.970s] -- looking for PCL_PEOPLE
[0.984s] -- Found pcl_ros: 2.4.5 (/opt/ros/humble/share/pcl_ros/cmake)
[1.049s] -- Configuring done
[1.117s] -- Generating done
[1.118s] -- Build files have been written to: /root/build/orb_slam3_ros2_wrapper
[1.142s] [35m[1mConsolidate compiler generated dependencies of target rgbd[0m
[1.146s] [ 33%] [32mBuilding CXX object CMakeFiles/map_merger.dir/src/orb_slam3_interface.cpp.o[0m
[1.146s] [ 33%] [32mBuilding CXX object CMakeFiles/map_merger.dir/src/type_conversion.cpp.o[0m
[1.147s] [ 33%] [32mBuilding CXX object CMakeFiles/map_merger.dir/src/map_merger/map_merger.cpp.o[0m
[1.203s] [ 44%] [32mBuilding CXX object CMakeFiles/rgbd.dir/src/type_conversion.cpp.o[0m
[1.215s] [ 55%] [32mBuilding CXX object CMakeFiles/rgbd.dir/src/orb_slam3_interface.cpp.o[0m
[1.215s] [ 66%] [32mBuilding CXX object CMakeFiles/rgbd.dir/src/rgbd/rgbd-slam-node.cpp.o[0m
[1.216s] [ 77%] [32mBuilding CXX object CMakeFiles/rgbd.dir/src/rgbd/rgbd.cpp.o[0m
[1.365s] In file included from [01m[K/root/colcon_ws/src/orb_slam3_ros2_wrapper/src/type_conversion.cpp:7[m[K:
[1.365s] [01m[K/root/colcon_ws/src/orb_slam3_ros2_wrapper/include/orb_slam3_ros2_wrapper/type_conversion.hpp:12:10:[m[K [01;31m[Kfatal error: [m[Ksophus/se3.hpp: No such file or directory
[1.365s]    12 | #include [01;31m[K"sophus/se3.hpp"[m[K
[1.365s]       |          [01;31m[K^~~~~~~~~~~~~~~~[m[K
[1.365s] compilation terminated.
[1.368s] gmake[2]: *** [CMakeFiles/map_merger.dir/build.make:76: CMakeFiles/map_merger.dir/src/type_conversion.cpp.o] Error 1
[1.368s] gmake[2]: *** Waiting for unfinished jobs....
[1.396s] In file included from [01m[K/root/colcon_ws/src/orb_slam3_ros2_wrapper/src/type_conversion.cpp:7[m[K:
[1.396s] [01m[K/root/colcon_ws/src/orb_slam3_ros2_wrapper/include/orb_slam3_ros2_wrapper/type_conversion.hpp:12:10:[m[K [01;31m[Kfatal error: [m[Ksophus/se3.hpp: No such file or directory
[1.396s]    12 | #include [01;31m[K"sophus/se3.hpp"[m[K
[1.396s]       |          [01;31m[K^~~~~~~~~~~~~~~~[m[K
[1.396s] compilation terminated.
[1.397s] gmake[2]: *** [CMakeFiles/rgbd.dir/build.make:76: CMakeFiles/rgbd.dir/src/type_conversion.cpp.o] Error 1
[1.398s] gmake[2]: *** Waiting for unfinished jobs....
[1.549s] In file included from [01m[K/root/colcon_ws/src/orb_slam3_ros2_wrapper/src/orb_slam3_interface.cpp:6[m[K:
[1.549s] [01m[K/root/colcon_ws/src/orb_slam3_ros2_wrapper/include/orb_slam3_ros2_wrapper/orb_slam3_interface.hpp:27:10:[m[K [01;31m[Kfatal error: [m[Ksophus/se3.hpp: No such file or directory
[1.549s]    27 | #include [01;31m[K"sophus/se3.hpp"[m[K
[1.549s]       |          [01;31m[K^~~~~~~~~~~~~~~~[m[K
[1.549s] compilation terminated.
[1.551s] gmake[2]: *** [CMakeFiles/map_merger.dir/build.make:104: CMakeFiles/map_merger.dir/src/orb_slam3_interface.cpp.o] Error 1
[1.567s] In file included from [01m[K/root/colcon_ws/src/orb_slam3_ros2_wrapper/src/rgbd/rgbd-slam-node.hpp:37[m[K,
[1.568s]                  from [01m[K/root/colcon_ws/src/orb_slam3_ros2_wrapper/src/rgbd/rgbd-slam-node.cpp:6[m[K:
[1.568s] [01m[K/root/colcon_ws/src/orb_slam3_ros2_wrapper/include/orb_slam3_ros2_wrapper/type_conversion.hpp:12:10:[m[K [01;31m[Kfatal error: [m[Ksophus/se3.hpp: No such file or directory
[1.568s]    12 | #include [01;31m[K"sophus/se3.hpp"[m[K
[1.568s]       |          [01;31m[K^~~~~~~~~~~~~~~~[m[K
[1.568s] compilation terminated.
[1.570s] In file included from [01m[K/root/colcon_ws/src/orb_slam3_ros2_wrapper/src/rgbd/rgbd-slam-node.hpp:37[m[K,
[1.570s]                  from [01m[K/root/colcon_ws/src/orb_slam3_ros2_wrapper/src/rgbd/rgbd.cpp:7[m[K:
[1.570s] [01m[K/root/colcon_ws/src/orb_slam3_ros2_wrapper/include/orb_slam3_ros2_wrapper/type_conversion.hpp:12:10:[m[K [01;31m[Kfatal error: [m[Ksophus/se3.hpp: No such file or directory
[1.570s]    12 | #include [01;31m[K"sophus/se3.hpp"[m[K
[1.570s]       |          [01;31m[K^~~~~~~~~~~~~~~~[m[K
[1.570s] gmake[2]: *** [CMakeFiles/rgbd.dir/build.make:104: CMakeFiles/rgbd.dir/src/rgbd/rgbd-slam-node.cpp.o] Error 1
[1.570s] compilation terminated.
[1.572s] gmake[2]: *** [CMakeFiles/rgbd.dir/build.make:118: CMakeFiles/rgbd.dir/src/rgbd/rgbd.cpp.o] Error 1
[1.573s] In file included from [01m[K/root/colcon_ws/src/orb_slam3_ros2_wrapper/src/map_merger/map_merger.hpp:7[m[K,
[1.573s]                  from [01m[K/root/colcon_ws/src/orb_slam3_ros2_wrapper/src/map_merger/map_merger.cpp:1[m[K:
[1.573s] [01m[K/root/colcon_ws/src/orb_slam3_ros2_wrapper/include/orb_slam3_ros2_wrapper/orb_slam3_interface.hpp:27:10:[m[K [01;31m[Kfatal error: [m[Ksophus/se3.hpp: No such file or directory
[1.573s]    27 | #include [01;31m[K"sophus/se3.hpp"[m[K
[1.573s]       |          [01;31m[K^~~~~~~~~~~~~~~~[m[K
[1.573s] compilation terminated.
[1.575s] gmake[2]: *** [CMakeFiles/map_merger.dir/build.make:90: CMakeFiles/map_merger.dir/src/map_merger/map_merger.cpp.o] Error 1
[1.575s] gmake[1]: *** [CMakeFiles/Makefile2:165: CMakeFiles/map_merger.dir/all] Error 2
[1.576s] gmake[1]: *** Waiting for unfinished jobs....
[1.596s] In file included from [01m[K/root/colcon_ws/src/orb_slam3_ros2_wrapper/src/orb_slam3_interface.cpp:6[m[K:
[1.596s] [01m[K/root/colcon_ws/src/orb_slam3_ros2_wrapper/include/orb_slam3_ros2_wrapper/orb_slam3_interface.hpp:27:10:[m[K [01;31m[Kfatal error: [m[Ksophus/se3.hpp: No such file or directory
[1.596s]    27 | #include [01;31m[K"sophus/se3.hpp"[m[K
[1.596s]       |          [01;31m[K^~~~~~~~~~~~~~~~[m[K
[1.596s] compilation terminated.
[1.598s] gmake[2]: *** [CMakeFiles/rgbd.dir/build.make:90: CMakeFiles/rgbd.dir/src/orb_slam3_interface.cpp.o] Error 1
[1.598s] gmake[1]: *** [CMakeFiles/Makefile2:139: CMakeFiles/rgbd.dir/all] Error 2
[1.598s] gmake: *** [Makefile:146: all] Error 2
[1.600s] Invoked command in '/root/build/orb_slam3_ros2_wrapper' returned '2': AMENT_PREFIX_PATH=/root/install/slam_msgs:${AMENT_PREFIX_PATH} CMAKE_PREFIX_PATH=/root/install/slam_msgs:/root/colcon_ws/install/orb_slam3_ros2_wrapper:/root/colcon_ws/install/orb_slam3_map_generator:/root/colcon_ws/install/slam_msgs:/opt/ros/humble LD_LIBRARY_PATH=/root/install/slam_msgs/lib:${LD_LIBRARY_PATH} PYTHONPATH=/root/install/slam_msgs/local/lib/python3.10/dist-packages:${PYTHONPATH} /usr/bin/cmake --build /root/build/orb_slam3_ros2_wrapper -- -j24 -l24
