[ 16%] [32mBuilding CXX object CMakeFiles/get_landmarks_simulator.dir/src/get_landmarks_simulator.cpp.o[0m
[ 33%] [32mBuilding CXX object CMakeFiles/color_pcl.dir/src/color_pcl.cpp.o[0m
[ 50%] [32mBuilding CXX object CMakeFiles/pointcloud_stitcher.dir/src/stitch_pcl.cpp.o[0m
In file included from [01m[K/root/colcon_ws/src/orb_slam3_map_generator/src/stitch_pcl.cpp:10[m[K:
[01m[K/opt/ros/humble/include/tf2_eigen/tf2_eigen/tf2_eigen.h:32:2:[m[K [01;35m[Kwarning: [m[K#warning This header is obsolete, please include tf2_eigen/tf2_eigen.hpp instead [[01;35m[K-Wcpp[m[K]
   32 | #[01;35m[Kwarning[m[K This header is obsolete, please include tf2_eigen/tf2_eigen.hpp instead
      |  [01;35m[K^~~~~~~[m[K
[01m[K/root/colcon_ws/src/orb_slam3_map_generator/src/get_landmarks_simulator.cpp:[m[K In member function ‘[01m[Kvoid MapPointsNode::handleGetLandmarksInView(std::shared_ptr<slam_msgs::srv::GetLandmarksInView_Request_<std::allocator<void> > >, std::shared_ptr<slam_msgs::srv::GetLandmarksInView_Response_<std::allocator<void> > >)[m[K’:
[01m[K/root/colcon_ws/src/orb_slam3_map_generator/src/get_landmarks_simulator.cpp:157:20:[m[K [01;35m[Kwarning: [m[Kunused variable ‘[01m[Kdz[m[K’ [[01;35m[K-Wunused-variable[m[K]
  157 |             double [01;35m[Kdz[m[K = map_point.position.z - pose_z;
      |                    [01;35m[K^~[m[K
[01m[K/root/colcon_ws/src/orb_slam3_map_generator/src/stitch_pcl.cpp:[m[K In constructor ‘[01m[KPosePointCloudCollector::PosePointCloudCollector()[m[K’:
[01m[K/root/colcon_ws/src/orb_slam3_map_generator/src/stitch_pcl.cpp:335:12:[m[K [01;35m[Kwarning: [m[K‘[01m[KPosePointCloudCollector::buffer_duration_[m[K’ will be initialized after [[01;35m[K-Wreorder[m[K]
  335 |     double [01;35m[Kbuffer_duration_[m[K;
      |            [01;35m[K^~~~~~~~~~~~~~~~[m[K
[01m[K/root/colcon_ws/src/orb_slam3_map_generator/src/stitch_pcl.cpp:330:21:[m[K [01;35m[Kwarning: [m[K  ‘[01m[Ktf2_ros::Buffer PosePointCloudCollector::tf_buffer_[m[K’ [[01;35m[K-Wreorder[m[K]
  330 |     tf2_ros::Buffer [01;35m[Ktf_buffer_[m[K;
      |                     [01;35m[K^~~~~~~~~~[m[K
[01m[K/root/colcon_ws/src/orb_slam3_map_generator/src/stitch_pcl.cpp:29:5:[m[K [01;35m[Kwarning: [m[K  when initialized here [[01;35m[K-Wreorder[m[K]
   29 |     [01;35m[KPosePointCloudCollector[m[K()
      |     [01;35m[K^~~~~~~~~~~~~~~~~~~~~~~[m[K
[ 66%] [32m[1mLinking CXX executable get_landmarks_simulator[0m
[ 66%] Built target get_landmarks_simulator
[ 83%] [32m[1mLinking CXX executable color_pcl[0m
/usr/bin/ld: warning: libopencv_imgcodecs.so.4.5d, needed by /opt/ros/humble/lib/libcv_bridge.so, may conflict with libopencv_imgcodecs.so.4.4
/usr/bin/ld: warning: libopencv_core.so.4.5d, needed by /opt/ros/humble/lib/libcv_bridge.so, may conflict with libopencv_core.so.4.4
[ 83%] Built target color_pcl
[100%] [32m[1mLinking CXX executable pointcloud_stitcher[0m
[100%] Built target pointcloud_stitcher
-- Install configuration: "Release"
-- Execute custom install script
-- Symlinking: /root/install/orb_slam3_map_generator/lib/orb_slam3_map_generator/pointcloud_stitcher
-- Symlinking: /root/install/orb_slam3_map_generator/lib/orb_slam3_map_generator/color_pcl
-- Symlinking: /root/install/orb_slam3_map_generator/lib/orb_slam3_map_generator/get_landmarks_simulator
-- Symlinking: /root/install/orb_slam3_map_generator/share/ament_index/resource_index/package_run_dependencies/orb_slam3_map_generator
-- Symlinking: /root/install/orb_slam3_map_generator/share/ament_index/resource_index/parent_prefix_path/orb_slam3_map_generator
-- Symlinking: /root/install/orb_slam3_map_generator/share/orb_slam3_map_generator/environment/ament_prefix_path.sh
-- Symlinking: /root/install/orb_slam3_map_generator/share/orb_slam3_map_generator/environment/ament_prefix_path.dsv
-- Symlinking: /root/install/orb_slam3_map_generator/share/orb_slam3_map_generator/environment/path.sh
-- Symlinking: /root/install/orb_slam3_map_generator/share/orb_slam3_map_generator/environment/path.dsv
-- Symlinking: /root/install/orb_slam3_map_generator/share/orb_slam3_map_generator/local_setup.bash
-- Symlinking: /root/install/orb_slam3_map_generator/share/orb_slam3_map_generator/local_setup.sh
-- Symlinking: /root/install/orb_slam3_map_generator/share/orb_slam3_map_generator/local_setup.zsh
-- Symlinking: /root/install/orb_slam3_map_generator/share/orb_slam3_map_generator/local_setup.dsv
-- Symlinking: /root/install/orb_slam3_map_generator/share/orb_slam3_map_generator/package.dsv
-- Symlinking: /root/install/orb_slam3_map_generator/share/ament_index/resource_index/packages/orb_slam3_map_generator
-- Symlinking: /root/install/orb_slam3_map_generator/share/orb_slam3_map_generator/cmake/orb_slam3_map_generatorConfig.cmake
-- Symlinking: /root/install/orb_slam3_map_generator/share/orb_slam3_map_generator/cmake/orb_slam3_map_generatorConfig-version.cmake
-- Symlinking: /root/install/orb_slam3_map_generator/share/orb_slam3_map_generator/package.xml
