[0.013s] Invoking command in '/root/build/slam_msgs': CMAKE_PREFIX_PATH=${CMAKE_PREFIX_PATH}:/opt/ros/humble /usr/bin/cmake --build /root/build/slam_msgs -- -j24 -l24
[0.106s] -- Found ament_cmake: 1.3.11 (/opt/ros/humble/share/ament_cmake/cmake)
[0.184s] -- Override CMake install command with custom implementation using symlinks instead of copying resources
[0.196s] -- Found rclcpp: 16.0.11 (/opt/ros/humble/share/rclcpp/cmake)
[0.227s] -- Found rosidl_generator_c: 3.1.6 (/opt/ros/humble/share/rosidl_generator_c/cmake)
[0.229s] -- Found rosidl_adapter: 3.1.6 (/opt/ros/humble/share/rosidl_adapter/cmake)
[0.236s] -- Found rosidl_generator_cpp: 3.1.6 (/opt/ros/humble/share/rosidl_generator_cpp/cmake)
[0.244s] -- Using all available rosidl_typesupport_c: rosidl_typesupport_fastrtps_c;rosidl_typesupport_introspection_c
[0.254s] -- Using all available rosidl_typesupport_cpp: rosidl_typesupport_fastrtps_cpp;rosidl_typesupport_introspection_cpp
[0.281s] -- Found rmw_implementation_cmake: 6.1.2 (/opt/ros/humble/share/rmw_implementation_cmake/cmake)
[0.284s] -- Found rmw_fastrtps_cpp: 6.2.7 (/opt/ros/humble/share/rmw_fastrtps_cpp/cmake)
[0.368s] -- Using RMW implementation 'rmw_fastrtps_cpp' as default
[0.408s] -- Found geometry_msgs: 4.2.4 (/opt/ros/humble/share/geometry_msgs/cmake)
[0.419s] -- Found sensor_msgs: 4.2.4 (/opt/ros/humble/share/sensor_msgs/cmake)
[0.429s] -- Found rosidl_default_generators: 1.2.0 (/opt/ros/humble/share/rosidl_default_generators/cmake)
[0.613s] -- Found ament_cmake_ros: 0.10.0 (/opt/ros/humble/share/ament_cmake_ros/cmake)
[0.850s] -- Using all available rosidl_typesupport_c: rosidl_typesupport_fastrtps_c;rosidl_typesupport_introspection_c
[0.939s] -- Using all available rosidl_typesupport_cpp: rosidl_typesupport_fastrtps_cpp;rosidl_typesupport_introspection_cpp
[0.953s] -- Found python_cmake_module: 0.10.0 (/opt/ros/humble/share/python_cmake_module/cmake)
[0.967s] -- Using PYTHON_EXECUTABLE: /usr/bin/python3
[0.967s] -- Using PYTHON_INCLUDE_DIRS: /usr/include/python3.10
[0.968s] -- Using PYTHON_LIBRARIES: /usr/lib/x86_64-linux-gnu/libpython3.10.so
[0.998s] -- Configuring done
[1.029s] -- Generating done
[1.031s] -- Build files have been written to: /root/build/slam_msgs
[1.049s] [35m[1mConsolidate compiler generated dependencies of target slam_msgs__rosidl_generator_c[0m
[1.054s] [  1%] [34m[1mGenerating C++ code for ROS interfaces[0m
[1.059s] [  1%] Built target ament_cmake_python_symlink_slam_msgs
[1.070s] [  2%] [32mBuilding C object CMakeFiles/slam_msgs__rosidl_generator_c.dir/rosidl_generator_c/slam_msgs/msg/detail/key_frame__functions.c.o[0m
[1.070s] [  5%] [32mBuilding C object CMakeFiles/slam_msgs__rosidl_generator_c.dir/rosidl_generator_c/slam_msgs/msg/detail/map_graph__functions.c.o[0m
[1.070s] [  5%] [32mBuilding C object CMakeFiles/slam_msgs__rosidl_generator_c.dir/rosidl_generator_c/slam_msgs/msg/detail/map_data__functions.c.o[0m
[1.070s] [  5%] [32mBuilding C object CMakeFiles/slam_msgs__rosidl_generator_c.dir/rosidl_generator_c/slam_msgs/srv/detail/get_landmarks_in_view__functions.c.o[0m
[1.070s] [  6%] [32mBuilding C object CMakeFiles/slam_msgs__rosidl_generator_c.dir/rosidl_generator_c/slam_msgs/msg/detail/map_point__functions.c.o[0m
[1.070s] [  8%] [32mBuilding C object CMakeFiles/slam_msgs__rosidl_generator_c.dir/rosidl_generator_c/slam_msgs/srv/detail/get_map__functions.c.o[0m
[1.073s] [ 10%] [32mBuilding C object CMakeFiles/slam_msgs__rosidl_generator_c.dir/rosidl_generator_c/slam_msgs/srv/detail/get_global_point_cloud__functions.c.o[0m
[1.073s] [ 10%] [32mBuilding C object CMakeFiles/slam_msgs__rosidl_generator_c.dir/rosidl_generator_c/slam_msgs/srv/detail/get_all_landmarks_in_map__functions.c.o[0m
[1.154s] [ 11%] [32m[1mLinking C shared library libslam_msgs__rosidl_generator_c.so[0m
[1.163s] running egg_info
[1.164s] writing slam_msgs.egg-info/PKG-INFO
[1.164s] writing dependency_links to slam_msgs.egg-info/dependency_links.txt
[1.164s] writing top-level names to slam_msgs.egg-info/top_level.txt
[1.166s] reading manifest file 'slam_msgs.egg-info/SOURCES.txt'
[1.167s] writing manifest file 'slam_msgs.egg-info/SOURCES.txt'
[1.181s] [ 11%] Built target ament_cmake_python_build_slam_msgs_egg
[1.194s] [ 12%] Built target slam_msgs__rosidl_generator_c
[1.201s] [35m[1mConsolidate compiler generated dependencies of target slam_msgs__rosidl_typesupport_c[0m
[1.202s] [35m[1mConsolidate compiler generated dependencies of target slam_msgs__rosidl_typesupport_fastrtps_c[0m
[1.207s] [35m[1mConsolidate compiler generated dependencies of target slam_msgs__rosidl_typesupport_introspection_c[0m
[1.210s] [ 14%] [32mBuilding CXX object CMakeFiles/slam_msgs__rosidl_typesupport_c.dir/rosidl_typesupport_c/slam_msgs/msg/map_graph__type_support.cpp.o[0m
[1.210s] [ 14%] [32mBuilding CXX object CMakeFiles/slam_msgs__rosidl_typesupport_c.dir/rosidl_typesupport_c/slam_msgs/msg/map_data__type_support.cpp.o[0m
[1.210s] [ 16%] [32mBuilding CXX object CMakeFiles/slam_msgs__rosidl_typesupport_c.dir/rosidl_typesupport_c/slam_msgs/msg/map_point__type_support.cpp.o[0m
[1.210s] [ 17%] [32mBuilding CXX object CMakeFiles/slam_msgs__rosidl_typesupport_c.dir/rosidl_typesupport_c/slam_msgs/srv/get_map__type_support.cpp.o[0m
[1.210s] [ 18%] [32mBuilding CXX object CMakeFiles/slam_msgs__rosidl_typesupport_c.dir/rosidl_typesupport_c/slam_msgs/msg/key_frame__type_support.cpp.o[0m
[1.211s] [ 19%] [32mBuilding CXX object CMakeFiles/slam_msgs__rosidl_typesupport_c.dir/rosidl_typesupport_c/slam_msgs/srv/get_landmarks_in_view__type_support.cpp.o[0m
[1.211s] [ 20%] [32mBuilding CXX object CMakeFiles/slam_msgs__rosidl_typesupport_c.dir/rosidl_typesupport_c/slam_msgs/srv/get_all_landmarks_in_map__type_support.cpp.o[0m
[1.212s] [ 21%] [32mBuilding CXX object CMakeFiles/slam_msgs__rosidl_typesupport_c.dir/rosidl_typesupport_c/slam_msgs/srv/get_global_point_cloud__type_support.cpp.o[0m
[1.218s] [ 24%] [32mBuilding C object CMakeFiles/slam_msgs__rosidl_typesupport_introspection_c.dir/rosidl_typesupport_introspection_c/slam_msgs/msg/detail/map_data__type_support.c.o[0m
[1.218s] [ 24%] [32mBuilding C object CMakeFiles/slam_msgs__rosidl_typesupport_introspection_c.dir/rosidl_typesupport_introspection_c/slam_msgs/msg/detail/map_graph__type_support.c.o[0m
[1.218s] [ 25%] [32mBuilding C object CMakeFiles/slam_msgs__rosidl_typesupport_introspection_c.dir/rosidl_typesupport_introspection_c/slam_msgs/msg/detail/map_point__type_support.c.o[0m
[1.219s] [ 26%] [32mBuilding C object CMakeFiles/slam_msgs__rosidl_typesupport_introspection_c.dir/rosidl_typesupport_introspection_c/slam_msgs/srv/detail/get_map__type_support.c.o[0m
[1.219s] [ 27%] [32mBuilding C object CMakeFiles/slam_msgs__rosidl_typesupport_introspection_c.dir/rosidl_typesupport_introspection_c/slam_msgs/msg/detail/key_frame__type_support.c.o[0m
[1.219s] [ 28%] [32mBuilding C object CMakeFiles/slam_msgs__rosidl_typesupport_introspection_c.dir/rosidl_typesupport_introspection_c/slam_msgs/srv/detail/get_landmarks_in_view__type_support.c.o[0m
[1.220s] [ 29%] [32mBuilding C object CMakeFiles/slam_msgs__rosidl_typesupport_introspection_c.dir/rosidl_typesupport_introspection_c/slam_msgs/srv/detail/get_all_landmarks_in_map__type_support.c.o[0m
[1.220s] [ 31%] [32mBuilding C object CMakeFiles/slam_msgs__rosidl_typesupport_introspection_c.dir/rosidl_typesupport_introspection_c/slam_msgs/srv/detail/get_global_point_cloud__type_support.c.o[0m
[1.226s] [ 33%] [32mBuilding CXX object CMakeFiles/slam_msgs__rosidl_typesupport_fastrtps_c.dir/rosidl_typesupport_fastrtps_c/slam_msgs/msg/detail/map_point__type_support_c.cpp.o[0m
[1.230s] [ 34%] [32mBuilding CXX object CMakeFiles/slam_msgs__rosidl_typesupport_fastrtps_c.dir/rosidl_typesupport_fastrtps_c/slam_msgs/msg/detail/map_graph__type_support_c.cpp.o[0m
[1.232s] [ 35%] [32mBuilding CXX object CMakeFiles/slam_msgs__rosidl_typesupport_fastrtps_c.dir/rosidl_typesupport_fastrtps_c/slam_msgs/srv/detail/get_map__type_support_c.cpp.o[0m
[1.233s] [ 36%] [32mBuilding CXX object CMakeFiles/slam_msgs__rosidl_typesupport_fastrtps_c.dir/rosidl_typesupport_fastrtps_c/slam_msgs/msg/detail/map_data__type_support_c.cpp.o[0m
[1.236s] [ 33%] [32mBuilding CXX object CMakeFiles/slam_msgs__rosidl_typesupport_fastrtps_c.dir/rosidl_typesupport_fastrtps_c/slam_msgs/msg/detail/key_frame__type_support_c.cpp.o[0m
[1.236s] [ 39%] [32mBuilding CXX object CMakeFiles/slam_msgs__rosidl_typesupport_fastrtps_c.dir/rosidl_typesupport_fastrtps_c/slam_msgs/srv/detail/get_all_landmarks_in_map__type_support_c.cpp.o[0m
[1.236s] [ 39%] [32mBuilding CXX object CMakeFiles/slam_msgs__rosidl_typesupport_fastrtps_c.dir/rosidl_typesupport_fastrtps_c/slam_msgs/srv/detail/get_landmarks_in_view__type_support_c.cpp.o[0m
[1.247s] [ 40%] [32mBuilding CXX object CMakeFiles/slam_msgs__rosidl_typesupport_fastrtps_c.dir/rosidl_typesupport_fastrtps_c/slam_msgs/srv/detail/get_global_point_cloud__type_support_c.cpp.o[0m
[1.249s] [ 41%] [32m[1mLinking C shared library libslam_msgs__rosidl_typesupport_introspection_c.so[0m
[1.274s] [ 42%] Built target slam_msgs__rosidl_typesupport_introspection_c
[1.278s] [ 43%] [32m[1mLinking CXX shared library libslam_msgs__rosidl_typesupport_c.so[0m
[1.308s] [ 44%] Built target slam_msgs__rosidl_typesupport_c
[1.401s] [ 44%] Built target slam_msgs__cpp
[1.409s] [35m[1mConsolidate compiler generated dependencies of target slam_msgs__rosidl_typesupport_cpp[0m
[1.409s] [35m[1mConsolidate compiler generated dependencies of target slam_msgs__rosidl_typesupport_introspection_cpp[0m
[1.409s] [35m[1mConsolidate compiler generated dependencies of target slam_msgs__rosidl_typesupport_fastrtps_cpp[0m
[1.439s] [ 47%] [32mBuilding CXX object CMakeFiles/slam_msgs__rosidl_typesupport_cpp.dir/rosidl_typesupport_cpp/slam_msgs/srv/get_landmarks_in_view__type_support.cpp.o[0m
[1.439s] [ 47%] [32mBuilding CXX object CMakeFiles/slam_msgs__rosidl_typesupport_introspection_cpp.dir/rosidl_typesupport_introspection_cpp/slam_msgs/msg/detail/map_point__type_support.cpp.o[0m
[1.439s] [ 49%] [32mBuilding CXX object CMakeFiles/slam_msgs__rosidl_typesupport_fastrtps_cpp.dir/rosidl_typesupport_fastrtps_cpp/slam_msgs/msg/detail/dds_fastrtps/key_frame__type_support.cpp.o[0m
[1.440s] [ 63%] [32mBuilding CXX object CMakeFiles/slam_msgs__rosidl_typesupport_introspection_cpp.dir/rosidl_typesupport_introspection_cpp/slam_msgs/srv/detail/get_map__type_support.cpp.o[0m
[1.440s] [ 63%] [32mBuilding CXX object CMakeFiles/slam_msgs__rosidl_typesupport_cpp.dir/rosidl_typesupport_cpp/slam_msgs/srv/get_all_landmarks_in_map__type_support.cpp.o[0m
[1.440s] [ 67%] [32mBuilding CXX object CMakeFiles/slam_msgs__rosidl_typesupport_introspection_cpp.dir/rosidl_typesupport_introspection_cpp/slam_msgs/srv/detail/get_landmarks_in_view__type_support.cpp.o[0m
[1.440s] [ 70%] [32mBuilding CXX object CMakeFiles/slam_msgs__rosidl_typesupport_cpp.dir/rosidl_typesupport_cpp/slam_msgs/msg/map_graph__type_support.cpp.o[0m
[1.440s] [ 70%] [32mBuilding CXX object CMakeFiles/slam_msgs__rosidl_typesupport_fastrtps_cpp.dir/rosidl_typesupport_fastrtps_cpp/slam_msgs/srv/detail/dds_fastrtps/get_map__type_support.cpp.o[0m
[1.440s] [ 70%] [32mBuilding CXX object CMakeFiles/slam_msgs__rosidl_typesupport_fastrtps_cpp.dir/rosidl_typesupport_fastrtps_cpp/slam_msgs/srv/detail/dds_fastrtps/get_landmarks_in_view__type_support.cpp.o[0m
[1.441s] [ 70%] [32mBuilding CXX object CMakeFiles/slam_msgs__rosidl_typesupport_fastrtps_cpp.dir/rosidl_typesupport_fastrtps_cpp/slam_msgs/srv/detail/dds_fastrtps/get_all_landmarks_in_map__type_support.cpp.o[0m
[1.441s] [ 70%] [32mBuilding CXX object CMakeFiles/slam_msgs__rosidl_typesupport_cpp.dir/rosidl_typesupport_cpp/slam_msgs/srv/get_map__type_support.cpp.o[0m
[1.441s] [ 70%] [32mBuilding CXX object CMakeFiles/slam_msgs__rosidl_typesupport_cpp.dir/rosidl_typesupport_cpp/slam_msgs/msg/map_data__type_support.cpp.o[0m
[1.441s] [ 70%] [32mBuilding CXX object CMakeFiles/slam_msgs__rosidl_typesupport_fastrtps_cpp.dir/rosidl_typesupport_fastrtps_cpp/slam_msgs/msg/detail/dds_fastrtps/map_graph__type_support.cpp.o[0m
[1.441s] [ 70%] [32mBuilding CXX object CMakeFiles/slam_msgs__rosidl_typesupport_introspection_cpp.dir/rosidl_typesupport_introspection_cpp/slam_msgs/msg/detail/map_graph__type_support.cpp.o[0m
[1.441s] [ 70%] [32mBuilding CXX object CMakeFiles/slam_msgs__rosidl_typesupport_cpp.dir/rosidl_typesupport_cpp/slam_msgs/msg/map_point__type_support.cpp.o[0m
[1.441s] [ 70%] [32mBuilding CXX object CMakeFiles/slam_msgs__rosidl_typesupport_fastrtps_cpp.dir/rosidl_typesupport_fastrtps_cpp/slam_msgs/msg/detail/dds_fastrtps/map_data__type_support.cpp.o[0m
[1.441s] [ 70%] [32mBuilding CXX object CMakeFiles/slam_msgs__rosidl_typesupport_cpp.dir/rosidl_typesupport_cpp/slam_msgs/msg/key_frame__type_support.cpp.o[0m
[1.441s] [ 70%] [32mBuilding CXX object CMakeFiles/slam_msgs__rosidl_typesupport_introspection_cpp.dir/rosidl_typesupport_introspection_cpp/slam_msgs/msg/detail/key_frame__type_support.cpp.o[0m
[1.441s] [ 70%] [32mBuilding CXX object CMakeFiles/slam_msgs__rosidl_typesupport_introspection_cpp.dir/rosidl_typesupport_introspection_cpp/slam_msgs/srv/detail/get_all_landmarks_in_map__type_support.cpp.o[0m
[1.441s] [ 70%] [32mBuilding CXX object CMakeFiles/slam_msgs__rosidl_typesupport_fastrtps_cpp.dir/rosidl_typesupport_fastrtps_cpp/slam_msgs/msg/detail/dds_fastrtps/map_point__type_support.cpp.o[0m
[1.441s] [ 70%] [32mBuilding CXX object CMakeFiles/slam_msgs__rosidl_typesupport_introspection_cpp.dir/rosidl_typesupport_introspection_cpp/slam_msgs/msg/detail/map_data__type_support.cpp.o[0m
[1.441s] [ 70%] [32mBuilding CXX object CMakeFiles/slam_msgs__rosidl_typesupport_cpp.dir/rosidl_typesupport_cpp/slam_msgs/srv/get_global_point_cloud__type_support.cpp.o[0m
[1.485s] [ 72%] [32mBuilding CXX object CMakeFiles/slam_msgs__rosidl_typesupport_introspection_cpp.dir/rosidl_typesupport_introspection_cpp/slam_msgs/srv/detail/get_global_point_cloud__type_support.cpp.o[0m
[1.485s] [ 72%] [32m[1mLinking CXX shared library libslam_msgs__rosidl_typesupport_fastrtps_c.so[0m
[1.572s] [ 73%] Built target slam_msgs__rosidl_typesupport_fastrtps_c
[1.587s] [ 74%] [32mBuilding CXX object CMakeFiles/slam_msgs__rosidl_typesupport_fastrtps_cpp.dir/rosidl_typesupport_fastrtps_cpp/slam_msgs/srv/detail/dds_fastrtps/get_global_point_cloud__type_support.cpp.o[0m
[1.745s] [ 75%] [32m[1mLinking CXX shared library libslam_msgs__rosidl_typesupport_cpp.so[0m
[1.773s] [ 77%] Built target slam_msgs__rosidl_typesupport_cpp
[1.810s] [ 78%] [32m[1mLinking CXX shared library libslam_msgs__rosidl_typesupport_introspection_cpp.so[0m
[1.829s] [ 79%] [32m[1mLinking CXX shared library libslam_msgs__rosidl_typesupport_fastrtps_cpp.so[0m
[1.865s] [ 80%] Built target slam_msgs__rosidl_typesupport_introspection_cpp
[1.882s] [ 81%] Built target slam_msgs__rosidl_typesupport_fastrtps_cpp
[1.899s] [ 81%] Built target slam_msgs
[1.914s] [ 82%] Built target slam_msgs__py
[1.921s] [35m[1mConsolidate compiler generated dependencies of target slam_msgs__rosidl_generator_py[0m
[1.962s] [ 86%] [32mBuilding C object CMakeFiles/slam_msgs__rosidl_generator_py.dir/rosidl_generator_py/slam_msgs/msg/_key_frame_s.c.o[0m
[1.962s] [ 87%] [32mBuilding C object CMakeFiles/slam_msgs__rosidl_generator_py.dir/rosidl_generator_py/slam_msgs/srv/_get_landmarks_in_view_s.c.o[0m
[1.962s] [ 86%] [32mBuilding C object CMakeFiles/slam_msgs__rosidl_generator_py.dir/rosidl_generator_py/slam_msgs/msg/_map_graph_s.c.o[0m
[1.962s] [ 87%] [32mBuilding C object CMakeFiles/slam_msgs__rosidl_generator_py.dir/rosidl_generator_py/slam_msgs/srv/_get_map_s.c.o[0m
[1.962s] [ 90%] [32mBuilding C object CMakeFiles/slam_msgs__rosidl_generator_py.dir/rosidl_generator_py/slam_msgs/srv/_get_global_point_cloud_s.c.o[0m
[1.962s] [ 90%] [32mBuilding C object CMakeFiles/slam_msgs__rosidl_generator_py.dir/rosidl_generator_py/slam_msgs/msg/_map_data_s.c.o[0m
[1.962s] [ 91%] [32mBuilding C object CMakeFiles/slam_msgs__rosidl_generator_py.dir/rosidl_generator_py/slam_msgs/srv/_get_all_landmarks_in_map_s.c.o[0m
[1.962s] [ 91%] [32mBuilding C object CMakeFiles/slam_msgs__rosidl_generator_py.dir/rosidl_generator_py/slam_msgs/msg/_map_point_s.c.o[0m
[2.044s] [ 93%] [32m[1mLinking C shared library rosidl_generator_py/slam_msgs/libslam_msgs__rosidl_generator_py.so[0m
[2.073s] [ 93%] Built target slam_msgs__rosidl_generator_py
[2.079s] [35m[1mConsolidate compiler generated dependencies of target slam_msgs__rosidl_typesupport_introspection_c__pyext[0m
[2.079s] [35m[1mConsolidate compiler generated dependencies of target slam_msgs__rosidl_typesupport_fastrtps_c__pyext[0m
[2.079s] [35m[1mConsolidate compiler generated dependencies of target slam_msgs__rosidl_typesupport_c__pyext[0m
[2.089s] [ 96%] [32mBuilding C object CMakeFiles/slam_msgs__rosidl_typesupport_introspection_c__pyext.dir/rosidl_generator_py/slam_msgs/_slam_msgs_s.ep.rosidl_typesupport_introspection_c.c.o[0m
[2.089s] [ 96%] [32mBuilding C object CMakeFiles/slam_msgs__rosidl_typesupport_c__pyext.dir/rosidl_generator_py/slam_msgs/_slam_msgs_s.ep.rosidl_typesupport_c.c.o[0m
[2.089s] [ 96%] [32mBuilding C object CMakeFiles/slam_msgs__rosidl_typesupport_fastrtps_c__pyext.dir/rosidl_generator_py/slam_msgs/_slam_msgs_s.ep.rosidl_typesupport_fastrtps_c.c.o[0m
[2.154s] [100%] [32m[1mLinking C shared library rosidl_generator_py/slam_msgs/slam_msgs_s__rosidl_typesupport_fastrtps_c.cpython-310-x86_64-linux-gnu.so[0m
[2.154s] [100%] [32m[1mLinking C shared library rosidl_generator_py/slam_msgs/slam_msgs_s__rosidl_typesupport_c.cpython-310-x86_64-linux-gnu.so[0m
[2.154s] [100%] [32m[1mLinking C shared library rosidl_generator_py/slam_msgs/slam_msgs_s__rosidl_typesupport_introspection_c.cpython-310-x86_64-linux-gnu.so[0m
[2.180s] [100%] Built target slam_msgs__rosidl_typesupport_c__pyext
[2.181s] [100%] Built target slam_msgs__rosidl_typesupport_fastrtps_c__pyext
[2.181s] [100%] Built target slam_msgs__rosidl_typesupport_introspection_c__pyext
[2.189s] Invoked command in '/root/build/slam_msgs' returned '0': CMAKE_PREFIX_PATH=${CMAKE_PREFIX_PATH}:/opt/ros/humble /usr/bin/cmake --build /root/build/slam_msgs -- -j24 -l24
[2.301s] Invoking command in '/root/build/slam_msgs': CMAKE_PREFIX_PATH=${CMAKE_PREFIX_PATH}:/opt/ros/humble /usr/bin/cmake --install /root/build/slam_msgs
[2.305s] -- Install configuration: ""
[2.306s] -- Execute custom install script
[2.306s] -- Up-to-date symlink: /root/install/slam_msgs/share/ament_index/resource_index/rosidl_interfaces/slam_msgs
[2.306s] -- Up-to-date symlink: /root/install/slam_msgs/include/slam_msgs/slam_msgs/msg/detail/key_frame__functions.h
[2.306s] -- Up-to-date symlink: /root/install/slam_msgs/include/slam_msgs/slam_msgs/msg/detail/key_frame__struct.h
[2.306s] -- Up-to-date symlink: /root/install/slam_msgs/include/slam_msgs/slam_msgs/msg/detail/key_frame__type_support.h
[2.306s] -- Up-to-date symlink: /root/install/slam_msgs/include/slam_msgs/slam_msgs/msg/detail/map_data__functions.h
[2.307s] -- Up-to-date symlink: /root/install/slam_msgs/include/slam_msgs/slam_msgs/msg/detail/map_data__struct.h
[2.307s] -- Up-to-date symlink: /root/install/slam_msgs/include/slam_msgs/slam_msgs/msg/detail/map_data__type_support.h
[2.307s] -- Up-to-date symlink: /root/install/slam_msgs/include/slam_msgs/slam_msgs/msg/detail/map_graph__functions.h
[2.307s] -- Up-to-date symlink: /root/install/slam_msgs/include/slam_msgs/slam_msgs/msg/detail/map_graph__struct.h
[2.307s] -- Up-to-date symlink: /root/install/slam_msgs/include/slam_msgs/slam_msgs/msg/detail/map_graph__type_support.h
[2.307s] -- Up-to-date symlink: /root/install/slam_msgs/include/slam_msgs/slam_msgs/msg/detail/map_point__functions.h
[2.307s] -- Up-to-date symlink: /root/install/slam_msgs/include/slam_msgs/slam_msgs/msg/detail/map_point__struct.h
[2.307s] -- Up-to-date symlink: /root/install/slam_msgs/include/slam_msgs/slam_msgs/msg/detail/map_point__type_support.h
[2.307s] -- Up-to-date symlink: /root/install/slam_msgs/include/slam_msgs/slam_msgs/msg/key_frame.h
[2.307s] -- Up-to-date symlink: /root/install/slam_msgs/include/slam_msgs/slam_msgs/msg/map_data.h
[2.307s] -- Up-to-date symlink: /root/install/slam_msgs/include/slam_msgs/slam_msgs/msg/map_graph.h
[2.307s] -- Up-to-date symlink: /root/install/slam_msgs/include/slam_msgs/slam_msgs/msg/map_point.h
[2.307s] -- Up-to-date symlink: /root/install/slam_msgs/include/slam_msgs/slam_msgs/msg/rosidl_generator_c__visibility_control.h
[2.307s] -- Up-to-date symlink: /root/install/slam_msgs/include/slam_msgs/slam_msgs/srv/detail/get_all_landmarks_in_map__functions.h
[2.307s] -- Up-to-date symlink: /root/install/slam_msgs/include/slam_msgs/slam_msgs/srv/detail/get_all_landmarks_in_map__struct.h
[2.307s] -- Up-to-date symlink: /root/install/slam_msgs/include/slam_msgs/slam_msgs/srv/detail/get_all_landmarks_in_map__type_support.h
[2.307s] -- Up-to-date symlink: /root/install/slam_msgs/include/slam_msgs/slam_msgs/srv/detail/get_global_point_cloud__functions.h
[2.307s] -- Up-to-date symlink: /root/install/slam_msgs/include/slam_msgs/slam_msgs/srv/detail/get_global_point_cloud__struct.h
[2.307s] -- Up-to-date symlink: /root/install/slam_msgs/include/slam_msgs/slam_msgs/srv/detail/get_global_point_cloud__type_support.h
[2.307s] -- Up-to-date symlink: /root/install/slam_msgs/include/slam_msgs/slam_msgs/srv/detail/get_landmarks_in_view__functions.h
[2.307s] -- Up-to-date symlink: /root/install/slam_msgs/include/slam_msgs/slam_msgs/srv/detail/get_landmarks_in_view__struct.h
[2.307s] -- Up-to-date symlink: /root/install/slam_msgs/include/slam_msgs/slam_msgs/srv/detail/get_landmarks_in_view__type_support.h
[2.307s] -- Up-to-date symlink: /root/install/slam_msgs/include/slam_msgs/slam_msgs/srv/detail/get_map__functions.h
[2.307s] -- Up-to-date symlink: /root/install/slam_msgs/include/slam_msgs/slam_msgs/srv/detail/get_map__struct.h
[2.308s] -- Up-to-date symlink: /root/install/slam_msgs/include/slam_msgs/slam_msgs/srv/detail/get_map__type_support.h
[2.308s] -- Up-to-date symlink: /root/install/slam_msgs/include/slam_msgs/slam_msgs/srv/get_all_landmarks_in_map.h
[2.308s] -- Up-to-date symlink: /root/install/slam_msgs/include/slam_msgs/slam_msgs/srv/get_global_point_cloud.h
[2.308s] -- Up-to-date symlink: /root/install/slam_msgs/include/slam_msgs/slam_msgs/srv/get_landmarks_in_view.h
[2.308s] -- Up-to-date symlink: /root/install/slam_msgs/include/slam_msgs/slam_msgs/srv/get_map.h
[2.308s] -- Up-to-date symlink: /root/install/slam_msgs/share/slam_msgs/environment/library_path.sh
[2.308s] -- Up-to-date symlink: /root/install/slam_msgs/share/slam_msgs/environment/library_path.dsv
[2.308s] -- Up-to-date symlink: /root/install/slam_msgs/include/slam_msgs/slam_msgs/msg/detail/key_frame__rosidl_typesupport_fastrtps_c.h
[2.308s] -- Up-to-date symlink: /root/install/slam_msgs/include/slam_msgs/slam_msgs/msg/detail/map_data__rosidl_typesupport_fastrtps_c.h
[2.308s] -- Up-to-date symlink: /root/install/slam_msgs/include/slam_msgs/slam_msgs/msg/detail/map_graph__rosidl_typesupport_fastrtps_c.h
[2.308s] -- Up-to-date symlink: /root/install/slam_msgs/include/slam_msgs/slam_msgs/msg/detail/map_point__rosidl_typesupport_fastrtps_c.h
[2.308s] -- Up-to-date symlink: /root/install/slam_msgs/include/slam_msgs/slam_msgs/msg/rosidl_typesupport_fastrtps_c__visibility_control.h
[2.308s] -- Up-to-date symlink: /root/install/slam_msgs/include/slam_msgs/slam_msgs/srv/detail/get_all_landmarks_in_map__rosidl_typesupport_fastrtps_c.h
[2.308s] -- Up-to-date symlink: /root/install/slam_msgs/include/slam_msgs/slam_msgs/srv/detail/get_global_point_cloud__rosidl_typesupport_fastrtps_c.h
[2.308s] -- Up-to-date symlink: /root/install/slam_msgs/include/slam_msgs/slam_msgs/srv/detail/get_landmarks_in_view__rosidl_typesupport_fastrtps_c.h
[2.308s] -- Up-to-date symlink: /root/install/slam_msgs/include/slam_msgs/slam_msgs/srv/detail/get_map__rosidl_typesupport_fastrtps_c.h
[2.308s] -- Up-to-date symlink: /root/install/slam_msgs/include/slam_msgs/slam_msgs/msg/detail/key_frame__builder.hpp
[2.308s] -- Up-to-date symlink: /root/install/slam_msgs/include/slam_msgs/slam_msgs/msg/detail/key_frame__struct.hpp
[2.308s] -- Up-to-date symlink: /root/install/slam_msgs/include/slam_msgs/slam_msgs/msg/detail/key_frame__traits.hpp
[2.308s] -- Symlinking: /root/install/slam_msgs/include/slam_msgs/slam_msgs/msg/detail/key_frame__type_support.hpp
[2.314s] -- Up-to-date symlink: /root/install/slam_msgs/include/slam_msgs/slam_msgs/msg/detail/map_data__builder.hpp
[2.314s] -- Up-to-date symlink: /root/install/slam_msgs/include/slam_msgs/slam_msgs/msg/detail/map_data__struct.hpp
[2.314s] -- Up-to-date symlink: /root/install/slam_msgs/include/slam_msgs/slam_msgs/msg/detail/map_data__traits.hpp
[2.314s] -- Symlinking: /root/install/slam_msgs/include/slam_msgs/slam_msgs/msg/detail/map_data__type_support.hpp
[2.318s] -- Up-to-date symlink: /root/install/slam_msgs/include/slam_msgs/slam_msgs/msg/detail/map_graph__builder.hpp
[2.318s] -- Up-to-date symlink: /root/install/slam_msgs/include/slam_msgs/slam_msgs/msg/detail/map_graph__struct.hpp
[2.318s] -- Up-to-date symlink: /root/install/slam_msgs/include/slam_msgs/slam_msgs/msg/detail/map_graph__traits.hpp
[2.318s] -- Symlinking: /root/install/slam_msgs/include/slam_msgs/slam_msgs/msg/detail/map_graph__type_support.hpp
[2.323s] -- Up-to-date symlink: /root/install/slam_msgs/include/slam_msgs/slam_msgs/msg/detail/map_point__builder.hpp
[2.323s] -- Up-to-date symlink: /root/install/slam_msgs/include/slam_msgs/slam_msgs/msg/detail/map_point__struct.hpp
[2.323s] -- Up-to-date symlink: /root/install/slam_msgs/include/slam_msgs/slam_msgs/msg/detail/map_point__traits.hpp
[2.323s] -- Symlinking: /root/install/slam_msgs/include/slam_msgs/slam_msgs/msg/detail/map_point__type_support.hpp
[2.328s] -- Up-to-date symlink: /root/install/slam_msgs/include/slam_msgs/slam_msgs/msg/key_frame.hpp
[2.328s] -- Up-to-date symlink: /root/install/slam_msgs/include/slam_msgs/slam_msgs/msg/map_data.hpp
[2.328s] -- Up-to-date symlink: /root/install/slam_msgs/include/slam_msgs/slam_msgs/msg/map_graph.hpp
[2.328s] -- Up-to-date symlink: /root/install/slam_msgs/include/slam_msgs/slam_msgs/msg/map_point.hpp
[2.328s] -- Symlinking: /root/install/slam_msgs/include/slam_msgs/slam_msgs/msg/rosidl_generator_cpp__visibility_control.hpp
[2.333s] -- Up-to-date symlink: /root/install/slam_msgs/include/slam_msgs/slam_msgs/srv/detail/get_all_landmarks_in_map__builder.hpp
[2.334s] -- Up-to-date symlink: /root/install/slam_msgs/include/slam_msgs/slam_msgs/srv/detail/get_all_landmarks_in_map__struct.hpp
[2.334s] -- Up-to-date symlink: /root/install/slam_msgs/include/slam_msgs/slam_msgs/srv/detail/get_all_landmarks_in_map__traits.hpp
[2.334s] -- Symlinking: /root/install/slam_msgs/include/slam_msgs/slam_msgs/srv/detail/get_all_landmarks_in_map__type_support.hpp
[2.338s] -- Up-to-date symlink: /root/install/slam_msgs/include/slam_msgs/slam_msgs/srv/detail/get_global_point_cloud__builder.hpp
[2.338s] -- Up-to-date symlink: /root/install/slam_msgs/include/slam_msgs/slam_msgs/srv/detail/get_global_point_cloud__struct.hpp
[2.338s] -- Up-to-date symlink: /root/install/slam_msgs/include/slam_msgs/slam_msgs/srv/detail/get_global_point_cloud__traits.hpp
[2.339s] -- Symlinking: /root/install/slam_msgs/include/slam_msgs/slam_msgs/srv/detail/get_global_point_cloud__type_support.hpp
[2.345s] -- Up-to-date symlink: /root/install/slam_msgs/include/slam_msgs/slam_msgs/srv/detail/get_landmarks_in_view__builder.hpp
[2.345s] -- Up-to-date symlink: /root/install/slam_msgs/include/slam_msgs/slam_msgs/srv/detail/get_landmarks_in_view__struct.hpp
[2.345s] -- Up-to-date symlink: /root/install/slam_msgs/include/slam_msgs/slam_msgs/srv/detail/get_landmarks_in_view__traits.hpp
[2.345s] -- Symlinking: /root/install/slam_msgs/include/slam_msgs/slam_msgs/srv/detail/get_landmarks_in_view__type_support.hpp
[2.349s] -- Up-to-date symlink: /root/install/slam_msgs/include/slam_msgs/slam_msgs/srv/detail/get_map__builder.hpp
[2.349s] -- Up-to-date symlink: /root/install/slam_msgs/include/slam_msgs/slam_msgs/srv/detail/get_map__struct.hpp
[2.349s] -- Up-to-date symlink: /root/install/slam_msgs/include/slam_msgs/slam_msgs/srv/detail/get_map__traits.hpp
[2.349s] -- Symlinking: /root/install/slam_msgs/include/slam_msgs/slam_msgs/srv/detail/get_map__type_support.hpp
[2.354s] -- Up-to-date symlink: /root/install/slam_msgs/include/slam_msgs/slam_msgs/srv/get_all_landmarks_in_map.hpp
[2.354s] -- Up-to-date symlink: /root/install/slam_msgs/include/slam_msgs/slam_msgs/srv/get_global_point_cloud.hpp
[2.354s] -- Up-to-date symlink: /root/install/slam_msgs/include/slam_msgs/slam_msgs/srv/get_landmarks_in_view.hpp
[2.354s] -- Up-to-date symlink: /root/install/slam_msgs/include/slam_msgs/slam_msgs/srv/get_map.hpp
[2.354s] -- Up-to-date symlink: /root/install/slam_msgs/include/slam_msgs/slam_msgs/msg/detail/key_frame__rosidl_typesupport_fastrtps_cpp.hpp
[2.354s] -- Up-to-date symlink: /root/install/slam_msgs/include/slam_msgs/slam_msgs/msg/detail/map_data__rosidl_typesupport_fastrtps_cpp.hpp
[2.354s] -- Up-to-date symlink: /root/install/slam_msgs/include/slam_msgs/slam_msgs/msg/detail/map_graph__rosidl_typesupport_fastrtps_cpp.hpp
[2.354s] -- Up-to-date symlink: /root/install/slam_msgs/include/slam_msgs/slam_msgs/msg/detail/map_point__rosidl_typesupport_fastrtps_cpp.hpp
[2.354s] -- Up-to-date symlink: /root/install/slam_msgs/include/slam_msgs/slam_msgs/msg/rosidl_typesupport_fastrtps_cpp__visibility_control.h
[2.357s] -- Up-to-date symlink: /root/install/slam_msgs/include/slam_msgs/slam_msgs/srv/detail/get_all_landmarks_in_map__rosidl_typesupport_fastrtps_cpp.hpp
[2.357s] -- Up-to-date symlink: /root/install/slam_msgs/include/slam_msgs/slam_msgs/srv/detail/get_global_point_cloud__rosidl_typesupport_fastrtps_cpp.hpp
[2.357s] -- Up-to-date symlink: /root/install/slam_msgs/include/slam_msgs/slam_msgs/srv/detail/get_landmarks_in_view__rosidl_typesupport_fastrtps_cpp.hpp
[2.357s] -- Up-to-date symlink: /root/install/slam_msgs/include/slam_msgs/slam_msgs/srv/detail/get_map__rosidl_typesupport_fastrtps_cpp.hpp
[2.357s] -- Up-to-date symlink: /root/install/slam_msgs/include/slam_msgs/slam_msgs/msg/detail/key_frame__rosidl_typesupport_introspection_c.h
[2.357s] -- Up-to-date symlink: /root/install/slam_msgs/include/slam_msgs/slam_msgs/msg/detail/map_data__rosidl_typesupport_introspection_c.h
[2.357s] -- Up-to-date symlink: /root/install/slam_msgs/include/slam_msgs/slam_msgs/msg/detail/map_graph__rosidl_typesupport_introspection_c.h
[2.357s] -- Up-to-date symlink: /root/install/slam_msgs/include/slam_msgs/slam_msgs/msg/detail/map_point__rosidl_typesupport_introspection_c.h
[2.357s] -- Up-to-date symlink: /root/install/slam_msgs/include/slam_msgs/slam_msgs/msg/rosidl_typesupport_introspection_c__visibility_control.h
[2.357s] -- Up-to-date symlink: /root/install/slam_msgs/include/slam_msgs/slam_msgs/srv/detail/get_all_landmarks_in_map__rosidl_typesupport_introspection_c.h
[2.357s] -- Up-to-date symlink: /root/install/slam_msgs/include/slam_msgs/slam_msgs/srv/detail/get_global_point_cloud__rosidl_typesupport_introspection_c.h
[2.357s] -- Up-to-date symlink: /root/install/slam_msgs/include/slam_msgs/slam_msgs/srv/detail/get_landmarks_in_view__rosidl_typesupport_introspection_c.h
[2.357s] -- Up-to-date symlink: /root/install/slam_msgs/include/slam_msgs/slam_msgs/srv/detail/get_map__rosidl_typesupport_introspection_c.h
[2.357s] -- Up-to-date symlink: /root/install/slam_msgs/include/slam_msgs/slam_msgs/msg/detail/key_frame__rosidl_typesupport_introspection_cpp.hpp
[2.358s] -- Up-to-date symlink: /root/install/slam_msgs/include/slam_msgs/slam_msgs/msg/detail/map_data__rosidl_typesupport_introspection_cpp.hpp
[2.358s] -- Up-to-date symlink: /root/install/slam_msgs/include/slam_msgs/slam_msgs/msg/detail/map_graph__rosidl_typesupport_introspection_cpp.hpp
[2.358s] -- Up-to-date symlink: /root/install/slam_msgs/include/slam_msgs/slam_msgs/msg/detail/map_point__rosidl_typesupport_introspection_cpp.hpp
[2.358s] -- Up-to-date symlink: /root/install/slam_msgs/include/slam_msgs/slam_msgs/srv/detail/get_all_landmarks_in_map__rosidl_typesupport_introspection_cpp.hpp
[2.358s] -- Up-to-date symlink: /root/install/slam_msgs/include/slam_msgs/slam_msgs/srv/detail/get_global_point_cloud__rosidl_typesupport_introspection_cpp.hpp
[2.358s] -- Up-to-date symlink: /root/install/slam_msgs/include/slam_msgs/slam_msgs/srv/detail/get_landmarks_in_view__rosidl_typesupport_introspection_cpp.hpp
[2.358s] -- Up-to-date symlink: /root/install/slam_msgs/include/slam_msgs/slam_msgs/srv/detail/get_map__rosidl_typesupport_introspection_cpp.hpp
[2.358s] -- Up-to-date symlink: /root/install/slam_msgs/share/slam_msgs/environment/pythonpath.sh
[2.358s] -- Up-to-date symlink: /root/install/slam_msgs/share/slam_msgs/environment/pythonpath.dsv
[2.358s] -- Up-to-date symlink: /root/install/slam_msgs/local/lib/python3.10/dist-packages/slam_msgs-1.0.0-py3.10.egg-info/PKG-INFO
[2.358s] -- Up-to-date symlink: /root/install/slam_msgs/local/lib/python3.10/dist-packages/slam_msgs-1.0.0-py3.10.egg-info/SOURCES.txt
[2.358s] -- Up-to-date symlink: /root/install/slam_msgs/local/lib/python3.10/dist-packages/slam_msgs-1.0.0-py3.10.egg-info/dependency_links.txt
[2.358s] -- Up-to-date symlink: /root/install/slam_msgs/local/lib/python3.10/dist-packages/slam_msgs-1.0.0-py3.10.egg-info/top_level.txt
[2.358s] -- Up-to-date symlink: /root/install/slam_msgs/local/lib/python3.10/dist-packages/slam_msgs/__init__.py
[2.358s] -- Up-to-date symlink: /root/install/slam_msgs/local/lib/python3.10/dist-packages/slam_msgs/_slam_msgs_s.ep.rosidl_typesupport_c.c
[2.358s] -- Up-to-date symlink: /root/install/slam_msgs/local/lib/python3.10/dist-packages/slam_msgs/_slam_msgs_s.ep.rosidl_typesupport_fastrtps_c.c
[2.358s] -- Up-to-date symlink: /root/install/slam_msgs/local/lib/python3.10/dist-packages/slam_msgs/_slam_msgs_s.ep.rosidl_typesupport_introspection_c.c
[2.359s] -- Up-to-date symlink: /root/install/slam_msgs/local/lib/python3.10/dist-packages/slam_msgs/libslam_msgs__rosidl_generator_py.so
[2.359s] -- Up-to-date symlink: /root/install/slam_msgs/local/lib/python3.10/dist-packages/slam_msgs/msg/__init__.py
[2.359s] -- Up-to-date symlink: /root/install/slam_msgs/local/lib/python3.10/dist-packages/slam_msgs/msg/_key_frame.py
[2.359s] -- Up-to-date symlink: /root/install/slam_msgs/local/lib/python3.10/dist-packages/slam_msgs/msg/_key_frame_s.c
[2.359s] -- Up-to-date symlink: /root/install/slam_msgs/local/lib/python3.10/dist-packages/slam_msgs/msg/_map_data.py
[2.359s] -- Up-to-date symlink: /root/install/slam_msgs/local/lib/python3.10/dist-packages/slam_msgs/msg/_map_data_s.c
[2.359s] -- Up-to-date symlink: /root/install/slam_msgs/local/lib/python3.10/dist-packages/slam_msgs/msg/_map_graph.py
[2.359s] -- Up-to-date symlink: /root/install/slam_msgs/local/lib/python3.10/dist-packages/slam_msgs/msg/_map_graph_s.c
[2.359s] -- Up-to-date symlink: /root/install/slam_msgs/local/lib/python3.10/dist-packages/slam_msgs/msg/_map_point.py
[2.359s] -- Up-to-date symlink: /root/install/slam_msgs/local/lib/python3.10/dist-packages/slam_msgs/msg/_map_point_s.c
[2.359s] -- Up-to-date symlink: /root/install/slam_msgs/local/lib/python3.10/dist-packages/slam_msgs/slam_msgs_s__rosidl_typesupport_c.cpython-310-x86_64-linux-gnu.so
[2.359s] -- Up-to-date symlink: /root/install/slam_msgs/local/lib/python3.10/dist-packages/slam_msgs/slam_msgs_s__rosidl_typesupport_fastrtps_c.cpython-310-x86_64-linux-gnu.so
[2.359s] -- Up-to-date symlink: /root/install/slam_msgs/local/lib/python3.10/dist-packages/slam_msgs/slam_msgs_s__rosidl_typesupport_introspection_c.cpython-310-x86_64-linux-gnu.so
[2.359s] -- Up-to-date symlink: /root/install/slam_msgs/local/lib/python3.10/dist-packages/slam_msgs/srv/__init__.py
[2.359s] -- Up-to-date symlink: /root/install/slam_msgs/local/lib/python3.10/dist-packages/slam_msgs/srv/_get_all_landmarks_in_map.py
[2.359s] -- Up-to-date symlink: /root/install/slam_msgs/local/lib/python3.10/dist-packages/slam_msgs/srv/_get_all_landmarks_in_map_s.c
[2.359s] -- Up-to-date symlink: /root/install/slam_msgs/local/lib/python3.10/dist-packages/slam_msgs/srv/_get_global_point_cloud.py
[2.359s] -- Up-to-date symlink: /root/install/slam_msgs/local/lib/python3.10/dist-packages/slam_msgs/srv/_get_global_point_cloud_s.c
[2.359s] -- Up-to-date symlink: /root/install/slam_msgs/local/lib/python3.10/dist-packages/slam_msgs/srv/_get_landmarks_in_view.py
[2.359s] -- Up-to-date symlink: /root/install/slam_msgs/local/lib/python3.10/dist-packages/slam_msgs/srv/_get_landmarks_in_view_s.c
[2.359s] -- Up-to-date symlink: /root/install/slam_msgs/local/lib/python3.10/dist-packages/slam_msgs/srv/_get_map.py
[2.360s] -- Up-to-date symlink: /root/install/slam_msgs/local/lib/python3.10/dist-packages/slam_msgs/srv/_get_map_s.c
[2.360s] -- Up-to-date symlink: /root/install/slam_msgs/local/lib/python3.10/dist-packages/slam_msgs/slam_msgs_s__rosidl_typesupport_fastrtps_c.cpython-310-x86_64-linux-gnu.so
[2.360s] -- Up-to-date symlink: /root/install/slam_msgs/local/lib/python3.10/dist-packages/slam_msgs/slam_msgs_s__rosidl_typesupport_introspection_c.cpython-310-x86_64-linux-gnu.so
[2.360s] -- Up-to-date symlink: /root/install/slam_msgs/local/lib/python3.10/dist-packages/slam_msgs/slam_msgs_s__rosidl_typesupport_c.cpython-310-x86_64-linux-gnu.so
[2.360s] -- Up-to-date symlink: /root/install/slam_msgs/share/slam_msgs/msg/MapGraph.idl
[2.360s] -- Up-to-date symlink: /root/install/slam_msgs/share/slam_msgs/msg/MapData.idl
[2.360s] -- Up-to-date symlink: /root/install/slam_msgs/share/slam_msgs/msg/KeyFrame.idl
[2.360s] -- Up-to-date symlink: /root/install/slam_msgs/share/slam_msgs/msg/MapPoint.idl
[2.360s] -- Up-to-date symlink: /root/install/slam_msgs/share/slam_msgs/srv/GetMap.idl
[2.360s] -- Up-to-date symlink: /root/install/slam_msgs/share/slam_msgs/srv/GetLandmarksInView.idl
[2.360s] -- Up-to-date symlink: /root/install/slam_msgs/share/slam_msgs/srv/GetAllLandmarksInMap.idl
[2.360s] -- Up-to-date symlink: /root/install/slam_msgs/share/slam_msgs/srv/GetGlobalPointCloud.idl
[2.360s] -- Up-to-date symlink: /root/install/slam_msgs/share/slam_msgs/msg/MapGraph.msg
[2.360s] -- Up-to-date symlink: /root/install/slam_msgs/share/slam_msgs/msg/MapData.msg
[2.360s] -- Up-to-date symlink: /root/install/slam_msgs/share/slam_msgs/msg/KeyFrame.msg
[2.360s] -- Up-to-date symlink: /root/install/slam_msgs/share/slam_msgs/msg/MapPoint.msg
[2.360s] -- Up-to-date symlink: /root/install/slam_msgs/share/slam_msgs/srv/GetMap.srv
[2.360s] -- Up-to-date symlink: /root/install/slam_msgs/share/slam_msgs/srv/GetMap_Request.msg
[2.360s] -- Up-to-date symlink: /root/install/slam_msgs/share/slam_msgs/srv/GetMap_Response.msg
[2.360s] -- Up-to-date symlink: /root/install/slam_msgs/share/slam_msgs/srv/GetLandmarksInView.srv
[2.360s] -- Up-to-date symlink: /root/install/slam_msgs/share/slam_msgs/srv/GetLandmarksInView_Request.msg
[2.360s] -- Up-to-date symlink: /root/install/slam_msgs/share/slam_msgs/srv/GetLandmarksInView_Response.msg
[2.360s] -- Up-to-date symlink: /root/install/slam_msgs/share/slam_msgs/srv/GetAllLandmarksInMap.srv
[2.360s] -- Up-to-date symlink: /root/install/slam_msgs/share/slam_msgs/srv/GetAllLandmarksInMap_Request.msg
[2.360s] -- Up-to-date symlink: /root/install/slam_msgs/share/slam_msgs/srv/GetAllLandmarksInMap_Response.msg
[2.360s] -- Up-to-date symlink: /root/install/slam_msgs/share/slam_msgs/srv/GetGlobalPointCloud.srv
[2.360s] -- Up-to-date symlink: /root/install/slam_msgs/share/slam_msgs/srv/GetGlobalPointCloud_Request.msg
[2.360s] -- Up-to-date symlink: /root/install/slam_msgs/share/slam_msgs/srv/GetGlobalPointCloud_Response.msg
[2.360s] -- Up-to-date symlink: /root/install/slam_msgs/share/ament_index/resource_index/package_run_dependencies/slam_msgs
[2.360s] -- Up-to-date symlink: /root/install/slam_msgs/share/ament_index/resource_index/parent_prefix_path/slam_msgs
[2.360s] -- Up-to-date symlink: /root/install/slam_msgs/share/slam_msgs/environment/ament_prefix_path.sh
[2.360s] -- Up-to-date symlink: /root/install/slam_msgs/share/slam_msgs/environment/ament_prefix_path.dsv
[2.360s] -- Up-to-date symlink: /root/install/slam_msgs/share/slam_msgs/environment/path.sh
[2.360s] -- Up-to-date symlink: /root/install/slam_msgs/share/slam_msgs/environment/path.dsv
[2.361s] -- Up-to-date symlink: /root/install/slam_msgs/share/slam_msgs/local_setup.bash
[2.361s] -- Up-to-date symlink: /root/install/slam_msgs/share/slam_msgs/local_setup.sh
[2.361s] -- Up-to-date symlink: /root/install/slam_msgs/share/slam_msgs/local_setup.zsh
[2.361s] -- Up-to-date symlink: /root/install/slam_msgs/share/slam_msgs/local_setup.dsv
[2.361s] -- Symlinking: /root/install/slam_msgs/share/slam_msgs/package.dsv
[2.365s] -- Up-to-date symlink: /root/install/slam_msgs/share/ament_index/resource_index/packages/slam_msgs
[2.365s] -- Up-to-date symlink: /root/install/slam_msgs/share/slam_msgs/cmake/rosidl_cmake-extras.cmake
[2.365s] -- Up-to-date symlink: /root/install/slam_msgs/share/slam_msgs/cmake/ament_cmake_export_dependencies-extras.cmake
[2.365s] -- Up-to-date symlink: /root/install/slam_msgs/share/slam_msgs/cmake/ament_cmake_export_include_directories-extras.cmake
[2.365s] -- Up-to-date symlink: /root/install/slam_msgs/share/slam_msgs/cmake/ament_cmake_export_libraries-extras.cmake
[2.365s] -- Up-to-date symlink: /root/install/slam_msgs/share/slam_msgs/cmake/ament_cmake_export_targets-extras.cmake
[2.365s] -- Up-to-date symlink: /root/install/slam_msgs/share/slam_msgs/cmake/rosidl_cmake_export_typesupport_targets-extras.cmake
[2.365s] -- Up-to-date symlink: /root/install/slam_msgs/share/slam_msgs/cmake/rosidl_cmake_export_typesupport_libraries-extras.cmake
[2.365s] -- Up-to-date symlink: /root/install/slam_msgs/share/slam_msgs/cmake/slam_msgsConfig.cmake
[2.365s] -- Up-to-date symlink: /root/install/slam_msgs/share/slam_msgs/cmake/slam_msgsConfig-version.cmake
[2.365s] -- Up-to-date symlink: /root/install/slam_msgs/share/slam_msgs/package.xml
[2.365s] -- Installing: /root/install/slam_msgs/lib/libslam_msgs__rosidl_generator_c.so
[2.366s] -- Set runtime path of "/root/install/slam_msgs/lib/libslam_msgs__rosidl_generator_c.so" to ""
[2.366s] -- Installing: /root/install/slam_msgs/lib/libslam_msgs__rosidl_typesupport_fastrtps_c.so
[2.366s] -- Set runtime path of "/root/install/slam_msgs/lib/libslam_msgs__rosidl_typesupport_fastrtps_c.so" to ""
[2.377s] -- Installing: /root/install/slam_msgs/lib/libslam_msgs__rosidl_typesupport_fastrtps_cpp.so
[2.377s] -- Set runtime path of "/root/install/slam_msgs/lib/libslam_msgs__rosidl_typesupport_fastrtps_cpp.so" to ""
[2.377s] -- Installing: /root/install/slam_msgs/lib/libslam_msgs__rosidl_typesupport_introspection_c.so
[2.378s] -- Set runtime path of "/root/install/slam_msgs/lib/libslam_msgs__rosidl_typesupport_introspection_c.so" to ""
[2.378s] -- Installing: /root/install/slam_msgs/lib/libslam_msgs__rosidl_typesupport_c.so
[2.378s] -- Set runtime path of "/root/install/slam_msgs/lib/libslam_msgs__rosidl_typesupport_c.so" to ""
[2.382s] -- Installing: /root/install/slam_msgs/lib/libslam_msgs__rosidl_typesupport_introspection_cpp.so
[2.383s] -- Set runtime path of "/root/install/slam_msgs/lib/libslam_msgs__rosidl_typesupport_introspection_cpp.so" to ""
[2.383s] -- Installing: /root/install/slam_msgs/lib/libslam_msgs__rosidl_typesupport_cpp.so
[2.383s] -- Set runtime path of "/root/install/slam_msgs/lib/libslam_msgs__rosidl_typesupport_cpp.so" to ""
[2.407s] Listing '/root/install/slam_msgs/local/lib/python3.10/dist-packages/slam_msgs'...
[2.407s] Compiling '/root/install/slam_msgs/local/lib/python3.10/dist-packages/slam_msgs/__init__.py'...
[2.407s] Listing '/root/install/slam_msgs/local/lib/python3.10/dist-packages/slam_msgs/msg'...
[2.407s] Compiling '/root/install/slam_msgs/local/lib/python3.10/dist-packages/slam_msgs/msg/__init__.py'...
[2.407s] Compiling '/root/install/slam_msgs/local/lib/python3.10/dist-packages/slam_msgs/msg/_key_frame.py'...
[2.407s] Compiling '/root/install/slam_msgs/local/lib/python3.10/dist-packages/slam_msgs/msg/_map_data.py'...
[2.407s] Compiling '/root/install/slam_msgs/local/lib/python3.10/dist-packages/slam_msgs/msg/_map_graph.py'...
[2.407s] Compiling '/root/install/slam_msgs/local/lib/python3.10/dist-packages/slam_msgs/msg/_map_point.py'...
[2.407s] Listing '/root/install/slam_msgs/local/lib/python3.10/dist-packages/slam_msgs/srv'...
[2.407s] Compiling '/root/install/slam_msgs/local/lib/python3.10/dist-packages/slam_msgs/srv/__init__.py'...
[2.407s] Compiling '/root/install/slam_msgs/local/lib/python3.10/dist-packages/slam_msgs/srv/_get_all_landmarks_in_map.py'...
[2.407s] Compiling '/root/install/slam_msgs/local/lib/python3.10/dist-packages/slam_msgs/srv/_get_global_point_cloud.py'...
[2.407s] Compiling '/root/install/slam_msgs/local/lib/python3.10/dist-packages/slam_msgs/srv/_get_landmarks_in_view.py'...
[2.407s] Compiling '/root/install/slam_msgs/local/lib/python3.10/dist-packages/slam_msgs/srv/_get_map.py'...
[2.409s] -- Installing: /root/install/slam_msgs/lib/libslam_msgs__rosidl_generator_py.so
[2.410s] -- Set runtime path of "/root/install/slam_msgs/lib/libslam_msgs__rosidl_generator_py.so" to ""
[2.410s] -- Up-to-date: /root/install/slam_msgs/share/slam_msgs/cmake/export_slam_msgs__rosidl_generator_cExport.cmake
[2.410s] -- Up-to-date: /root/install/slam_msgs/share/slam_msgs/cmake/export_slam_msgs__rosidl_generator_cExport-noconfig.cmake
[2.410s] -- Up-to-date: /root/install/slam_msgs/share/slam_msgs/cmake/export_slam_msgs__rosidl_typesupport_fastrtps_cExport.cmake
[2.410s] -- Up-to-date: /root/install/slam_msgs/share/slam_msgs/cmake/export_slam_msgs__rosidl_typesupport_fastrtps_cExport-noconfig.cmake
[2.410s] -- Up-to-date: /root/install/slam_msgs/share/slam_msgs/cmake/export_slam_msgs__rosidl_generator_cppExport.cmake
[2.410s] -- Up-to-date: /root/install/slam_msgs/share/slam_msgs/cmake/export_slam_msgs__rosidl_typesupport_fastrtps_cppExport.cmake
[2.411s] -- Up-to-date: /root/install/slam_msgs/share/slam_msgs/cmake/export_slam_msgs__rosidl_typesupport_fastrtps_cppExport-noconfig.cmake
[2.411s] -- Up-to-date: /root/install/slam_msgs/share/slam_msgs/cmake/slam_msgs__rosidl_typesupport_introspection_cExport.cmake
[2.411s] -- Up-to-date: /root/install/slam_msgs/share/slam_msgs/cmake/slam_msgs__rosidl_typesupport_introspection_cExport-noconfig.cmake
[2.411s] -- Up-to-date: /root/install/slam_msgs/share/slam_msgs/cmake/slam_msgs__rosidl_typesupport_cExport.cmake
[2.411s] -- Up-to-date: /root/install/slam_msgs/share/slam_msgs/cmake/slam_msgs__rosidl_typesupport_cExport-noconfig.cmake
[2.411s] -- Up-to-date: /root/install/slam_msgs/share/slam_msgs/cmake/slam_msgs__rosidl_typesupport_introspection_cppExport.cmake
[2.411s] -- Up-to-date: /root/install/slam_msgs/share/slam_msgs/cmake/slam_msgs__rosidl_typesupport_introspection_cppExport-noconfig.cmake
[2.411s] -- Up-to-date: /root/install/slam_msgs/share/slam_msgs/cmake/slam_msgs__rosidl_typesupport_cppExport.cmake
[2.411s] -- Up-to-date: /root/install/slam_msgs/share/slam_msgs/cmake/slam_msgs__rosidl_typesupport_cppExport-noconfig.cmake
[2.411s] -- Up-to-date: /root/install/slam_msgs/share/slam_msgs/cmake/export_slam_msgs__rosidl_generator_pyExport.cmake
[2.411s] -- Up-to-date: /root/install/slam_msgs/share/slam_msgs/cmake/export_slam_msgs__rosidl_generator_pyExport-noconfig.cmake
[2.412s] Invoked command in '/root/build/slam_msgs' returned '0': CMAKE_PREFIX_PATH=${CMAKE_PREFIX_PATH}:/opt/ros/humble /usr/bin/cmake --install /root/build/slam_msgs
