[0.102s] DEBUG:colcon:Command line arguments: ['/usr/bin/colcon', 'build', '--symlink-install']
[0.102s] DEBUG:colcon:Parsed command line arguments: Namespace(log_base=None, log_level=None, verb_name='build', build_base='build', install_base='install', merge_install=False, symlink_install=True, test_result_base=None, continue_on_error=False, executor='parallel', parallel_workers=12, event_handlers=None, ignore_user_meta=False, metas=['./colcon.meta'], base_paths=['.'], packages_ignore=None, packages_ignore_regex=None, paths=None, packages_up_to=None, packages_up_to_regex=None, packages_above=None, packages_above_and_dependencies=None, packages_above_depth=None, packages_select_by_dep=None, packages_skip_by_dep=None, packages_skip_up_to=None, packages_select_build_failed=False, packages_skip_build_finished=False, packages_select_test_failures=False, packages_skip_test_passed=False, packages_select=None, packages_skip=None, packages_select_regex=None, packages_skip_regex=None, packages_start=None, packages_end=None, cmake_args=None, cmake_target=None, cmake_target_skip_unavailable=False, cmake_clean_cache=False, cmake_clean_first=False, cmake_force_configure=False, ament_cmake_args=None, catkin_cmake_args=None, catkin_skip_building_tests=False, mixin_files=None, mixin=None, verb_parser=<colcon_mixin.mixin.mixin_argument.MixinArgumentDecorator object at 0x79348d5f84c0>, verb_extension=<colcon_core.verb.build.BuildVerb object at 0x79348d6fcbe0>, main=<bound method BuildVerb.main of <colcon_core.verb.build.BuildVerb object at 0x79348d6fcbe0>>, mixin_verb=('build',))
[0.242s] Level 1:colcon.colcon_core.package_discovery:discover_packages(colcon_meta) check parameters
[0.243s] Level 1:colcon.colcon_core.package_discovery:discover_packages(recursive) check parameters
[0.243s] Level 1:colcon.colcon_core.package_discovery:discover_packages(ignore) check parameters
[0.243s] Level 1:colcon.colcon_core.package_discovery:discover_packages(path) check parameters
[0.243s] Level 1:colcon.colcon_core.package_discovery:discover_packages(colcon_meta) discover
[0.243s] Level 1:colcon.colcon_core.package_discovery:discover_packages(recursive) discover
[0.243s] INFO:colcon.colcon_core.package_discovery:Crawling recursively for packages in '/root'
[0.243s] Level 1:colcon.colcon_core.package_identification:_identify(.) by extensions ['ignore', 'ignore_ament_install']
[0.243s] Level 1:colcon.colcon_core.package_identification:_identify(.) by extension 'ignore'
[0.243s] Level 1:colcon.colcon_core.package_identification:_identify(.) by extension 'ignore_ament_install'
[0.243s] Level 1:colcon.colcon_core.package_identification:_identify(.) by extensions ['colcon_pkg']
[0.243s] Level 1:colcon.colcon_core.package_identification:_identify(.) by extension 'colcon_pkg'
[0.243s] Level 1:colcon.colcon_core.package_identification:_identify(.) by extensions ['colcon_meta']
[0.243s] Level 1:colcon.colcon_core.package_identification:_identify(.) by extension 'colcon_meta'
[0.243s] Level 1:colcon.colcon_core.package_identification:_identify(.) by extensions ['ros']
[0.243s] Level 1:colcon.colcon_core.package_identification:_identify(.) by extension 'ros'
[0.254s] Level 1:colcon.colcon_core.package_identification:_identify(.) by extensions ['cmake', 'python']
[0.254s] Level 1:colcon.colcon_core.package_identification:_identify(.) by extension 'cmake'
[0.254s] Level 1:colcon.colcon_core.package_identification:_identify(.) by extension 'python'
[0.254s] Level 1:colcon.colcon_core.package_identification:_identify(.) by extensions ['python_setup_py']
[0.254s] Level 1:colcon.colcon_core.package_identification:_identify(.) by extension 'python_setup_py'
[0.254s] Level 1:colcon.colcon_core.package_identification:_identify(build) by extensions ['ignore', 'ignore_ament_install']
[0.254s] Level 1:colcon.colcon_core.package_identification:_identify(build) by extension 'ignore'
[0.254s] Level 1:colcon.colcon_core.package_identification:_identify(build) ignored
[0.255s] Level 1:colcon.colcon_core.package_identification:_identify(colcon_ws) by extensions ['ignore', 'ignore_ament_install']
[0.255s] Level 1:colcon.colcon_core.package_identification:_identify(colcon_ws) by extension 'ignore'
[0.255s] Level 1:colcon.colcon_core.package_identification:_identify(colcon_ws) by extension 'ignore_ament_install'
[0.255s] Level 1:colcon.colcon_core.package_identification:_identify(colcon_ws) by extensions ['colcon_pkg']
[0.255s] Level 1:colcon.colcon_core.package_identification:_identify(colcon_ws) by extension 'colcon_pkg'
[0.255s] Level 1:colcon.colcon_core.package_identification:_identify(colcon_ws) by extensions ['colcon_meta']
[0.255s] Level 1:colcon.colcon_core.package_identification:_identify(colcon_ws) by extension 'colcon_meta'
[0.255s] Level 1:colcon.colcon_core.package_identification:_identify(colcon_ws) by extensions ['ros']
[0.255s] Level 1:colcon.colcon_core.package_identification:_identify(colcon_ws) by extension 'ros'
[0.255s] Level 1:colcon.colcon_core.package_identification:_identify(colcon_ws) by extensions ['cmake', 'python']
[0.255s] Level 1:colcon.colcon_core.package_identification:_identify(colcon_ws) by extension 'cmake'
[0.255s] Level 1:colcon.colcon_core.package_identification:_identify(colcon_ws) by extension 'python'
[0.255s] Level 1:colcon.colcon_core.package_identification:_identify(colcon_ws) by extensions ['python_setup_py']
[0.255s] Level 1:colcon.colcon_core.package_identification:_identify(colcon_ws) by extension 'python_setup_py'
[0.255s] Level 1:colcon.colcon_core.package_identification:_identify(colcon_ws/build) by extensions ['ignore', 'ignore_ament_install']
[0.255s] Level 1:colcon.colcon_core.package_identification:_identify(colcon_ws/build) by extension 'ignore'
[0.255s] Level 1:colcon.colcon_core.package_identification:_identify(colcon_ws/build) ignored
[0.255s] Level 1:colcon.colcon_core.package_identification:_identify(colcon_ws/install) by extensions ['ignore', 'ignore_ament_install']
[0.256s] Level 1:colcon.colcon_core.package_identification:_identify(colcon_ws/install) by extension 'ignore'
[0.256s] Level 1:colcon.colcon_core.package_identification:_identify(colcon_ws/install) ignored
[0.256s] Level 1:colcon.colcon_core.package_identification:_identify(colcon_ws/log) by extensions ['ignore', 'ignore_ament_install']
[0.256s] Level 1:colcon.colcon_core.package_identification:_identify(colcon_ws/log) by extension 'ignore'
[0.256s] Level 1:colcon.colcon_core.package_identification:_identify(colcon_ws/log) ignored
[0.256s] Level 1:colcon.colcon_core.package_identification:_identify(colcon_ws/src) by extensions ['ignore', 'ignore_ament_install']
[0.256s] Level 1:colcon.colcon_core.package_identification:_identify(colcon_ws/src) by extension 'ignore'
[0.256s] Level 1:colcon.colcon_core.package_identification:_identify(colcon_ws/src) by extension 'ignore_ament_install'
[0.256s] Level 1:colcon.colcon_core.package_identification:_identify(colcon_ws/src) by extensions ['colcon_pkg']
[0.256s] Level 1:colcon.colcon_core.package_identification:_identify(colcon_ws/src) by extension 'colcon_pkg'
[0.256s] Level 1:colcon.colcon_core.package_identification:_identify(colcon_ws/src) by extensions ['colcon_meta']
[0.256s] Level 1:colcon.colcon_core.package_identification:_identify(colcon_ws/src) by extension 'colcon_meta'
[0.256s] Level 1:colcon.colcon_core.package_identification:_identify(colcon_ws/src) by extensions ['ros']
[0.256s] Level 1:colcon.colcon_core.package_identification:_identify(colcon_ws/src) by extension 'ros'
[0.256s] Level 1:colcon.colcon_core.package_identification:_identify(colcon_ws/src) by extensions ['cmake', 'python']
[0.256s] Level 1:colcon.colcon_core.package_identification:_identify(colcon_ws/src) by extension 'cmake'
[0.256s] Level 1:colcon.colcon_core.package_identification:_identify(colcon_ws/src) by extension 'python'
[0.256s] Level 1:colcon.colcon_core.package_identification:_identify(colcon_ws/src) by extensions ['python_setup_py']
[0.256s] Level 1:colcon.colcon_core.package_identification:_identify(colcon_ws/src) by extension 'python_setup_py'
[0.257s] Level 1:colcon.colcon_core.package_identification:_identify(colcon_ws/src/orb_slam3_map_generator) by extensions ['ignore', 'ignore_ament_install']
[0.257s] Level 1:colcon.colcon_core.package_identification:_identify(colcon_ws/src/orb_slam3_map_generator) by extension 'ignore'
[0.257s] Level 1:colcon.colcon_core.package_identification:_identify(colcon_ws/src/orb_slam3_map_generator) by extension 'ignore_ament_install'
[0.257s] Level 1:colcon.colcon_core.package_identification:_identify(colcon_ws/src/orb_slam3_map_generator) by extensions ['colcon_pkg']
[0.257s] Level 1:colcon.colcon_core.package_identification:_identify(colcon_ws/src/orb_slam3_map_generator) by extension 'colcon_pkg'
[0.257s] Level 1:colcon.colcon_core.package_identification:_identify(colcon_ws/src/orb_slam3_map_generator) by extensions ['colcon_meta']
[0.257s] Level 1:colcon.colcon_core.package_identification:_identify(colcon_ws/src/orb_slam3_map_generator) by extension 'colcon_meta'
[0.257s] Level 1:colcon.colcon_core.package_identification:_identify(colcon_ws/src/orb_slam3_map_generator) by extensions ['ros']
[0.257s] Level 1:colcon.colcon_core.package_identification:_identify(colcon_ws/src/orb_slam3_map_generator) by extension 'ros'
[0.261s] DEBUG:colcon.colcon_core.package_identification:Package 'colcon_ws/src/orb_slam3_map_generator' with type 'ros.ament_cmake' and name 'orb_slam3_map_generator'
[0.261s] Level 1:colcon.colcon_core.package_identification:_identify(colcon_ws/src/orb_slam3_navigator) by extensions ['ignore', 'ignore_ament_install']
[0.261s] Level 1:colcon.colcon_core.package_identification:_identify(colcon_ws/src/orb_slam3_navigator) by extension 'ignore'
[0.261s] Level 1:colcon.colcon_core.package_identification:_identify(colcon_ws/src/orb_slam3_navigator) by extension 'ignore_ament_install'
[0.261s] Level 1:colcon.colcon_core.package_identification:_identify(colcon_ws/src/orb_slam3_navigator) by extensions ['colcon_pkg']
[0.261s] Level 1:colcon.colcon_core.package_identification:_identify(colcon_ws/src/orb_slam3_navigator) by extension 'colcon_pkg'
[0.261s] Level 1:colcon.colcon_core.package_identification:_identify(colcon_ws/src/orb_slam3_navigator) by extensions ['colcon_meta']
[0.261s] Level 1:colcon.colcon_core.package_identification:_identify(colcon_ws/src/orb_slam3_navigator) by extension 'colcon_meta'
[0.262s] Level 1:colcon.colcon_core.package_identification:_identify(colcon_ws/src/orb_slam3_navigator) by extensions ['ros']
[0.262s] Level 1:colcon.colcon_core.package_identification:_identify(colcon_ws/src/orb_slam3_navigator) by extension 'ros'
[0.262s] DEBUG:colcon.colcon_core.package_identification:Package 'colcon_ws/src/orb_slam3_navigator' with type 'ros.ament_python' and name 'orb_slam3_navigator'
[0.262s] Level 1:colcon.colcon_core.package_identification:_identify(colcon_ws/src/orb_slam3_ros2_wrapper) by extensions ['ignore', 'ignore_ament_install']
[0.262s] Level 1:colcon.colcon_core.package_identification:_identify(colcon_ws/src/orb_slam3_ros2_wrapper) by extension 'ignore'
[0.262s] Level 1:colcon.colcon_core.package_identification:_identify(colcon_ws/src/orb_slam3_ros2_wrapper) by extension 'ignore_ament_install'
[0.262s] Level 1:colcon.colcon_core.package_identification:_identify(colcon_ws/src/orb_slam3_ros2_wrapper) by extensions ['colcon_pkg']
[0.262s] Level 1:colcon.colcon_core.package_identification:_identify(colcon_ws/src/orb_slam3_ros2_wrapper) by extension 'colcon_pkg'
[0.262s] Level 1:colcon.colcon_core.package_identification:_identify(colcon_ws/src/orb_slam3_ros2_wrapper) by extensions ['colcon_meta']
[0.262s] Level 1:colcon.colcon_core.package_identification:_identify(colcon_ws/src/orb_slam3_ros2_wrapper) by extension 'colcon_meta'
[0.262s] Level 1:colcon.colcon_core.package_identification:_identify(colcon_ws/src/orb_slam3_ros2_wrapper) by extensions ['ros']
[0.263s] Level 1:colcon.colcon_core.package_identification:_identify(colcon_ws/src/orb_slam3_ros2_wrapper) by extension 'ros'
[0.264s] DEBUG:colcon.colcon_core.package_identification:Package 'colcon_ws/src/orb_slam3_ros2_wrapper' with type 'ros.ament_cmake' and name 'orb_slam3_ros2_wrapper'
[0.264s] Level 1:colcon.colcon_core.package_identification:_identify(colcon_ws/src/slam_msgs) by extensions ['ignore', 'ignore_ament_install']
[0.264s] Level 1:colcon.colcon_core.package_identification:_identify(colcon_ws/src/slam_msgs) by extension 'ignore'
[0.264s] Level 1:colcon.colcon_core.package_identification:_identify(colcon_ws/src/slam_msgs) by extension 'ignore_ament_install'
[0.264s] Level 1:colcon.colcon_core.package_identification:_identify(colcon_ws/src/slam_msgs) by extensions ['colcon_pkg']
[0.264s] Level 1:colcon.colcon_core.package_identification:_identify(colcon_ws/src/slam_msgs) by extension 'colcon_pkg'
[0.264s] Level 1:colcon.colcon_core.package_identification:_identify(colcon_ws/src/slam_msgs) by extensions ['colcon_meta']
[0.264s] Level 1:colcon.colcon_core.package_identification:_identify(colcon_ws/src/slam_msgs) by extension 'colcon_meta'
[0.264s] Level 1:colcon.colcon_core.package_identification:_identify(colcon_ws/src/slam_msgs) by extensions ['ros']
[0.264s] Level 1:colcon.colcon_core.package_identification:_identify(colcon_ws/src/slam_msgs) by extension 'ros'
[0.265s] DEBUG:colcon.colcon_core.package_identification:Package 'colcon_ws/src/slam_msgs' with type 'ros.ament_cmake' and name 'slam_msgs'
[0.265s] Level 1:colcon.colcon_core.package_identification:_identify(install) by extensions ['ignore', 'ignore_ament_install']
[0.265s] Level 1:colcon.colcon_core.package_identification:_identify(install) by extension 'ignore'
[0.265s] Level 1:colcon.colcon_core.package_identification:_identify(install) ignored
[0.265s] Level 1:colcon.colcon_core.package_identification:_identify(log) by extensions ['ignore', 'ignore_ament_install']
[0.265s] Level 1:colcon.colcon_core.package_identification:_identify(log) by extension 'ignore'
[0.265s] Level 1:colcon.colcon_core.package_identification:_identify(log) ignored
[0.266s] Level 1:colcon.colcon_core.package_identification:_identify(shell_scripts) by extensions ['ignore', 'ignore_ament_install']
[0.266s] Level 1:colcon.colcon_core.package_identification:_identify(shell_scripts) by extension 'ignore'
[0.266s] Level 1:colcon.colcon_core.package_identification:_identify(shell_scripts) by extension 'ignore_ament_install'
[0.266s] Level 1:colcon.colcon_core.package_identification:_identify(shell_scripts) by extensions ['colcon_pkg']
[0.266s] Level 1:colcon.colcon_core.package_identification:_identify(shell_scripts) by extension 'colcon_pkg'
[0.266s] Level 1:colcon.colcon_core.package_identification:_identify(shell_scripts) by extensions ['colcon_meta']
[0.266s] Level 1:colcon.colcon_core.package_identification:_identify(shell_scripts) by extension 'colcon_meta'
[0.266s] Level 1:colcon.colcon_core.package_identification:_identify(shell_scripts) by extensions ['ros']
[0.266s] Level 1:colcon.colcon_core.package_identification:_identify(shell_scripts) by extension 'ros'
[0.266s] Level 1:colcon.colcon_core.package_identification:_identify(shell_scripts) by extensions ['cmake', 'python']
[0.266s] Level 1:colcon.colcon_core.package_identification:_identify(shell_scripts) by extension 'cmake'
[0.266s] Level 1:colcon.colcon_core.package_identification:_identify(shell_scripts) by extension 'python'
[0.266s] Level 1:colcon.colcon_core.package_identification:_identify(shell_scripts) by extensions ['python_setup_py']
[0.266s] Level 1:colcon.colcon_core.package_identification:_identify(shell_scripts) by extension 'python_setup_py'
[0.266s] Level 1:colcon.colcon_core.package_discovery:discover_packages(recursive) using defaults
[0.266s] Level 1:colcon.colcon_core.package_discovery:discover_packages(ignore) discover
[0.266s] Level 1:colcon.colcon_core.package_discovery:discover_packages(ignore) using defaults
[0.266s] Level 1:colcon.colcon_core.package_discovery:discover_packages(path) discover
[0.266s] Level 1:colcon.colcon_core.package_discovery:discover_packages(path) using defaults
[0.286s] Level 5:colcon.colcon_core.verb:set package 'orb_slam3_navigator' build argument 'cmake_args' from command line to 'None'
[0.286s] Level 5:colcon.colcon_core.verb:set package 'orb_slam3_navigator' build argument 'cmake_target' from command line to 'None'
[0.286s] Level 5:colcon.colcon_core.verb:set package 'orb_slam3_navigator' build argument 'cmake_target_skip_unavailable' from command line to 'False'
[0.286s] Level 5:colcon.colcon_core.verb:set package 'orb_slam3_navigator' build argument 'cmake_clean_cache' from command line to 'False'
[0.286s] Level 5:colcon.colcon_core.verb:set package 'orb_slam3_navigator' build argument 'cmake_clean_first' from command line to 'False'
[0.286s] Level 5:colcon.colcon_core.verb:set package 'orb_slam3_navigator' build argument 'cmake_force_configure' from command line to 'False'
[0.286s] Level 5:colcon.colcon_core.verb:set package 'orb_slam3_navigator' build argument 'ament_cmake_args' from command line to 'None'
[0.286s] Level 5:colcon.colcon_core.verb:set package 'orb_slam3_navigator' build argument 'catkin_cmake_args' from command line to 'None'
[0.286s] Level 5:colcon.colcon_core.verb:set package 'orb_slam3_navigator' build argument 'catkin_skip_building_tests' from command line to 'False'
[0.286s] DEBUG:colcon.colcon_core.verb:Building package 'orb_slam3_navigator' with the following arguments: {'ament_cmake_args': None, 'build_base': '/root/build/orb_slam3_navigator', 'catkin_cmake_args': None, 'catkin_skip_building_tests': False, 'cmake_args': None, 'cmake_clean_cache': False, 'cmake_clean_first': False, 'cmake_force_configure': False, 'cmake_target': None, 'cmake_target_skip_unavailable': False, 'install_base': '/root/install/orb_slam3_navigator', 'merge_install': False, 'path': '/root/colcon_ws/src/orb_slam3_navigator', 'symlink_install': True, 'test_result_base': None}
[0.287s] Level 5:colcon.colcon_core.verb:set package 'slam_msgs' build argument 'cmake_args' from command line to 'None'
[0.287s] Level 5:colcon.colcon_core.verb:set package 'slam_msgs' build argument 'cmake_target' from command line to 'None'
[0.287s] Level 5:colcon.colcon_core.verb:set package 'slam_msgs' build argument 'cmake_target_skip_unavailable' from command line to 'False'
[0.287s] Level 5:colcon.colcon_core.verb:set package 'slam_msgs' build argument 'cmake_clean_cache' from command line to 'False'
[0.287s] Level 5:colcon.colcon_core.verb:set package 'slam_msgs' build argument 'cmake_clean_first' from command line to 'False'
[0.287s] Level 5:colcon.colcon_core.verb:set package 'slam_msgs' build argument 'cmake_force_configure' from command line to 'False'
[0.287s] Level 5:colcon.colcon_core.verb:set package 'slam_msgs' build argument 'ament_cmake_args' from command line to 'None'
[0.287s] Level 5:colcon.colcon_core.verb:set package 'slam_msgs' build argument 'catkin_cmake_args' from command line to 'None'
[0.287s] Level 5:colcon.colcon_core.verb:set package 'slam_msgs' build argument 'catkin_skip_building_tests' from command line to 'False'
[0.287s] DEBUG:colcon.colcon_core.verb:Building package 'slam_msgs' with the following arguments: {'ament_cmake_args': None, 'build_base': '/root/build/slam_msgs', 'catkin_cmake_args': None, 'catkin_skip_building_tests': False, 'cmake_args': None, 'cmake_clean_cache': False, 'cmake_clean_first': False, 'cmake_force_configure': False, 'cmake_target': None, 'cmake_target_skip_unavailable': False, 'install_base': '/root/install/slam_msgs', 'merge_install': False, 'path': '/root/colcon_ws/src/slam_msgs', 'symlink_install': True, 'test_result_base': None}
[0.287s] Level 5:colcon.colcon_core.verb:set package 'orb_slam3_map_generator' build argument 'cmake_args' from command line to 'None'
[0.287s] Level 5:colcon.colcon_core.verb:set package 'orb_slam3_map_generator' build argument 'cmake_target' from command line to 'None'
[0.287s] Level 5:colcon.colcon_core.verb:set package 'orb_slam3_map_generator' build argument 'cmake_target_skip_unavailable' from command line to 'False'
[0.287s] Level 5:colcon.colcon_core.verb:set package 'orb_slam3_map_generator' build argument 'cmake_clean_cache' from command line to 'False'
[0.287s] Level 5:colcon.colcon_core.verb:set package 'orb_slam3_map_generator' build argument 'cmake_clean_first' from command line to 'False'
[0.287s] Level 5:colcon.colcon_core.verb:set package 'orb_slam3_map_generator' build argument 'cmake_force_configure' from command line to 'False'
[0.287s] Level 5:colcon.colcon_core.verb:set package 'orb_slam3_map_generator' build argument 'ament_cmake_args' from command line to 'None'
[0.287s] Level 5:colcon.colcon_core.verb:set package 'orb_slam3_map_generator' build argument 'catkin_cmake_args' from command line to 'None'
[0.287s] Level 5:colcon.colcon_core.verb:set package 'orb_slam3_map_generator' build argument 'catkin_skip_building_tests' from command line to 'False'
[0.287s] DEBUG:colcon.colcon_core.verb:Building package 'orb_slam3_map_generator' with the following arguments: {'ament_cmake_args': None, 'build_base': '/root/build/orb_slam3_map_generator', 'catkin_cmake_args': None, 'catkin_skip_building_tests': False, 'cmake_args': None, 'cmake_clean_cache': False, 'cmake_clean_first': False, 'cmake_force_configure': False, 'cmake_target': None, 'cmake_target_skip_unavailable': False, 'install_base': '/root/install/orb_slam3_map_generator', 'merge_install': False, 'path': '/root/colcon_ws/src/orb_slam3_map_generator', 'symlink_install': True, 'test_result_base': None}
[0.288s] Level 5:colcon.colcon_core.verb:set package 'orb_slam3_ros2_wrapper' build argument 'cmake_args' from command line to 'None'
[0.288s] Level 5:colcon.colcon_core.verb:set package 'orb_slam3_ros2_wrapper' build argument 'cmake_target' from command line to 'None'
[0.288s] Level 5:colcon.colcon_core.verb:set package 'orb_slam3_ros2_wrapper' build argument 'cmake_target_skip_unavailable' from command line to 'False'
[0.288s] Level 5:colcon.colcon_core.verb:set package 'orb_slam3_ros2_wrapper' build argument 'cmake_clean_cache' from command line to 'False'
[0.288s] Level 5:colcon.colcon_core.verb:set package 'orb_slam3_ros2_wrapper' build argument 'cmake_clean_first' from command line to 'False'
[0.288s] Level 5:colcon.colcon_core.verb:set package 'orb_slam3_ros2_wrapper' build argument 'cmake_force_configure' from command line to 'False'
[0.288s] Level 5:colcon.colcon_core.verb:set package 'orb_slam3_ros2_wrapper' build argument 'ament_cmake_args' from command line to 'None'
[0.288s] Level 5:colcon.colcon_core.verb:set package 'orb_slam3_ros2_wrapper' build argument 'catkin_cmake_args' from command line to 'None'
[0.288s] Level 5:colcon.colcon_core.verb:set package 'orb_slam3_ros2_wrapper' build argument 'catkin_skip_building_tests' from command line to 'False'
[0.288s] DEBUG:colcon.colcon_core.verb:Building package 'orb_slam3_ros2_wrapper' with the following arguments: {'ament_cmake_args': None, 'build_base': '/root/build/orb_slam3_ros2_wrapper', 'catkin_cmake_args': None, 'catkin_skip_building_tests': False, 'cmake_args': None, 'cmake_clean_cache': False, 'cmake_clean_first': False, 'cmake_force_configure': False, 'cmake_target': None, 'cmake_target_skip_unavailable': False, 'install_base': '/root/install/orb_slam3_ros2_wrapper', 'merge_install': False, 'path': '/root/colcon_ws/src/orb_slam3_ros2_wrapper', 'symlink_install': True, 'test_result_base': None}
[0.288s] INFO:colcon.colcon_core.executor:Executing jobs using 'parallel' executor
[0.289s] DEBUG:colcon.colcon_parallel_executor.executor.parallel:run_until_complete
[0.290s] INFO:colcon.colcon_ros.task.ament_cmake.build:Building ROS package in '/root/colcon_ws/src/slam_msgs' with build type 'ament_cmake'
[0.290s] INFO:colcon.colcon_cmake.task.cmake.build:Building CMake package in '/root/colcon_ws/src/slam_msgs'
[0.292s] INFO:colcon.colcon_core.plugin_system:Skipping extension 'colcon_core.shell.bat': Not used on non-Windows systems
[0.292s] INFO:colcon.colcon_core.shell:Skip shell extension 'powershell' for command environment: Not usable outside of PowerShell
[0.292s] DEBUG:colcon.colcon_core.shell:Skip shell extension 'dsv' for command environment
[0.296s] INFO:colcon.colcon_ros.task.ament_python.build:Building ROS package in '/root/colcon_ws/src/orb_slam3_navigator' with build type 'ament_python'
[0.296s] Level 1:colcon.colcon_core.shell:create_environment_hook('orb_slam3_navigator', 'ament_prefix_path')
[0.297s] INFO:colcon.colcon_core.shell:Creating environment hook '/root/install/orb_slam3_navigator/share/orb_slam3_navigator/hook/ament_prefix_path.ps1'
[0.303s] INFO:colcon.colcon_core.shell:Creating environment descriptor '/root/install/orb_slam3_navigator/share/orb_slam3_navigator/hook/ament_prefix_path.dsv'
[0.303s] INFO:colcon.colcon_core.shell:Creating environment hook '/root/install/orb_slam3_navigator/share/orb_slam3_navigator/hook/ament_prefix_path.sh'
[0.304s] INFO:colcon.colcon_core.shell:Skip shell extension 'powershell' for command environment: Not usable outside of PowerShell
[0.304s] DEBUG:colcon.colcon_core.shell:Skip shell extension 'dsv' for command environment
[0.309s] DEBUG:colcon.colcon_core.event_handler.log_command:Invoking command in '/root/build/slam_msgs': CMAKE_PREFIX_PATH=${CMAKE_PREFIX_PATH}:/root/colcon_ws/install/orb_slam3_navigator:/opt/ros/humble /usr/bin/cmake /root/colcon_ws/src/slam_msgs -DAMENT_CMAKE_SYMLINK_INSTALL=1 -DCMAKE_INSTALL_PREFIX=/root/install/slam_msgs
[0.559s] INFO:colcon.colcon_core.task.python.build:Building Python package in '/root/colcon_ws/src/orb_slam3_navigator'
[0.559s] INFO:colcon.colcon_core.shell:Skip shell extension 'powershell' for command environment: Not usable outside of PowerShell
[0.559s] DEBUG:colcon.colcon_core.shell:Skip shell extension 'dsv' for command environment
[0.896s] DEBUG:colcon.colcon_core.event_handler.log_command:Invoking command in '/root/build/orb_slam3_navigator': PYTHONPATH=/root/build/orb_slam3_navigator/prefix_override:/usr/lib/python3/dist-packages/colcon_core/task/python/colcon_distutils_commands:/root/install/orb_slam3_navigator/lib/python3.10/site-packages:${PYTHONPATH} /usr/bin/python3 -W ignore:setup.py install is deprecated setup.py develop --editable --build-directory /root/build/orb_slam3_navigator/build --no-deps symlink_data
[1.333s] Level 1:colcon.colcon_core.shell:create_environment_hook('orb_slam3_navigator', 'pythonpath_develop')
[1.333s] INFO:colcon.colcon_core.shell:Creating environment hook '/root/build/orb_slam3_navigator/share/orb_slam3_navigator/hook/pythonpath_develop.ps1'
[1.333s] DEBUG:colcon.colcon_core.event_handler.log_command:Invoked command in '/root/build/orb_slam3_navigator' returned '0': PYTHONPATH=/root/build/orb_slam3_navigator/prefix_override:/usr/lib/python3/dist-packages/colcon_core/task/python/colcon_distutils_commands:/root/install/orb_slam3_navigator/lib/python3.10/site-packages:${PYTHONPATH} /usr/bin/python3 -W ignore:setup.py install is deprecated setup.py develop --editable --build-directory /root/build/orb_slam3_navigator/build --no-deps symlink_data
[1.334s] INFO:colcon.colcon_core.shell:Creating environment descriptor '/root/build/orb_slam3_navigator/share/orb_slam3_navigator/hook/pythonpath_develop.dsv'
[1.334s] INFO:colcon.colcon_core.shell:Creating environment hook '/root/build/orb_slam3_navigator/share/orb_slam3_navigator/hook/pythonpath_develop.sh'
[1.337s] Level 1:colcon.colcon_core.environment:checking '/root/install/orb_slam3_navigator' for CMake module files
[1.337s] Level 1:colcon.colcon_core.environment:checking '/root/install/orb_slam3_navigator' for CMake config files
[1.338s] Level 1:colcon.colcon_core.environment:checking '/root/install/orb_slam3_navigator/lib'
[1.338s] Level 1:colcon.colcon_core.environment:checking '/root/install/orb_slam3_navigator/bin'
[1.338s] Level 1:colcon.colcon_core.environment:checking '/root/install/orb_slam3_navigator/lib/pkgconfig/orb_slam3_navigator.pc'
[1.338s] Level 1:colcon.colcon_core.environment:checking '/root/install/orb_slam3_navigator/lib/python3.10/site-packages'
[1.338s] Level 1:colcon.colcon_core.shell:create_environment_hook('orb_slam3_navigator', 'pythonpath')
[1.338s] INFO:colcon.colcon_core.shell:Creating environment hook '/root/install/orb_slam3_navigator/share/orb_slam3_navigator/hook/pythonpath.ps1'
[1.339s] INFO:colcon.colcon_core.shell:Creating environment descriptor '/root/install/orb_slam3_navigator/share/orb_slam3_navigator/hook/pythonpath.dsv'
[1.339s] INFO:colcon.colcon_core.shell:Creating environment hook '/root/install/orb_slam3_navigator/share/orb_slam3_navigator/hook/pythonpath.sh'
[1.340s] Level 1:colcon.colcon_core.environment:checking '/root/install/orb_slam3_navigator/bin'
[1.340s] Level 1:colcon.colcon_core.environment:create_environment_scripts_only(orb_slam3_navigator)
[1.340s] INFO:colcon.colcon_core.shell:Creating package script '/root/install/orb_slam3_navigator/share/orb_slam3_navigator/package.ps1'
[1.341s] INFO:colcon.colcon_core.shell:Creating package descriptor '/root/install/orb_slam3_navigator/share/orb_slam3_navigator/package.dsv'
[1.341s] INFO:colcon.colcon_core.shell:Creating package script '/root/install/orb_slam3_navigator/share/orb_slam3_navigator/package.sh'
[1.342s] INFO:colcon.colcon_core.shell:Creating package script '/root/install/orb_slam3_navigator/share/orb_slam3_navigator/package.bash'
[1.343s] INFO:colcon.colcon_core.shell:Creating package script '/root/install/orb_slam3_navigator/share/orb_slam3_navigator/package.zsh'
[1.343s] Level 1:colcon.colcon_core.environment:create_file_with_runtime_dependencies(/root/install/orb_slam3_navigator/share/colcon-core/packages/orb_slam3_navigator)
[2.655s] DEBUG:colcon.colcon_core.event_handler.log_command:Invoked command in '/root/build/slam_msgs' returned '0': CMAKE_PREFIX_PATH=${CMAKE_PREFIX_PATH}:/root/colcon_ws/install/orb_slam3_navigator:/opt/ros/humble /usr/bin/cmake /root/colcon_ws/src/slam_msgs -DAMENT_CMAKE_SYMLINK_INSTALL=1 -DCMAKE_INSTALL_PREFIX=/root/install/slam_msgs
[2.656s] DEBUG:colcon.colcon_core.event_handler.log_command:Invoking command in '/root/build/slam_msgs': CMAKE_PREFIX_PATH=${CMAKE_PREFIX_PATH}:/root/colcon_ws/install/orb_slam3_navigator:/opt/ros/humble /usr/bin/cmake --build /root/build/slam_msgs -- -j12 -l12
[9.018s] DEBUG:colcon.colcon_core.event_handler.log_command:Invoked command in '/root/build/slam_msgs' returned '0': CMAKE_PREFIX_PATH=${CMAKE_PREFIX_PATH}:/root/colcon_ws/install/orb_slam3_navigator:/opt/ros/humble /usr/bin/cmake --build /root/build/slam_msgs -- -j12 -l12
[9.181s] DEBUG:colcon.colcon_core.event_handler.log_command:Invoking command in '/root/build/slam_msgs': CMAKE_PREFIX_PATH=${CMAKE_PREFIX_PATH}:/root/colcon_ws/install/orb_slam3_navigator:/opt/ros/humble /usr/bin/cmake --install /root/build/slam_msgs
[10.746s] Level 1:colcon.colcon_core.environment:create_environment_scripts_only(slam_msgs)
[10.747s] Level 1:colcon.colcon_core.environment:checking '/root/install/slam_msgs' for CMake module files
[10.747s] DEBUG:colcon.colcon_core.event_handler.log_command:Invoked command in '/root/build/slam_msgs' returned '0': CMAKE_PREFIX_PATH=${CMAKE_PREFIX_PATH}:/root/colcon_ws/install/orb_slam3_navigator:/opt/ros/humble /usr/bin/cmake --install /root/build/slam_msgs
[10.747s] Level 1:colcon.colcon_core.environment:checking '/root/install/slam_msgs' for CMake config files
[10.749s] Level 1:colcon.colcon_core.shell:create_environment_hook('slam_msgs', 'cmake_prefix_path')
[10.750s] INFO:colcon.colcon_core.shell:Creating environment hook '/root/install/slam_msgs/share/slam_msgs/hook/cmake_prefix_path.ps1'
[10.750s] INFO:colcon.colcon_core.shell:Creating environment descriptor '/root/install/slam_msgs/share/slam_msgs/hook/cmake_prefix_path.dsv'
[10.750s] INFO:colcon.colcon_core.shell:Creating environment hook '/root/install/slam_msgs/share/slam_msgs/hook/cmake_prefix_path.sh'
[10.751s] Level 1:colcon.colcon_core.environment:checking '/root/install/slam_msgs/lib'
[10.751s] Level 1:colcon.colcon_core.shell:create_environment_hook('slam_msgs', 'ld_library_path_lib')
[10.751s] INFO:colcon.colcon_core.shell:Creating environment hook '/root/install/slam_msgs/share/slam_msgs/hook/ld_library_path_lib.ps1'
[10.752s] INFO:colcon.colcon_core.shell:Creating environment descriptor '/root/install/slam_msgs/share/slam_msgs/hook/ld_library_path_lib.dsv'
[10.752s] INFO:colcon.colcon_core.shell:Creating environment hook '/root/install/slam_msgs/share/slam_msgs/hook/ld_library_path_lib.sh'
[10.753s] Level 1:colcon.colcon_core.environment:checking '/root/install/slam_msgs/bin'
[10.753s] Level 1:colcon.colcon_core.environment:checking '/root/install/slam_msgs/lib/pkgconfig/slam_msgs.pc'
[10.753s] Level 1:colcon.colcon_core.environment:checking '/root/install/slam_msgs/lib/python3.10/site-packages'
[10.753s] Level 1:colcon.colcon_core.environment:checking '/root/install/slam_msgs/bin'
[10.754s] INFO:colcon.colcon_core.shell:Creating package script '/root/install/slam_msgs/share/slam_msgs/package.ps1'
[10.754s] INFO:colcon.colcon_core.shell:Creating package descriptor '/root/install/slam_msgs/share/slam_msgs/package.dsv'
[10.755s] INFO:colcon.colcon_core.shell:Creating package script '/root/install/slam_msgs/share/slam_msgs/package.sh'
[10.756s] INFO:colcon.colcon_core.shell:Creating package script '/root/install/slam_msgs/share/slam_msgs/package.bash'
[10.756s] INFO:colcon.colcon_core.shell:Creating package script '/root/install/slam_msgs/share/slam_msgs/package.zsh'
[10.756s] Level 1:colcon.colcon_core.environment:create_file_with_runtime_dependencies(/root/install/slam_msgs/share/colcon-core/packages/slam_msgs)
[10.915s] Level 1:colcon.colcon_core.environment:create_environment_scripts_only(slam_msgs)
[10.915s] Level 1:colcon.colcon_core.environment:checking '/root/install/slam_msgs' for CMake module files
[10.916s] Level 1:colcon.colcon_core.environment:checking '/root/install/slam_msgs' for CMake config files
[10.917s] Level 1:colcon.colcon_core.shell:create_environment_hook('slam_msgs', 'cmake_prefix_path')
[10.917s] INFO:colcon.colcon_core.shell:Creating environment hook '/root/install/slam_msgs/share/slam_msgs/hook/cmake_prefix_path.ps1'
[10.918s] INFO:colcon.colcon_core.shell:Creating environment descriptor '/root/install/slam_msgs/share/slam_msgs/hook/cmake_prefix_path.dsv'
[10.918s] INFO:colcon.colcon_core.shell:Creating environment hook '/root/install/slam_msgs/share/slam_msgs/hook/cmake_prefix_path.sh'
[10.919s] Level 1:colcon.colcon_core.environment:checking '/root/install/slam_msgs/lib'
[10.919s] Level 1:colcon.colcon_core.shell:create_environment_hook('slam_msgs', 'ld_library_path_lib')
[10.919s] INFO:colcon.colcon_core.shell:Creating environment hook '/root/install/slam_msgs/share/slam_msgs/hook/ld_library_path_lib.ps1'
[10.919s] INFO:colcon.colcon_core.shell:Creating environment descriptor '/root/install/slam_msgs/share/slam_msgs/hook/ld_library_path_lib.dsv'
[10.920s] INFO:colcon.colcon_core.shell:Creating environment hook '/root/install/slam_msgs/share/slam_msgs/hook/ld_library_path_lib.sh'
[10.920s] Level 1:colcon.colcon_core.environment:checking '/root/install/slam_msgs/bin'
[10.920s] Level 1:colcon.colcon_core.environment:checking '/root/install/slam_msgs/lib/pkgconfig/slam_msgs.pc'
[10.920s] Level 1:colcon.colcon_core.environment:checking '/root/install/slam_msgs/lib/python3.10/site-packages'
[10.921s] Level 1:colcon.colcon_core.environment:checking '/root/install/slam_msgs/bin'
[10.921s] INFO:colcon.colcon_core.shell:Creating package script '/root/install/slam_msgs/share/slam_msgs/package.ps1'
[10.921s] INFO:colcon.colcon_core.shell:Creating package descriptor '/root/install/slam_msgs/share/slam_msgs/package.dsv'
[10.922s] INFO:colcon.colcon_core.shell:Creating package script '/root/install/slam_msgs/share/slam_msgs/package.sh'
[10.923s] INFO:colcon.colcon_core.shell:Creating package script '/root/install/slam_msgs/share/slam_msgs/package.bash'
[10.923s] INFO:colcon.colcon_core.shell:Creating package script '/root/install/slam_msgs/share/slam_msgs/package.zsh'
[10.923s] Level 1:colcon.colcon_core.environment:create_file_with_runtime_dependencies(/root/install/slam_msgs/share/colcon-core/packages/slam_msgs)
[10.924s] INFO:colcon.colcon_ros.task.ament_cmake.build:Building ROS package in '/root/colcon_ws/src/orb_slam3_map_generator' with build type 'ament_cmake'
[10.924s] INFO:colcon.colcon_cmake.task.cmake.build:Building CMake package in '/root/colcon_ws/src/orb_slam3_map_generator'
[10.924s] INFO:colcon.colcon_core.shell:Skip shell extension 'powershell' for command environment: Not usable outside of PowerShell
[10.924s] DEBUG:colcon.colcon_core.shell:Skip shell extension 'dsv' for command environment
[10.928s] INFO:colcon.colcon_ros.task.ament_cmake.build:Building ROS package in '/root/colcon_ws/src/orb_slam3_ros2_wrapper' with build type 'ament_cmake'
[10.928s] INFO:colcon.colcon_cmake.task.cmake.build:Building CMake package in '/root/colcon_ws/src/orb_slam3_ros2_wrapper'
[10.928s] INFO:colcon.colcon_core.shell:Skip shell extension 'powershell' for command environment: Not usable outside of PowerShell
[10.928s] DEBUG:colcon.colcon_core.shell:Skip shell extension 'dsv' for command environment
[10.934s] DEBUG:colcon.colcon_core.event_handler.log_command:Invoking command in '/root/build/orb_slam3_map_generator': AMENT_PREFIX_PATH=/root/install/slam_msgs:${AMENT_PREFIX_PATH} CMAKE_PREFIX_PATH=/root/install/slam_msgs:/root/colcon_ws/install/orb_slam3_ros2_wrapper:/root/colcon_ws/install/orb_slam3_map_generator:/root/colcon_ws/install/slam_msgs:/root/colcon_ws/install/orb_slam3_navigator:/opt/ros/humble LD_LIBRARY_PATH=/root/install/slam_msgs/lib:${LD_LIBRARY_PATH} PYTHONPATH=/root/install/slam_msgs/local/lib/python3.10/dist-packages:${PYTHONPATH} /usr/bin/cmake /root/colcon_ws/src/orb_slam3_map_generator -DAMENT_CMAKE_SYMLINK_INSTALL=1 -DCMAKE_INSTALL_PREFIX=/root/install/orb_slam3_map_generator
[10.938s] DEBUG:colcon.colcon_core.event_handler.log_command:Invoking command in '/root/build/orb_slam3_ros2_wrapper': AMENT_PREFIX_PATH=/root/install/slam_msgs:${AMENT_PREFIX_PATH} CMAKE_PREFIX_PATH=/root/install/slam_msgs:/root/colcon_ws/install/orb_slam3_ros2_wrapper:/root/colcon_ws/install/orb_slam3_map_generator:/root/colcon_ws/install/slam_msgs:/root/colcon_ws/install/orb_slam3_navigator:/opt/ros/humble LD_LIBRARY_PATH=/root/install/slam_msgs/lib:${LD_LIBRARY_PATH} PYTHONPATH=/root/install/slam_msgs/local/lib/python3.10/dist-packages:${PYTHONPATH} /usr/bin/cmake /root/colcon_ws/src/orb_slam3_ros2_wrapper -DAMENT_CMAKE_SYMLINK_INSTALL=1 -DCMAKE_INSTALL_PREFIX=/root/install/orb_slam3_ros2_wrapper
[12.662s] DEBUG:colcon.colcon_core.event_handler.log_command:Invoked command in '/root/build/orb_slam3_ros2_wrapper' returned '1': AMENT_PREFIX_PATH=/root/install/slam_msgs:${AMENT_PREFIX_PATH} CMAKE_PREFIX_PATH=/root/install/slam_msgs:/root/colcon_ws/install/orb_slam3_ros2_wrapper:/root/colcon_ws/install/orb_slam3_map_generator:/root/colcon_ws/install/slam_msgs:/root/colcon_ws/install/orb_slam3_navigator:/opt/ros/humble LD_LIBRARY_PATH=/root/install/slam_msgs/lib:${LD_LIBRARY_PATH} PYTHONPATH=/root/install/slam_msgs/local/lib/python3.10/dist-packages:${PYTHONPATH} /usr/bin/cmake /root/colcon_ws/src/orb_slam3_ros2_wrapper -DAMENT_CMAKE_SYMLINK_INSTALL=1 -DCMAKE_INSTALL_PREFIX=/root/install/orb_slam3_ros2_wrapper
[12.674s] Level 1:colcon.colcon_core.environment:create_environment_scripts_only(orb_slam3_ros2_wrapper)
[12.675s] Level 1:colcon.colcon_core.environment:checking '/root/install/orb_slam3_ros2_wrapper' for CMake module files
[12.675s] Level 1:colcon.colcon_core.environment:checking '/root/install/orb_slam3_ros2_wrapper' for CMake config files
[12.675s] Level 1:colcon.colcon_core.environment:checking '/root/install/orb_slam3_ros2_wrapper/bin'
[12.676s] Level 1:colcon.colcon_core.environment:checking '/root/install/orb_slam3_ros2_wrapper/lib/pkgconfig/orb_slam3_ros2_wrapper.pc'
[12.676s] Level 1:colcon.colcon_core.environment:checking '/root/install/orb_slam3_ros2_wrapper/lib/python3.10/site-packages'
[12.676s] Level 1:colcon.colcon_core.environment:checking '/root/install/orb_slam3_ros2_wrapper/bin'
[12.676s] INFO:colcon.colcon_core.shell:Creating package script '/root/install/orb_slam3_ros2_wrapper/share/orb_slam3_ros2_wrapper/package.ps1'
[12.677s] INFO:colcon.colcon_core.shell:Creating package descriptor '/root/install/orb_slam3_ros2_wrapper/share/orb_slam3_ros2_wrapper/package.dsv'
[12.677s] INFO:colcon.colcon_core.shell:Creating package script '/root/install/orb_slam3_ros2_wrapper/share/orb_slam3_ros2_wrapper/package.sh'
[12.677s] INFO:colcon.colcon_core.shell:Creating package script '/root/install/orb_slam3_ros2_wrapper/share/orb_slam3_ros2_wrapper/package.bash'
[12.678s] INFO:colcon.colcon_core.shell:Creating package script '/root/install/orb_slam3_ros2_wrapper/share/orb_slam3_ros2_wrapper/package.zsh'
[12.678s] Level 1:colcon.colcon_core.environment:create_file_with_runtime_dependencies(/root/install/orb_slam3_ros2_wrapper/share/colcon-core/packages/orb_slam3_ros2_wrapper)
[14.256s] DEBUG:colcon.colcon_parallel_executor.executor.parallel:closing loop
[14.256s] DEBUG:colcon.colcon_parallel_executor.executor.parallel:loop closed
[14.256s] DEBUG:colcon.colcon_parallel_executor.executor.parallel:run_until_complete finished with '1'
[14.256s] DEBUG:colcon.colcon_core.event_reactor:joining thread
[14.262s] INFO:colcon.colcon_core.plugin_system:Skipping extension 'colcon_notification.desktop_notification.notify_send': Could not find 'notify-send'
[14.262s] INFO:colcon.colcon_core.plugin_system:Skipping extension 'colcon_notification.desktop_notification.terminal_notifier': Not used on non-Darwin systems
[14.262s] INFO:colcon.colcon_core.plugin_system:Skipping extension 'colcon_notification.desktop_notification.win32': Not used on non-Windows systems
[14.262s] INFO:colcon.colcon_notification.desktop_notification:Sending desktop notification using 'notify2'
[14.265s] DEBUG:colcon.colcon_notification.desktop_notification.notify2:Failed to initialize notify2: org.freedesktop.DBus.Error.Spawn.ExecFailed: /usr/bin/dbus-launch terminated abnormally without any error message
[14.265s] DEBUG:colcon.colcon_core.event_reactor:joined thread
[14.266s] INFO:colcon.colcon_core.shell:Creating prefix script '/root/install/local_setup.ps1'
[14.267s] INFO:colcon.colcon_core.shell:Creating prefix util module '/root/install/_local_setup_util_ps1.py'
[14.270s] INFO:colcon.colcon_core.shell:Creating prefix chain script '/root/install/setup.ps1'
[14.271s] INFO:colcon.colcon_core.shell:Creating prefix script '/root/install/local_setup.sh'
[14.272s] INFO:colcon.colcon_core.shell:Creating prefix util module '/root/install/_local_setup_util_sh.py'
[14.272s] INFO:colcon.colcon_core.shell:Creating prefix chain script '/root/install/setup.sh'
[14.273s] INFO:colcon.colcon_core.shell:Creating prefix script '/root/install/local_setup.bash'
[14.274s] INFO:colcon.colcon_core.shell:Creating prefix chain script '/root/install/setup.bash'
[14.275s] INFO:colcon.colcon_core.shell:Creating prefix script '/root/install/local_setup.zsh'
[14.276s] INFO:colcon.colcon_core.shell:Creating prefix chain script '/root/install/setup.zsh'
