[0.009s] Invoking command in '/root/build/orb_slam3_map_generator': AMENT_PREFIX_PATH=/root/install/slam_msgs:${AMENT_PREFIX_PATH} CMAKE_PREFIX_PATH=/root/install/slam_msgs:/root/colcon_ws/install/orb_slam3_ros2_wrapper:/root/colcon_ws/install/orb_slam3_map_generator:/root/colcon_ws/install/slam_msgs:/root/colcon_ws/install/orb_slam3_navigator:/opt/ros/humble LD_LIBRARY_PATH=/root/install/slam_msgs/lib:${LD_LIBRARY_PATH} PYTHONPATH=/root/install/slam_msgs/local/lib/python3.10/dist-packages:${PYTHONPATH} /usr/bin/cmake /root/colcon_ws/src/orb_slam3_map_generator -DAMENT_CMAKE_SYMLINK_INSTALL=1 -DCMAKE_INSTALL_PREFIX=/root/install/orb_slam3_map_generator
[0.059s] -- The C compiler identification is GNU 11.4.0
[0.111s] -- The CXX compiler identification is GNU 11.4.0
[0.119s] -- Detecting C compiler ABI info
[0.183s] -- Detecting C compiler ABI info - done
[0.190s] -- Check for working C compiler: /usr/bin/cc - skipped
[0.190s] -- Detecting C compile features
[0.191s] -- Detecting C compile features - done
[0.194s] -- Detecting CXX compiler ABI info
[0.266s] -- Detecting CXX compiler ABI info - done
[0.274s] -- Check for working CXX compiler: /usr/bin/c++ - skipped
[0.274s] -- Detecting CXX compile features
[0.275s] -- Detecting CXX compile features - done
[0.275s] [0mBuild type: Release[0m
[0.277s] -- Found ament_cmake_auto: 1.3.10 (/opt/ros/humble/share/ament_cmake_auto/cmake)
[0.430s] -- Found Python3: /usr/bin/python3 (found version "3.10.12") found components: Interpreter 
[0.492s] -- Override CMake install command with custom implementation using symlinks instead of copying resources
[0.527s] -- Found rclcpp: 16.0.10 (/opt/ros/humble/share/rclcpp/cmake)
[0.575s] -- Found rosidl_generator_c: 3.1.5 (/opt/ros/humble/share/rosidl_generator_c/cmake)
[0.581s] -- Found rosidl_adapter: 3.1.5 (/opt/ros/humble/share/rosidl_adapter/cmake)
[0.591s] -- Found rosidl_generator_cpp: 3.1.5 (/opt/ros/humble/share/rosidl_generator_cpp/cmake)
[0.604s] -- Using all available rosidl_typesupport_c: rosidl_typesupport_fastrtps_c;rosidl_typesupport_introspection_c
[0.623s] -- Using all available rosidl_typesupport_cpp: rosidl_typesupport_fastrtps_cpp;rosidl_typesupport_introspection_cpp
[0.689s] -- Found rmw_implementation_cmake: 6.1.2 (/opt/ros/humble/share/rmw_implementation_cmake/cmake)
[0.693s] -- Found rmw_fastrtps_cpp: 6.2.7 (/opt/ros/humble/share/rmw_fastrtps_cpp/cmake)
[0.792s] -- Found OpenSSL: /usr/lib/x86_64-linux-gnu/libcrypto.so (found version "3.0.2")  
[0.823s] -- Found FastRTPS: /opt/ros/humble/include  
[0.872s] -- Using RMW implementation 'rmw_fastrtps_cpp' as default
[0.883s] -- Looking for pthread.h
[0.950s] -- Looking for pthread.h - found
[0.950s] -- Performing Test CMAKE_HAVE_LIBC_PTHREAD
[1.018s] -- Performing Test CMAKE_HAVE_LIBC_PTHREAD - Success
[1.019s] -- Found Threads: TRUE  
[1.076s] -- Found sensor_msgs: 4.2.4 (/opt/ros/humble/share/sensor_msgs/cmake)
[1.109s] -- Found cv_bridge: 3.2.1 (/opt/ros/humble/share/cv_bridge/cmake)
[1.118s] -- Found message_filters: 4.3.5 (/opt/ros/humble/share/message_filters/cmake)
[1.139s] -- Found tf2_ros: 0.25.7 (/opt/ros/humble/share/tf2_ros/cmake)
[1.248s] -- Found tf2_eigen: 0.25.7 (/opt/ros/humble/share/tf2_eigen/cmake)
[1.253s] -- Found tf2_geometry_msgs: 0.25.7 (/opt/ros/humble/share/tf2_geometry_msgs/cmake)
[1.262s] -- Found eigen3_cmake_module: 0.1.1 (/opt/ros/humble/share/eigen3_cmake_module/cmake)
[1.263s] -- Found Eigen3: TRUE (found version "3.4.0") 
[1.263s] -- Ensuring Eigen3 include directory is part of orocos-kdl CMake target
[1.265s] -- Found slam_msgs: 1.0.0 (/root/install/slam_msgs/share/slam_msgs/cmake)
[1.286s] -- Found nav_msgs: 4.2.4 (/opt/ros/humble/share/nav_msgs/cmake)
[1.310s] -- Found std_srvs: 4.2.4 (/opt/ros/humble/share/std_srvs/cmake)
[1.325s] -- Found image_transport: 3.1.9 (/opt/ros/humble/share/image_transport/cmake)
[1.353s] -- Found tf2_sensor_msgs: 0.25.7 (/opt/ros/humble/share/tf2_sensor_msgs/cmake)
[1.360s] -- Found pcl_conversions: 2.4.5 (/opt/ros/humble/share/pcl_conversions/cmake)
[1.396s] -- Checking for module 'eigen3'
[1.407s] --   Found eigen3, version 3.4.0
[1.439s] -- Found Eigen: /usr/include/eigen3 (Required is at least version "3.1") 
[1.440s] -- Eigen found (include: /usr/include/eigen3, version: 3.4.0)
[1.493s] -- Checking for module 'flann'
[1.504s] --   Found flann, version 1.9.1
[1.537s] -- Found FLANN: /usr/lib/x86_64-linux-gnu/libflann_cpp.so  
[1.537s] -- FLANN found (include: /usr/include, lib: /usr/lib/x86_64-linux-gnu/libflann_cpp.so)
[2.395s] -- Checking for module 'libusb-1.0'
[2.408s] --   Found libusb-1.0, version 1.0.25
[2.439s] -- Found libusb: /usr/lib/x86_64-linux-gnu/libusb-1.0.so  
[2.440s] -- OpenNI found (version: 1.5.4.0, include: /usr/include/ni, lib: /usr/lib/libOpenNI.so;libusb::libusb)
[2.490s] -- OpenNI2 found (version: 2.2.0.33, include: /usr/include/openni2, lib: /usr/lib/x86_64-linux-gnu/libOpenNI2.so;libusb::libusb)
[2.630s] -- Eigen found (include: /usr/include/eigen3, version: 3.4.0)
[2.637s] -- OpenNI found (version: 1.5.4.0, include: /usr/include/ni, lib: /usr/lib/libOpenNI.so;libusb::libusb)
[2.643s] -- OpenNI2 found (version: 2.2.0.33, include: /usr/include/openni2, lib: /usr/lib/x86_64-linux-gnu/libOpenNI2.so;libusb::libusb)
[2.774s] -- Found Qhull version 8.0.2
[2.909s] -- OpenNI found (version: 1.5.4.0, include: /usr/include/ni, lib: /usr/lib/libOpenNI.so;libusb::libusb)
[3.042s] -- Found PCL_COMMON: /usr/lib/x86_64-linux-gnu/libpcl_common.so  
[3.044s] -- Found PCL_KDTREE: /usr/lib/x86_64-linux-gnu/libpcl_kdtree.so  
[3.045s] -- Found PCL_OCTREE: /usr/lib/x86_64-linux-gnu/libpcl_octree.so  
[3.046s] -- Found PCL_SEARCH: /usr/lib/x86_64-linux-gnu/libpcl_search.so  
[3.047s] -- Found PCL_SAMPLE_CONSENSUS: /usr/lib/x86_64-linux-gnu/libpcl_sample_consensus.so  
[3.048s] -- Found PCL_FILTERS: /usr/lib/x86_64-linux-gnu/libpcl_filters.so  
[3.049s] -- Found PCL_2D: /usr/include/pcl-1.12  
[3.049s] -- Found PCL_GEOMETRY: /usr/include/pcl-1.12  
[3.050s] -- Found PCL_IO: /usr/lib/x86_64-linux-gnu/libpcl_io.so  
[3.051s] -- Found PCL_FEATURES: /usr/lib/x86_64-linux-gnu/libpcl_features.so  
[3.052s] -- Found PCL_ML: /usr/lib/x86_64-linux-gnu/libpcl_ml.so  
[3.053s] -- Found PCL_SEGMENTATION: /usr/lib/x86_64-linux-gnu/libpcl_segmentation.so  
[3.054s] -- Found PCL_VISUALIZATION: /usr/lib/x86_64-linux-gnu/libpcl_visualization.so  
[3.055s] -- Found PCL_SURFACE: /usr/lib/x86_64-linux-gnu/libpcl_surface.so  
[3.056s] -- Found PCL_REGISTRATION: /usr/lib/x86_64-linux-gnu/libpcl_registration.so  
[3.057s] -- Found PCL_KEYPOINTS: /usr/lib/x86_64-linux-gnu/libpcl_keypoints.so  
[3.058s] -- Found PCL_TRACKING: /usr/lib/x86_64-linux-gnu/libpcl_tracking.so  
[3.059s] -- Found PCL_RECOGNITION: /usr/lib/x86_64-linux-gnu/libpcl_recognition.so  
[3.060s] -- Found PCL_STEREO: /usr/lib/x86_64-linux-gnu/libpcl_stereo.so  
[3.060s] -- Found PCL_APPS: /usr/lib/x86_64-linux-gnu/libpcl_apps.so  
[3.061s] -- Found PCL_IN_HAND_SCANNER: /usr/include/pcl-1.12  
[3.062s] -- Found PCL_MODELER: /usr/include/pcl-1.12  
[3.062s] -- Found PCL_POINT_CLOUD_EDITOR: /usr/include/pcl-1.12  
[3.063s] -- Found PCL_OUTOFCORE: /usr/lib/x86_64-linux-gnu/libpcl_outofcore.so  
[3.064s] -- Found PCL_PEOPLE: /usr/lib/x86_64-linux-gnu/libpcl_people.so  
[3.065s] [33mCMake Warning (dev) at CMakeLists.txt:39 (find_package):
[3.065s]   Policy CMP0074 is not set: find_package uses <PackageName>_ROOT variables.
[3.065s]   Run "cmake --help-policy CMP0074" for policy details.  Use the cmake_policy
[3.065s]   command to set the policy and suppress this warning.
[3.065s] 
[3.065s]   CMake variable PCL_ROOT is set to:
[3.066s] 
[3.066s]     /usr
[3.066s] 
[3.066s]   For compatibility, CMake is ignoring the variable.
[3.066s] This warning is for project developers.  Use -Wno-dev to suppress it.
[3.066s] [0m
[3.184s] -- Configuring done
[3.301s] -- Generating done
[3.304s] -- Build files have been written to: /root/build/orb_slam3_map_generator
