[0.014s] Invoking command in '/root/build/orb_slam3_ros2_wrapper': CMAKE_PREFIX_PATH=${CMAKE_PREFIX_PATH}:/root/colcon_ws/install/orb_slam3_navigator:/opt/ros/humble /usr/bin/cmake /root/colcon_ws/src/orb_slam3_ros2_wrapper -DCMAKE_INSTALL_PREFIX=/root/install/orb_slam3_ros2_wrapper
[0.179s] -- The C compiler identification is GNU 11.4.0
[0.275s] -- The CXX compiler identification is GNU 11.4.0
[0.284s] -- Detecting C compiler ABI info
[0.352s] -- Detecting C compiler ABI info - done
[0.362s] -- Check for working C compiler: /usr/bin/cc - skipped
[0.362s] -- Detecting C compile features
[0.363s] -- Detecting C compile features - done
[0.367s] -- Detecting CXX compiler ABI info
[0.439s] -- Detecting CXX compiler ABI info - done
[0.447s] -- Check for working CXX compiler: /usr/bin/c++ - skipped
[0.447s] -- Detecting CXX compile features
[0.447s] -- Detecting CXX compile features - done
[0.448s] [0mBuild type: Release[0m
[0.450s] -- Found ament_cmake_auto: 1.3.10 (/opt/ros/humble/share/ament_cmake_auto/cmake)
[0.598s] -- Found Python3: /usr/bin/python3 (found version "3.10.12") found components: Interpreter 
[0.701s] -- Found rclcpp: 16.0.10 (/opt/ros/humble/share/rclcpp/cmake)
[0.762s] -- Found rosidl_generator_c: 3.1.5 (/opt/ros/humble/share/rosidl_generator_c/cmake)
[0.769s] -- Found rosidl_adapter: 3.1.5 (/opt/ros/humble/share/rosidl_adapter/cmake)
[0.781s] -- Found rosidl_generator_cpp: 3.1.5 (/opt/ros/humble/share/rosidl_generator_cpp/cmake)
[0.796s] -- Using all available rosidl_typesupport_c: rosidl_typesupport_fastrtps_c;rosidl_typesupport_introspection_c
[0.817s] -- Using all available rosidl_typesupport_cpp: rosidl_typesupport_fastrtps_cpp;rosidl_typesupport_introspection_cpp
[0.876s] -- Found rmw_implementation_cmake: 6.1.2 (/opt/ros/humble/share/rmw_implementation_cmake/cmake)
[0.880s] -- Found rmw_fastrtps_cpp: 6.2.7 (/opt/ros/humble/share/rmw_fastrtps_cpp/cmake)
[0.979s] -- Found OpenSSL: /usr/lib/x86_64-linux-gnu/libcrypto.so (found version "3.0.2")  
[1.010s] -- Found FastRTPS: /opt/ros/humble/include  
[1.058s] -- Using RMW implementation 'rmw_fastrtps_cpp' as default
[1.070s] -- Looking for pthread.h
[1.153s] -- Looking for pthread.h - found
[1.153s] -- Performing Test CMAKE_HAVE_LIBC_PTHREAD
[1.223s] -- Performing Test CMAKE_HAVE_LIBC_PTHREAD - Success
[1.224s] -- Found Threads: TRUE  
[1.300s] -- Found sensor_msgs: 4.2.4 (/opt/ros/humble/share/sensor_msgs/cmake)
[1.339s] -- Found cv_bridge: 3.2.1 (/opt/ros/humble/share/cv_bridge/cmake)
[1.349s] -- Found message_filters: 4.3.5 (/opt/ros/humble/share/message_filters/cmake)
[1.378s] -- Found ORB_SLAM3: /home/orb/ORB_SLAM3/lib/libORB_SLAM3.so  
[1.380s] -- Found tf2_ros: 0.25.7 (/opt/ros/humble/share/tf2_ros/cmake)
[1.505s] -- Found tf2_eigen: 0.25.7 (/opt/ros/humble/share/tf2_eigen/cmake)
[1.508s] -- Found slam_msgs: 1.0.0 (/root/colcon_ws/install/slam_msgs/share/slam_msgs/cmake)
[1.532s] -- Found nav_msgs: 4.2.4 (/opt/ros/humble/share/nav_msgs/cmake)
[1.554s] -- Found tf2_geometry_msgs: 0.25.7 (/opt/ros/humble/share/tf2_geometry_msgs/cmake)
[1.565s] -- Found eigen3_cmake_module: 0.1.1 (/opt/ros/humble/share/eigen3_cmake_module/cmake)
[1.567s] -- Found Eigen3: TRUE (found version "3.4.0") 
[1.567s] -- Ensuring Eigen3 include directory is part of orocos-kdl CMake target
[1.583s] -- Found Eigen: /usr/include/eigen3 (Required is at least version "3.1") 
[1.616s] -- Found Boost: /usr/lib/x86_64-linux-gnu/cmake/Boost-1.74.0/BoostConfig.cmake (found suitable version "1.74.0", minimum required is "1.65.0") found components: system filesystem date_time iostreams serialization 
[1.637s] -- Checking for module 'flann'
[1.649s] --   Found flann, version 1.9.1
[1.682s] -- Found FLANN: /usr/lib/x86_64-linux-gnu/libflann_cpp.so  
[1.682s] -- FLANN found (include: /usr/include, lib: /usr/lib/x86_64-linux-gnu/libflann_cpp.so)
[1.723s] -- Found GLEW: /usr/lib/x86_64-linux-gnu/libGLEW.so  
[1.730s] -- Found OpenGL: /usr/lib/x86_64-linux-gnu/libOpenGL.so  found components: OpenGL GLX 
[1.877s] -- Found MPI_C: /usr/lib/x86_64-linux-gnu/libmpi.so (found version "3.1") 
[1.877s] -- Found MPI: TRUE (found version "3.1") found components: C 
[1.881s] -- Found JsonCpp: /usr/lib/x86_64-linux-gnu/libjsoncpp.so (found suitable version "1.9.5", minimum required is "0.7.0") 
[1.890s] -- Found ZLIB: /usr/lib/x86_64-linux-gnu/libz.so (found version "1.2.11") 
[1.904s] -- Found PNG: /usr/lib/x86_64-linux-gnu/libpng.so (found version "1.6.37") 
[1.927s] -- Found Eigen3: /usr/include/eigen3 (found version "3.4.0") 
[2.003s] -- Found X11: /usr/include   
[2.003s] -- Looking for XOpenDisplay in /usr/lib/x86_64-linux-gnu/libX11.so;/usr/lib/x86_64-linux-gnu/libXext.so
[2.071s] -- Looking for XOpenDisplay in /usr/lib/x86_64-linux-gnu/libX11.so;/usr/lib/x86_64-linux-gnu/libXext.so - found
[2.071s] -- Looking for gethostbyname
[2.131s] -- Looking for gethostbyname - found
[2.131s] -- Looking for connect
[2.197s] -- Looking for connect - found
[2.197s] -- Looking for remove
[2.262s] -- Looking for remove - found
[2.262s] -- Looking for shmat
[2.325s] -- Looking for shmat - found
[2.325s] -- Looking for IceConnectionNumber in ICE
[2.386s] -- Looking for IceConnectionNumber in ICE - found
[2.451s] -- Found EXPAT: /usr/lib/x86_64-linux-gnu/libexpat.so (found version "2.4.7") 
[2.453s] -- Found double-conversion: /usr/lib/x86_64-linux-gnu/libdouble-conversion.so  
[2.455s] -- Found LZ4: /usr/lib/x86_64-linux-gnu/liblz4.so (found version "1.9.3") 
[2.457s] -- Found LZMA: /usr/lib/x86_64-linux-gnu/liblzma.so (found version "5.2.5") 
[2.495s] -- Found JPEG: /usr/lib/x86_64-linux-gnu/libjpeg.so (found version "80") 
[2.500s] -- Found TIFF: /usr/lib/x86_64-linux-gnu/libtiff.so (found version "4.3.0")  
[2.503s] -- Found Freetype: /usr/lib/x86_64-linux-gnu/libfreetype.so (found version "2.11.1") 
[2.510s] -- Found utf8cpp: /usr/include/utf8cpp  
[2.581s] -- Checking for module 'libusb-1.0'
[2.593s] --   Found libusb-1.0, version 1.0.25
[2.621s] -- Found libusb: /usr/lib/x86_64-linux-gnu/libusb-1.0.so  
[2.622s] -- Found OpenNI: /usr/lib/libOpenNI.so;libusb::libusb (found version "1.5.4.0") 
[2.622s] -- OpenNI found (version: 1.5.4.0, include: /usr/include/ni, lib: /usr/lib/libOpenNI.so;libusb::libusb)
[2.669s] -- Found OpenNI2: /usr/lib/x86_64-linux-gnu/libOpenNI2.so;libusb::libusb (found version "2.2.0.33") 
[2.669s] -- OpenNI2 found (version: 2.2.0.33, include: /usr/include/openni2, lib: /usr/lib/x86_64-linux-gnu/libOpenNI2.so;libusb::libusb)
[2.669s] [0m** WARNING ** io features related to pcap will be disabled[0m
[2.815s] -- OpenNI found (version: 1.5.4.0, include: /usr/include/ni, lib: /usr/lib/libOpenNI.so;libusb::libusb)
[2.821s] -- OpenNI2 found (version: 2.2.0.33, include: /usr/include/openni2, lib: /usr/lib/x86_64-linux-gnu/libOpenNI2.so;libusb::libusb)
[2.961s] -- Found Qhull version 8.0.2
[3.118s] -- OpenNI found (version: 1.5.4.0, include: /usr/include/ni, lib: /usr/lib/libOpenNI.so;libusb::libusb)
[3.246s] -- looking for PCL_COMMON
[3.252s] -- Found PCL_COMMON: /usr/lib/x86_64-linux-gnu/libpcl_common.so  
[3.252s] -- looking for PCL_KDTREE
[3.253s] -- Found PCL_KDTREE: /usr/lib/x86_64-linux-gnu/libpcl_kdtree.so  
[3.253s] -- looking for PCL_OCTREE
[3.254s] -- Found PCL_OCTREE: /usr/lib/x86_64-linux-gnu/libpcl_octree.so  
[3.254s] -- looking for PCL_SEARCH
[3.255s] -- Found PCL_SEARCH: /usr/lib/x86_64-linux-gnu/libpcl_search.so  
[3.255s] -- looking for PCL_SAMPLE_CONSENSUS
[3.256s] -- Found PCL_SAMPLE_CONSENSUS: /usr/lib/x86_64-linux-gnu/libpcl_sample_consensus.so  
[3.256s] -- looking for PCL_FILTERS
[3.257s] -- Found PCL_FILTERS: /usr/lib/x86_64-linux-gnu/libpcl_filters.so  
[3.257s] -- looking for PCL_2D
[3.257s] -- Found PCL_2D: /usr/include/pcl-1.12  
[3.257s] -- looking for PCL_GEOMETRY
[3.258s] -- Found PCL_GEOMETRY: /usr/include/pcl-1.12  
[3.258s] -- looking for PCL_IO
[3.259s] -- Found PCL_IO: /usr/lib/x86_64-linux-gnu/libpcl_io.so  
[3.259s] -- looking for PCL_FEATURES
[3.259s] -- Found PCL_FEATURES: /usr/lib/x86_64-linux-gnu/libpcl_features.so  
[3.260s] -- looking for PCL_ML
[3.261s] -- Found PCL_ML: /usr/lib/x86_64-linux-gnu/libpcl_ml.so  
[3.261s] -- looking for PCL_SEGMENTATION
[3.261s] -- Found PCL_SEGMENTATION: /usr/lib/x86_64-linux-gnu/libpcl_segmentation.so  
[3.262s] -- looking for PCL_VISUALIZATION
[3.262s] -- Found PCL_VISUALIZATION: /usr/lib/x86_64-linux-gnu/libpcl_visualization.so  
[3.263s] -- looking for PCL_SURFACE
[3.263s] -- Found PCL_SURFACE: /usr/lib/x86_64-linux-gnu/libpcl_surface.so  
[3.264s] -- looking for PCL_REGISTRATION
[3.264s] -- Found PCL_REGISTRATION: /usr/lib/x86_64-linux-gnu/libpcl_registration.so  
[3.265s] -- looking for PCL_KEYPOINTS
[3.265s] -- Found PCL_KEYPOINTS: /usr/lib/x86_64-linux-gnu/libpcl_keypoints.so  
[3.265s] -- looking for PCL_TRACKING
[3.266s] -- Found PCL_TRACKING: /usr/lib/x86_64-linux-gnu/libpcl_tracking.so  
[3.266s] -- looking for PCL_RECOGNITION
[3.267s] -- Found PCL_RECOGNITION: /usr/lib/x86_64-linux-gnu/libpcl_recognition.so  
[3.267s] -- looking for PCL_STEREO
[3.268s] -- Found PCL_STEREO: /usr/lib/x86_64-linux-gnu/libpcl_stereo.so  
[3.268s] -- looking for PCL_APPS
[3.269s] -- Found PCL_APPS: /usr/lib/x86_64-linux-gnu/libpcl_apps.so  
[3.270s] -- looking for PCL_IN_HAND_SCANNER
[3.270s] -- Found PCL_IN_HAND_SCANNER: /usr/include/pcl-1.12  
[3.270s] -- looking for PCL_MODELER
[3.270s] -- Found PCL_MODELER: /usr/include/pcl-1.12  
[3.270s] -- looking for PCL_POINT_CLOUD_EDITOR
[3.271s] -- Found PCL_POINT_CLOUD_EDITOR: /usr/include/pcl-1.12  
[3.271s] -- looking for PCL_OUTOFCORE
[3.272s] -- Found PCL_OUTOFCORE: /usr/lib/x86_64-linux-gnu/libpcl_outofcore.so  
[3.272s] -- looking for PCL_PEOPLE
[3.273s] -- Found PCL_PEOPLE: /usr/lib/x86_64-linux-gnu/libpcl_people.so  
[3.274s] -- Found PCL: pcl_common;pcl_kdtree;pcl_octree;pcl_search;pcl_sample_consensus;pcl_filters;pcl_io;pcl_features;pcl_ml;pcl_segmentation;pcl_visualization;pcl_surface;pcl_registration;pcl_keypoints;pcl_tracking;pcl_recognition;pcl_stereo;pcl_apps;pcl_outofcore;pcl_people;Boost::system;Boost::filesystem;Boost::date_time;Boost::iostreams;Boost::serialization;/usr/lib/libOpenNI.so;libusb::libusb;/usr/lib/x86_64-linux-gnu/libOpenNI2.so;libusb::libusb;VTK::ChartsCore;VTK::CommonColor;VTK::CommonComputationalGeometry;VTK::CommonCore;VTK::CommonDataModel;VTK::CommonExecutionModel;VTK::CommonMath;VTK::CommonMisc;VTK::CommonTransforms;VTK::FiltersCore;VTK::FiltersExtraction;VTK::FiltersGeneral;VTK::FiltersGeometry;VTK::FiltersModeling;VTK::FiltersSources;VTK::ImagingCore;VTK::ImagingSources;VTK::InteractionImage;VTK::InteractionStyle;VTK::InteractionWidgets;VTK::IOCore;VTK::IOGeometry;VTK::IOImage;VTK::IOLegacy;VTK::IOPLY;VTK::RenderingAnnotation;VTK::RenderingCore;VTK::RenderingContext2D;VTK::RenderingLOD;VTK::RenderingFreeType;VTK::ViewsCore;VTK::ViewsContext2D;VTK::RenderingOpenGL2;VTK::GUISupportQt;FLANN::FLANN;QHULL::QHULL  
[3.276s] -- Found pcl_ros: 2.4.5 (/opt/ros/humble/share/pcl_ros/cmake)
[3.354s] [33mCMake Warning at CMakeLists.txt:109 (find_package):
[3.354s]   By not providing "Findgtest.cmake" in CMAKE_MODULE_PATH this project has
[3.354s]   asked CMake to find a package configuration file provided by "gtest", but
[3.354s]   CMake did not find one.
[3.354s] 
[3.354s]   Could not find a package configuration file provided by "gtest" with any of
[3.355s]   the following names:
[3.355s] 
[3.355s]     gtestConfig.cmake
[3.355s]     gtest-config.cmake
[3.355s] 
[3.355s]   Add the installation prefix of "gtest" to CMAKE_PREFIX_PATH or set
[3.355s]   "gtest_DIR" to a directory containing one of the above files.  If "gtest"
[3.355s]   provides a separate development package or SDK, be sure it has been
[3.355s]   installed.
[3.355s] 
[3.355s] [0m
[3.356s] -- Found ament_cmake_gtest: 1.3.10 (/opt/ros/humble/share/ament_cmake_gtest/cmake)
[3.360s] -- Found gtest sources under '/opt/ros/humble/src/gtest_vendor': C++ tests using 'Google Test' will be built
[3.440s] -- Configuring done
[3.451s] [31mCMake Error at CMakeLists.txt:93 (add_executable):
[3.451s]   Cannot find source file:
[3.451s] 
[3.451s]     src/orb_slam3_multi_map_fusion.cpp
[3.451s] 
[3.451s]   Tried extensions .c .C .c++ .cc .cpp .cxx .cu .mpp .m .M .mm .ixx .cppm .h
[3.451s]   .hh .h++ .hm .hpp .hxx .in .txx .f .F .for .f77 .f90 .f95 .f03 .hip .ispc
[3.451s] 
[3.452s] [0m
[3.455s] [31mCMake Error at CMakeLists.txt:93 (add_executable):
[3.455s]   No SOURCES given to target: orb_slam3_multi_map_fusion
[3.455s] 
[3.455s] [0m
[3.455s] [0mCMake Generate step failed.  Build files cannot be regenerated correctly.[0m
[3.472s] Invoked command in '/root/build/orb_slam3_ros2_wrapper' returned '1': CMAKE_PREFIX_PATH=${CMAKE_PREFIX_PATH}:/root/colcon_ws/install/orb_slam3_navigator:/opt/ros/humble /usr/bin/cmake /root/colcon_ws/src/orb_slam3_ros2_wrapper -DCMAKE_INSTALL_PREFIX=/root/install/orb_slam3_ros2_wrapper
